******************************************************************************
                  TI ARM Linker PC v20.2.5                     
******************************************************************************
>> Linked Mon Dec 29 15:46:11 2025

OUTPUT FILE NAME:   <odev3.out>
ENTRY POINT SYMBOL: "_c_int00_noargs"  address: 000028c1


MEMORY CONFIGURATION

         name            origin    length      used     unused   attr    fill
----------------------  --------  ---------  --------  --------  ----  --------
  FLASH                 00000000   00040000  00002daa  0003d256  R  X
  SRAM                  20000000   00008000  00000484  00007b7c  RW X


SEGMENT ALLOCATION MAP

run origin  load origin   length   init length attrs members
----------  ----------- ---------- ----------- ----- -------
00000000    00000000    00002db0   00002db0    r-x
  00000000    00000000    0000026c   0000026c    r-- .intvecs
  0000026c    0000026c    000028da   000028da    r-x .text
  00002b48    00002b48    00000224   00000224    r-- .const
  00002d70    00002d70    00000040   00000040    r-- .cinit
20000000    20000000    00000488   00000000    rw-
  20000000    20000000    0000026c   00000000    rw- .vtable
  20000270    20000270    00000200   00000000    rw- .stack
  20000470    20000470    00000018   00000000    rw- .data


SECTION ALLOCATION MAP

 output                                  attributes/
section   page    origin      length       input sections
--------  ----  ----------  ----------   ----------------
.intvecs   0    00000000    0000026c     
                  00000000    0000026c     tm4c123gh6pm_startup_ccs.obj (.intvecs)

.text      0    0000026c    000028da     
                  0000026c    00000a4e     rtsv7M4_T_le_v4SPD16_eabi.lib : _printfi.c.obj (.text:__TI_printfi)
                  00000cba    00000002                                   : div0.asm.obj (.text)
                  00000cbc    000003b0     main.obj (.text)
                  0000106c    00000270     rtsv7M4_T_le_v4SPD16_eabi.lib : _printfi.c.obj (.text:_pconv_a)
                  000012dc    000001d0                                   : _printfi.c.obj (.text:_pconv_g)
                  000014ac    000001b6                                   : fd_add_t2.asm.obj (.text)
                  00001662    00000002     --HOLE-- [fill = 0]
                  00001664    0000016c     driverlib.lib : gpio.obj (.text:GPIOPadConfigSet)
                  000017d0    0000013c     rtsv7M4_T_le_v4SPD16_eabi.lib : _printfi.c.obj (.text:_pconv_e)
                  0000190c    00000136                                   : fd_div_t2.asm.obj (.text)
                  00001a42    00000002     --HOLE-- [fill = 0]
                  00001a44    00000124                                   : _printfi.c.obj (.text:fcvt)
                  00001b68    00000118     driverlib.lib : sysctl.obj (.text:SysCtlClockGet)
                  00001c80    00000110     rtsv7M4_T_le_v4SPD16_eabi.lib : s_scalbn.c.obj (.text:scalbn)
                  00001d90    000000fc                                   : fd_mul_t2.asm.obj (.text)
                  00001e8c    000000f4     driverlib.lib : sysctl.obj (.text:SysCtlClockSet)
                  00001f80    000000b1     rtsv7M4_T_le_v4SPD16_eabi.lib : _printfi.c.obj (.text:_ltostr)
                  00002031    00000001     --HOLE-- [fill = 0]
                  00002032    0000009c                                   : memcpy_t2.asm.obj (.text)
                  000020ce    00000096                                   : ull_div_t2.asm.obj (.text)
                  00002164    00000086                                   : fd_cmp_t2.asm.obj (.text:__aeabi_cdcmple)
                  000021ea    00000086                                   : fd_cmp_t2.asm.obj (.text:__aeabi_cdrcmple)
                  00002270    0000007a     driverlib.lib : adc.obj (.text:ADCSequenceStepConfigure)
                  000022ea    0000007a     rtsv7M4_T_le_v4SPD16_eabi.lib : memset_t2.asm.obj (.text)
                  00002364    0000006e                                   : _printfi.c.obj (.text:_mcpy)
                  000023d2    00000002     --HOLE-- [fill = 0]
                  000023d4    00000068     driverlib.lib : interrupt.obj (.text:IntEnable)
                  0000243c    00000068     rtsv7M4_T_le_v4SPD16_eabi.lib : copy_decompress_lzss.c.obj (.text:decompress:lzss:__TI_decompress_lzss)
                  000024a4    00000064                                   : s_frexp.c.obj (.text:frexp)
                  00002508    00000060     driverlib.lib : timer.obj (.text:TimerConfigure)
                  00002568    00000056     rtsv7M4_T_le_v4SPD16_eabi.lib : _printfi.c.obj (.text:_pconv_f)
                  000025be    00000054                                   : _ltoa.c.obj (.text:__TI_ltoa)
                  00002612    00000052                                   : _printfi.c.obj (.text:_ecpy)
                  00002664    0000004e     driverlib.lib : adc.obj (.text:ADCSequenceConfigure)
                  000026b2    00000002     --HOLE-- [fill = 0]
                  000026b4    0000004c                   : timer.obj (.text:_TimerIntNumberGet)
                  00002700    0000004c     rtsv7M4_T_le_v4SPD16_eabi.lib : atoi.c.obj (.text:atoi)
                  0000274c    00000048                                   : fd_toi_t2.asm.obj (.text)
                  00002794    00000044                                   : autoinit.c.obj (.text:__TI_auto_init_nobinit_nopinit:__TI_auto_init_nobinit_nopinit)
                  000027d8    00000040                                   : sprintf.c.obj (.text:sprintf)
                  00002818    0000003e                                   : _printfi.c.obj (.text:_fcpy)
                  00002856    00000002     --HOLE-- [fill = 0]
                  00002858    00000034     driverlib.lib : interrupt.obj (.text:IntRegister)
                  0000288c    00000034                   : sysctl.obj (.text:SysCtlPeripheralEnable)
                  000028c0    00000034     rtsv7M4_T_le_v4SPD16_eabi.lib : boot_cortex_m.c.obj (.text:_c_int00_noargs:_c_int00_noargs)
                  000028f4    0000002e     driverlib.lib : adc.obj (.text:ADCIntStatus)
                  00002922    0000002e     rtsv7M4_T_le_v4SPD16_eabi.lib : i_tofd_t2.asm.obj (.text)
                  00002950    0000002c     driverlib.lib : gpio.obj (.text:GPIODirModeSet)
                  0000297c    0000001e                   : adc.obj (.text:ADCSequenceDataGet)
                  0000299a    0000001c     rtsv7M4_T_le_v4SPD16_eabi.lib : copy_zero_init.c.obj (.text:decompress:ZI:__TI_zero_init_nomemset:__TI_zero_init_nomemset)
                  000029b6    0000001c                                   : memccpy.c.obj (.text:memccpy)
                  000029d2    0000001a     driverlib.lib : gpio.obj (.text:GPIOPinTypeGPIOOutput)
                  000029ec    0000001a     rtsv7M4_T_le_v4SPD16_eabi.lib : s_copysign.c.obj (.text:copysign)
                  00002a06    00000018     driverlib.lib : adc.obj (.text:ADCProcessorTrigger)
                  00002a1e    00000018                   : timer.obj (.text:TimerIntRegister)
                  00002a36    00000018     rtsv7M4_T_le_v4SPD16_eabi.lib : sprintf.c.obj (.text:_outs)
                  00002a4e    00000016     driverlib.lib : gpio.obj (.text:GPIOPinTypeADC)
                  00002a64    00000016     rtsv7M4_T_le_v4SPD16_eabi.lib : strchr.c.obj (.text:strchr)
                  00002a7a    00000014                                   : strlen.c.obj (.text:strlen)
                  00002a8e    00000012     driverlib.lib : timer.obj (.text:TimerLoadSet)
                  00002aa0    00000012     rtsv7M4_T_le_v4SPD16_eabi.lib : wcslen.c.obj (.text:wcslen)
                  00002ab2    00000010     driverlib.lib : interrupt.obj (.text:IntMasterEnable)
                  00002ac2    0000000e                   : adc.obj (.text:ADCSequenceEnable)
                  00002ad0    0000000e                   : timer.obj (.text:TimerEnable)
                  00002ade    0000000e     rtsv7M4_T_le_v4SPD16_eabi.lib : copy_decompress_none.c.obj (.text:decompress:none:__TI_decompress_none)
                  00002aec    0000000c     driverlib.lib : cpu.obj (.text:CPUcpsie)
                  00002af8    0000000c     tm4c123gh6pm_startup_ccs.obj (.text)
                  00002b04    0000000a     driverlib.lib : adc.obj (.text:ADCIntClear)
                  00002b0e    0000000a     rtsv7M4_T_le_v4SPD16_eabi.lib : sprintf.c.obj (.text:_outc)
                  00002b18    00000008     driverlib.lib : timer.obj (.text:TimerIntEnable)
                  00002b20    00000008     rtsv7M4_T_le_v4SPD16_eabi.lib : errno.c.obj (.text:__aeabi_errno_addr)
                  00002b28    00000006     driverlib.lib : gpio.obj (.text:GPIOPinRead)
                  00002b2e    00000006                   : gpio.obj (.text:GPIOPinWrite)
                  00002b34    00000006                   : sysctl.obj (.text:SysCtlDelay)
                  00002b3a    00000004                   : timer.obj (.text:TimerIntClear)
                  00002b3e    00000004     rtsv7M4_T_le_v4SPD16_eabi.lib : pre_init.c.obj (.text:_system_pre_init)
                  00002b42    00000004                                   : exit.c.obj (.text:abort:abort)

.const     0    00002b48    00000224     
                  00002b48    00000101     rtsv7M4_T_le_v4SPD16_eabi.lib : ctype.c.obj (.const:.string:_ctypes_)
                  00002c49    00000003     --HOLE-- [fill = 0]
                  00002c4c    0000006c     driverlib.lib : sysctl.obj (.const:g_pui32Xtals)
                  00002cb8    00000060                   : timer.obj (.const:g_ppui32TimerIntMap)
                  00002d18    00000040                   : timer.obj (.const:g_ppui32TimerIntMapSnowflake)
                  00002d58    00000014                   : interrupt.obj (.const:g_pui32EnRegs)

.cinit     0    00002d70    00000040     
                  00002d70    00000016     (.cinit..data.load) [load image, compression = lzss]
                  00002d86    00000002     --HOLE-- [fill = 0]
                  00002d88    0000000c     (__TI_handler_table)
                  00002d94    00000004     --HOLE-- [fill = 0]
                  00002d98    00000008     (.cinit..vtable.load) [load image, compression = zero_init]
                  00002da0    00000010     (__TI_cinit_table)

.init_array 
*          0    00000000    00000000     UNINITIALIZED

.vtable    0    20000000    0000026c     UNINITIALIZED
                  20000000    0000026c     driverlib.lib : interrupt.obj (.vtable)

.data      0    20000470    00000018     UNINITIALIZED
                  20000470    00000014     main.obj (.data)
                  20000484    00000004     rtsv7M4_T_le_v4SPD16_eabi.lib : errno.c.obj (.data)

.stack     0    20000270    00000200     UNINITIALIZED
                  20000270    00000004     rtsv7M4_T_le_v4SPD16_eabi.lib : boot_cortex_m.c.obj (.stack)
                  20000274    000001fc     --HOLE--

__llvm_prf_cnts 
*          0    20000000    00000000     UNINITIALIZED

MODULE SUMMARY

       Module                         code    ro data   rw data
       ------                         ----    -------   -------
    .\
       main.obj                       944     0         20     
       tm4c123gh6pm_startup_ccs.obj   12      620       0      
    +--+------------------------------+-------+---------+---------+
       Total:                         956     620       20     
                                                               
    C:/ti/TivaWare_C_Series-2.2.0.295/driverlib/ccs/Debug/driverlib.lib
       interrupt.obj                  172     20        620    
       sysctl.obj                     582     108       0      
       gpio.obj                       468     0         0      
       timer.obj                      240     160       0      
       adc.obj                        324     0         0      
       cpu.obj                        12      0         0      
    +--+------------------------------+-------+---------+---------+
       Total:                         1798    288       620    
                                                               
    C:\ti\ccs1040\ccs\tools\compiler\ti-cgt-arm_20.2.5.LTS\lib\rtsv7M4_T_le_v4SPD16_eabi.lib
       _printfi.c.obj                 4851    0         0      
       fd_add_t2.asm.obj              438     0         0      
       fd_div_t2.asm.obj              310     0         0      
       s_scalbn.c.obj                 272     0         0      
       fd_cmp_t2.asm.obj              268     0         0      
       ctype.c.obj                    0       257       0      
       fd_mul_t2.asm.obj              252     0         0      
       memcpy_t2.asm.obj              156     0         0      
       ull_div_t2.asm.obj             150     0         0      
       memset_t2.asm.obj              122     0         0      
       copy_decompress_lzss.c.obj     104     0         0      
       s_frexp.c.obj                  100     0         0      
       sprintf.c.obj                  98      0         0      
       _ltoa.c.obj                    84      0         0      
       atoi.c.obj                     76      0         0      
       fd_toi_t2.asm.obj              72      0         0      
       autoinit.c.obj                 68      0         0      
       boot_cortex_m.c.obj            52      0         0      
       i_tofd_t2.asm.obj              46      0         0      
       copy_zero_init.c.obj           28      0         0      
       memccpy.c.obj                  28      0         0      
       s_copysign.c.obj               26      0         0      
       strchr.c.obj                   22      0         0      
       strlen.c.obj                   20      0         0      
       wcslen.c.obj                   18      0         0      
       copy_decompress_none.c.obj     14      0         0      
       errno.c.obj                    8       0         4      
       exit.c.obj                     4       0         0      
       pre_init.c.obj                 4       0         0      
       div0.asm.obj                   2       0         0      
    +--+------------------------------+-------+---------+---------+
       Total:                         7693    257       4      
                                                               
       Stack:                         0       0         512    
       Linker Generated:              0       58        0      
    +--+------------------------------+-------+---------+---------+
       Grand Total:                   10447   1223      1156   


LINKER GENERATED COPY TABLES

__TI_cinit_table @ 00002da0 records: 2, size/record: 8, table size: 16
	.data: load addr=00002d70, load size=00000016 bytes, run addr=20000470, run size=00000018 bytes, compression=lzss
	.vtable: load addr=00002d98, load size=00000008 bytes, run addr=20000000, run size=0000026c bytes, compression=zero_init


LINKER GENERATED HANDLER TABLE

__TI_handler_table @ 00002d88 records: 3, size/record: 4, table size: 12
	index: 0, handler: __TI_zero_init
	index: 1, handler: __TI_decompress_lzss
	index: 2, handler: __TI_decompress_none


GLOBAL SYMBOLS: SORTED ALPHABETICALLY BY Name 

address   name                          
-------   ----                          
00002b05  ADCIntClear                   
000028f5  ADCIntStatus                  
00002a07  ADCProcessorTrigger           
00002665  ADCSequenceConfigure          
0000297d  ADCSequenceDataGet            
00002ac3  ADCSequenceEnable             
00002271  ADCSequenceStepConfigure      
00002b43  C$$EXIT                       
00002aed  CPUcpsie                      
00002951  GPIODirModeSet                
00001665  GPIOPadConfigSet              
00002b29  GPIOPinRead                   
00002a4f  GPIOPinTypeADC                
000029d3  GPIOPinTypeGPIOOutput         
00002b2f  GPIOPinWrite                  
000023d5  IntEnable                     
00002ab3  IntMasterEnable               
00002859  IntRegister                   
00002af9  ResetISR                      
00001b69  SysCtlClockGet                
00001e8d  SysCtlClockSet                
00002b35  SysCtlDelay                   
0000288d  SysCtlPeripheralEnable        
00002509  TimerConfigure                
00002ad1  TimerEnable                   
00002b3b  TimerIntClear                 
00002b19  TimerIntEnable                
00002a1f  TimerIntRegister              
00002a8f  TimerLoadSet                  
20000470  __STACK_END                   
00000200  __STACK_SIZE                  
20000470  __STACK_TOP                   
00002da0  __TI_CINIT_Base               
00002db0  __TI_CINIT_Limit              
00002d88  __TI_Handler_Table_Base       
00002d94  __TI_Handler_Table_Limit      
00002795  __TI_auto_init_nobinit_nopinit
0000243d  __TI_decompress_lzss          
00002adf  __TI_decompress_none          
000025bf  __TI_ltoa                     
ffffffff  __TI_pprof_out_hndl           
0000026d  __TI_printfi                  
ffffffff  __TI_prof_data_size           
ffffffff  __TI_prof_data_start          
00000000  __TI_static_base__            
0000299b  __TI_zero_init_nomemset       
00002165  __aeabi_cdcmpeq               
00002165  __aeabi_cdcmple               
000021eb  __aeabi_cdrcmple              
0000274d  __aeabi_d2iz                  
000014b7  __aeabi_dadd                  
0000190d  __aeabi_ddiv                  
00001d91  __aeabi_dmul                  
000014ad  __aeabi_dsub                  
00002b21  __aeabi_errno_addr            
00002923  __aeabi_i2d                   
00000cbb  __aeabi_idiv0                 
00000cbb  __aeabi_ldiv0                 
000022eb  __aeabi_memclr                
000022eb  __aeabi_memclr4               
000022eb  __aeabi_memclr8               
00002033  __aeabi_memcpy                
00002033  __aeabi_memcpy4               
00002033  __aeabi_memcpy8               
000022ed  __aeabi_memset                
000022ed  __aeabi_memset4               
000022ed  __aeabi_memset8               
000020cf  __aeabi_uldivmod              
ffffffff  __binit__                     
ffffffff  __c_args__                    
UNDEFED   __mpu_init                    
20000270  __stack                       
20000000  __start___llvm_prf_cnts       
20000000  __stop___llvm_prf_cnts        
000028c1  _c_int00_noargs               
00002b48  _ctypes_                      
UNDEFED   _system_post_cinit            
00002b3f  _system_pre_init              
00002b43  abort                         
00002701  atoi                          
ffffffff  binit                         
000029ed  copysign                      
000029ed  copysignl                     
20000474  dk                            
20000484  errno                         
000024a5  frexp                         
000024a5  frexpl                        
20000000  g_pfnRAMVectors               
00000000  g_pfnVectors                  
00000ec1  init_adc                      
00000e57  initmikro                     
00000d7d  lcd_gotoxy                    
00000cbd  lcd_init                      
00000d0f  lcd_komut                     
00000d3f  lcd_yaz                       
00001c81  ldexp                         
00001c81  ldexpl                        
00000e31  main                          
000029b7  memccpy                       
00002033  memcpy                        
000022f3  memset                        
20000478  sa                            
00000f57  saat_guncelle                 
00001c81  scalbn                        
00001c81  scalbnl                       
2000047c  sicaklik                      
00000f99  sicaklik_oku_goster           
20000470  sn                            
000027d9  sprintf                       
00002a65  strchr                        
00002a7b  strlen                        
00000ef3  timerkesme                    
00002aa1  wcslen                        


GLOBAL SYMBOLS: SORTED BY Symbol Address 

address   name                          
-------   ----                          
00000000  __TI_static_base__            
00000000  g_pfnVectors                  
00000200  __STACK_SIZE                  
0000026d  __TI_printfi                  
00000cbb  __aeabi_idiv0                 
00000cbb  __aeabi_ldiv0                 
00000cbd  lcd_init                      
00000d0f  lcd_komut                     
00000d3f  lcd_yaz                       
00000d7d  lcd_gotoxy                    
00000e31  main                          
00000e57  initmikro                     
00000ec1  init_adc                      
00000ef3  timerkesme                    
00000f57  saat_guncelle                 
00000f99  sicaklik_oku_goster           
000014ad  __aeabi_dsub                  
000014b7  __aeabi_dadd                  
00001665  GPIOPadConfigSet              
0000190d  __aeabi_ddiv                  
00001b69  SysCtlClockGet                
00001c81  ldexp                         
00001c81  ldexpl                        
00001c81  scalbn                        
00001c81  scalbnl                       
00001d91  __aeabi_dmul                  
00001e8d  SysCtlClockSet                
00002033  __aeabi_memcpy                
00002033  __aeabi_memcpy4               
00002033  __aeabi_memcpy8               
00002033  memcpy                        
000020cf  __aeabi_uldivmod              
00002165  __aeabi_cdcmpeq               
00002165  __aeabi_cdcmple               
000021eb  __aeabi_cdrcmple              
00002271  ADCSequenceStepConfigure      
000022eb  __aeabi_memclr                
000022eb  __aeabi_memclr4               
000022eb  __aeabi_memclr8               
000022ed  __aeabi_memset                
000022ed  __aeabi_memset4               
000022ed  __aeabi_memset8               
000022f3  memset                        
000023d5  IntEnable                     
0000243d  __TI_decompress_lzss          
000024a5  frexp                         
000024a5  frexpl                        
00002509  TimerConfigure                
000025bf  __TI_ltoa                     
00002665  ADCSequenceConfigure          
00002701  atoi                          
0000274d  __aeabi_d2iz                  
00002795  __TI_auto_init_nobinit_nopinit
000027d9  sprintf                       
00002859  IntRegister                   
0000288d  SysCtlPeripheralEnable        
000028c1  _c_int00_noargs               
000028f5  ADCIntStatus                  
00002923  __aeabi_i2d                   
00002951  GPIODirModeSet                
0000297d  ADCSequenceDataGet            
0000299b  __TI_zero_init_nomemset       
000029b7  memccpy                       
000029d3  GPIOPinTypeGPIOOutput         
000029ed  copysign                      
000029ed  copysignl                     
00002a07  ADCProcessorTrigger           
00002a1f  TimerIntRegister              
00002a4f  GPIOPinTypeADC                
00002a65  strchr                        
00002a7b  strlen                        
00002a8f  TimerLoadSet                  
00002aa1  wcslen                        
00002ab3  IntMasterEnable               
00002ac3  ADCSequenceEnable             
00002ad1  TimerEnable                   
00002adf  __TI_decompress_none          
00002aed  CPUcpsie                      
00002af9  ResetISR                      
00002b05  ADCIntClear                   
00002b19  TimerIntEnable                
00002b21  __aeabi_errno_addr            
00002b29  GPIOPinRead                   
00002b2f  GPIOPinWrite                  
00002b35  SysCtlDelay                   
00002b3b  TimerIntClear                 
00002b3f  _system_pre_init              
00002b43  C$$EXIT                       
00002b43  abort                         
00002b48  _ctypes_                      
00002d88  __TI_Handler_Table_Base       
00002d94  __TI_Handler_Table_Limit      
00002da0  __TI_CINIT_Base               
00002db0  __TI_CINIT_Limit              
20000000  __start___llvm_prf_cnts       
20000000  __stop___llvm_prf_cnts        
20000000  g_pfnRAMVectors               
20000270  __stack                       
20000470  __STACK_END                   
20000470  __STACK_TOP                   
20000470  sn                            
20000474  dk                            
20000478  sa                            
2000047c  sicaklik                      
20000484  errno                         
ffffffff  __TI_pprof_out_hndl           
ffffffff  __TI_prof_data_size           
ffffffff  __TI_prof_data_start          
ffffffff  __binit__                     
ffffffff  __c_args__                    
ffffffff  binit                         
UNDEFED   __mpu_init                    
UNDEFED   _system_post_cinit            

[113 symbols]
