******************************************************************************
                  TI ARM Linker PC v20.2.5                     
******************************************************************************
>> Linked Sun Nov  9 12:51:22 2025

OUTPUT FILE NAME:   <odev2lcd.out>
ENTRY POINT SYMBOL: "_c_int00_noargs"  address: 000008fd


MEMORY CONFIGURATION

         name            origin    length      used     unused   attr    fill
----------------------  --------  ---------  --------  --------  ----  --------
  FLASH                 00000000   00040000  000009d2  0003f62e  R  X
  SRAM                  20000000   00008000  00000204  00007dfc  RW X


SEGMENT ALLOCATION MAP

run origin  load origin   length   init length attrs members
----------  ----------- ---------- ----------- ----- -------
00000000    00000000    000009d8   000009d8    r-x
  00000000    00000000    0000026c   0000026c    r-- .intvecs
  0000026c    0000026c    0000074e   0000074e    r-x .text
  000009c0    000009c0    00000018   00000018    r-- .cinit
20000000    20000000    00000204   00000000    rw-
  20000000    20000000    00000200   00000000    rw- .stack
  20000200    20000200    00000004   00000000    rw- .data


SECTION ALLOCATION MAP

 output                                  attributes/
section   page    origin      length       input sections
--------  ----  ----------  ----------   ----------------
.intvecs   0    00000000    0000026c     
                  00000000    0000026c     tm4c123gh6pm_startup_ccs.obj (.intvecs)

.text      0    0000026c    0000074e     
                  0000026c    000002b4     main.obj (.text)
                  00000520    0000016c     driverlib.lib : gpio.obj (.text:GPIOPadConfigSet)
                  0000068c    000000f4                   : sysctl.obj (.text:SysCtlClockSet)
                  00000780    0000009c     rtsv7M4_T_le_v4SPD16_eabi.lib : memcpy_t2.asm.obj (.text)
                  0000081c    00000068                                   : copy_decompress_lzss.c.obj (.text:decompress:lzss:__TI_decompress_lzss)
                  00000884    00000044                                   : autoinit.c.obj (.text:__TI_auto_init_nobinit_nopinit:__TI_auto_init_nobinit_nopinit)
                  000008c8    00000034     driverlib.lib : sysctl.obj (.text:SysCtlPeripheralEnable)
                  000008fc    00000034     rtsv7M4_T_le_v4SPD16_eabi.lib : boot_cortex_m.c.obj (.text:_c_int00_noargs:_c_int00_noargs)
                  00000930    0000002c     driverlib.lib : gpio.obj (.text:GPIODirModeSet)
                  0000095c    0000001a                   : gpio.obj (.text:GPIOPinTypeGPIOOutput)
                  00000976    00000016                   : gpio.obj (.text:GPIOPinTypeGPIOInput)
                  0000098c    0000000e     rtsv7M4_T_le_v4SPD16_eabi.lib : copy_decompress_none.c.obj (.text:decompress:none:__TI_decompress_none)
                  0000099a    0000000c     tm4c123gh6pm_startup_ccs.obj (.text)
                  000009a6    00000006     driverlib.lib : gpio.obj (.text:GPIOPinWrite)
                  000009ac    00000006                   : sysctl.obj (.text:SysCtlDelay)
                  000009b2    00000004     rtsv7M4_T_le_v4SPD16_eabi.lib : pre_init.c.obj (.text:_system_pre_init)
                  000009b6    00000004                                   : exit.c.obj (.text:abort:abort)

.cinit     0    000009c0    00000018     
                  000009c0    00000008     (.cinit..data.load) [load image, compression = lzss]
                  000009c8    00000008     (__TI_handler_table)
                  000009d0    00000008     (__TI_cinit_table)

.init_array 
*          0    00000000    00000000     UNINITIALIZED

.data      0    20000200    00000004     UNINITIALIZED
                  20000200    00000004     main.obj (.data)

.stack     0    20000000    00000200     UNINITIALIZED
                  20000000    00000004     rtsv7M4_T_le_v4SPD16_eabi.lib : boot_cortex_m.c.obj (.stack)
                  20000004    000001fc     --HOLE--

__llvm_prf_cnts 
*          0    20000000    00000000     UNINITIALIZED

MODULE SUMMARY

       Module                         code   ro data   rw data
       ------                         ----   -------   -------
    .\
       main.obj                       692    0         4      
       tm4c123gh6pm_startup_ccs.obj   12     620       0      
    +--+------------------------------+------+---------+---------+
       Total:                         704    620       4      
                                                              
    C:/ti/TivaWare_C_Series-2.2.0.295/driverlib/ccs/Debug/driverlib.lib
       gpio.obj                       462    0         0      
       sysctl.obj                     302    0         0      
    +--+------------------------------+------+---------+---------+
       Total:                         764    0         0      
                                                              
    C:\ti\ccs1040\ccs\tools\compiler\ti-cgt-arm_20.2.5.LTS\lib\rtsv7M4_T_le_v4SPD16_eabi.lib
       memcpy_t2.asm.obj              156    0         0      
       copy_decompress_lzss.c.obj     104    0         0      
       autoinit.c.obj                 68     0         0      
       boot_cortex_m.c.obj            52     0         0      
       copy_decompress_none.c.obj     14     0         0      
       exit.c.obj                     4      0         0      
       pre_init.c.obj                 4      0         0      
    +--+------------------------------+------+---------+---------+
       Total:                         402    0         0      
                                                              
       Stack:                         0      0         512    
       Linker Generated:              0      24        0      
    +--+------------------------------+------+---------+---------+
       Grand Total:                   1870   644       516    


LINKER GENERATED COPY TABLES

__TI_cinit_table @ 000009d0 records: 1, size/record: 8, table size: 8
	.data: load addr=000009c0, load size=00000008 bytes, run addr=20000200, run size=00000004 bytes, compression=lzss


LINKER GENERATED HANDLER TABLE

__TI_handler_table @ 000009c8 records: 2, size/record: 4, table size: 8
	index: 0, handler: __TI_decompress_lzss
	index: 1, handler: __TI_decompress_none


GLOBAL SYMBOLS: SORTED ALPHABETICALLY BY Name 

address   name                          
-------   ----                          
000009b7  C$$EXIT                       
00000931  GPIODirModeSet                
00000521  GPIOPadConfigSet              
00000977  GPIOPinTypeGPIOInput          
0000095d  GPIOPinTypeGPIOOutput         
000009a7  GPIOPinWrite                  
000003c1  LCD_sil                       
0000099b  ResetISR                      
0000068d  SysCtlClockSet                
000009ad  SysCtlDelay                   
000008c9  SysCtlPeripheralEnable        
20000200  __STACK_END                   
00000200  __STACK_SIZE                  
20000200  __STACK_TOP                   
000009d0  __TI_CINIT_Base               
000009d8  __TI_CINIT_Limit              
000009c8  __TI_Handler_Table_Base       
000009d0  __TI_Handler_Table_Limit      
00000885  __TI_auto_init_nobinit_nopinit
0000081d  __TI_decompress_lzss          
0000098d  __TI_decompress_none          
ffffffff  __TI_pprof_out_hndl           
ffffffff  __TI_prof_data_size           
ffffffff  __TI_prof_data_start          
00000000  __TI_static_base__            
00000781  __aeabi_memcpy                
00000781  __aeabi_memcpy4               
00000781  __aeabi_memcpy8               
ffffffff  __binit__                     
ffffffff  __c_args__                    
UNDEFED   __mpu_init                    
20000000  __stack                       
20000000  __start___llvm_prf_cnts       
20000000  __stop___llvm_prf_cnts        
000008fd  _c_int00_noargs               
UNDEFED   _system_post_cinit            
000009b3  _system_pre_init              
000009b7  abort                         
0000026d  baslangic                     
ffffffff  binit                         
00000000  g_pfnVectors                  
00000335  komut_yaz                     
0000047d  main                          
00000781  memcpy                        
00000403  printf                        
00000355  satir_sutun                   
20000200  sure                          
00000429  veri                          
0000045d  veri_yaz                      


GLOBAL SYMBOLS: SORTED BY Symbol Address 

address   name                          
-------   ----                          
00000000  __TI_static_base__            
00000000  g_pfnVectors                  
00000200  __STACK_SIZE                  
0000026d  baslangic                     
00000335  komut_yaz                     
00000355  satir_sutun                   
000003c1  LCD_sil                       
00000403  printf                        
00000429  veri                          
0000045d  veri_yaz                      
0000047d  main                          
00000521  GPIOPadConfigSet              
0000068d  SysCtlClockSet                
00000781  __aeabi_memcpy                
00000781  __aeabi_memcpy4               
00000781  __aeabi_memcpy8               
00000781  memcpy                        
0000081d  __TI_decompress_lzss          
00000885  __TI_auto_init_nobinit_nopinit
000008c9  SysCtlPeripheralEnable        
000008fd  _c_int00_noargs               
00000931  GPIODirModeSet                
0000095d  GPIOPinTypeGPIOOutput         
00000977  GPIOPinTypeGPIOInput          
0000098d  __TI_decompress_none          
0000099b  ResetISR                      
000009a7  GPIOPinWrite                  
000009ad  SysCtlDelay                   
000009b3  _system_pre_init              
000009b7  C$$EXIT                       
000009b7  abort                         
000009c8  __TI_Handler_Table_Base       
000009d0  __TI_CINIT_Base               
000009d0  __TI_Handler_Table_Limit      
000009d8  __TI_CINIT_Limit              
20000000  __stack                       
20000000  __start___llvm_prf_cnts       
20000000  __stop___llvm_prf_cnts        
20000200  __STACK_END                   
20000200  __STACK_TOP                   
20000200  sure                          
ffffffff  __TI_pprof_out_hndl           
ffffffff  __TI_prof_data_size           
ffffffff  __TI_prof_data_start          
ffffffff  __binit__                     
ffffffff  __c_args__                    
ffffffff  binit                         
UNDEFED   __mpu_init                    
UNDEFED   _system_post_cinit            

[49 symbols]
