******************************************************************************
                  TI ARM Linker PC v20.2.5                     
******************************************************************************
>> Linked Mon Dec 29 15:09:24 2025

OUTPUT FILE NAME:   <7haftaodevsaat.out>
ENTRY POINT SYMBOL: "_c_int00_noargs"  address: 0000271d


MEMORY CONFIGURATION

         name            origin    length      used     unused   attr    fill
----------------------  --------  ---------  --------  --------  ----  --------
  FLASH                 00000000   00040000  00002b76  0003d48a  R  X
  SRAM                  20000000   00008000  00000480  00007b80  RW X


SEGMENT ALLOCATION MAP

run origin  load origin   length   init length attrs members
----------  ----------- ---------- ----------- ----- -------
00000000    00000000    00002b78   00002b78    r-x
  00000000    00000000    0000026c   0000026c    r-- .intvecs
  0000026c    0000026c    000026a6   000026a6    r-x .text
  00002914    00002914    00000224   00000224    r-- .const
  00002b38    00002b38    00000040   00000040    r-- .cinit
20000000    20000000    00000484   00000000    rw-
  20000000    20000000    0000026c   00000000    rw- .vtable
  20000270    20000270    00000200   00000000    rw- .stack
  20000470    20000470    00000014   00000000    rw- .data


SECTION ALLOCATION MAP

 output                                  attributes/
section   page    origin      length       input sections
--------  ----  ----------  ----------   ----------------
.intvecs   0    00000000    0000026c     
                  00000000    0000026c     tm4c123gh6pm_startup_ccs.obj (.intvecs)

.text      0    0000026c    000026a6     
                  0000026c    00000a4e     rtsv7M4_T_le_v4SPD16_eabi.lib : _printfi.c.obj (.text:__TI_printfi)
                  00000cba    00000002                                   : div0.asm.obj (.text)
                  00000cbc    000002d8     main.obj (.text)
                  00000f94    00000270     rtsv7M4_T_le_v4SPD16_eabi.lib : _printfi.c.obj (.text:_pconv_a)
                  00001204    000001d0                                   : _printfi.c.obj (.text:_pconv_g)
                  000013d4    000001b6                                   : fd_add_t2.asm.obj (.text)
                  0000158a    00000002     --HOLE-- [fill = 0]
                  0000158c    0000016c     driverlib.lib : gpio.obj (.text:GPIOPadConfigSet)
                  000016f8    0000013c     rtsv7M4_T_le_v4SPD16_eabi.lib : _printfi.c.obj (.text:_pconv_e)
                  00001834    00000136                                   : fd_div_t2.asm.obj (.text)
                  0000196a    00000002     --HOLE-- [fill = 0]
                  0000196c    00000124                                   : _printfi.c.obj (.text:fcvt)
                  00001a90    00000118     driverlib.lib : sysctl.obj (.text:SysCtlClockGet)
                  00001ba8    00000110     rtsv7M4_T_le_v4SPD16_eabi.lib : s_scalbn.c.obj (.text:scalbn)
                  00001cb8    000000fc                                   : fd_mul_t2.asm.obj (.text)
                  00001db4    000000f4     driverlib.lib : sysctl.obj (.text:SysCtlClockSet)
                  00001ea8    000000b1     rtsv7M4_T_le_v4SPD16_eabi.lib : _printfi.c.obj (.text:_ltostr)
                  00001f59    00000001     --HOLE-- [fill = 0]
                  00001f5a    0000009c                                   : memcpy_t2.asm.obj (.text)
                  00001ff6    00000096                                   : ull_div_t2.asm.obj (.text)
                  0000208c    00000086                                   : fd_cmp_t2.asm.obj (.text:__aeabi_cdcmple)
                  00002112    00000086                                   : fd_cmp_t2.asm.obj (.text:__aeabi_cdrcmple)
                  00002198    0000007a                                   : memset_t2.asm.obj (.text)
                  00002212    0000006e                                   : _printfi.c.obj (.text:_mcpy)
                  00002280    00000068     driverlib.lib : interrupt.obj (.text:IntEnable)
                  000022e8    00000068     rtsv7M4_T_le_v4SPD16_eabi.lib : copy_decompress_lzss.c.obj (.text:decompress:lzss:__TI_decompress_lzss)
                  00002350    00000064                                   : s_frexp.c.obj (.text:frexp)
                  000023b4    00000060     driverlib.lib : timer.obj (.text:TimerConfigure)
                  00002414    00000056     rtsv7M4_T_le_v4SPD16_eabi.lib : _printfi.c.obj (.text:_pconv_f)
                  0000246a    00000054                                   : _ltoa.c.obj (.text:__TI_ltoa)
                  000024be    00000052                                   : _printfi.c.obj (.text:_ecpy)
                  00002510    0000004c     driverlib.lib : timer.obj (.text:_TimerIntNumberGet)
                  0000255c    0000004c     rtsv7M4_T_le_v4SPD16_eabi.lib : atoi.c.obj (.text:atoi)
                  000025a8    00000048                                   : fd_toi_t2.asm.obj (.text)
                  000025f0    00000044                                   : autoinit.c.obj (.text:__TI_auto_init_nobinit_nopinit:__TI_auto_init_nobinit_nopinit)
                  00002634    00000040                                   : sprintf.c.obj (.text:sprintf)
                  00002674    0000003e                                   : _printfi.c.obj (.text:_fcpy)
                  000026b2    00000002     --HOLE-- [fill = 0]
                  000026b4    00000034     driverlib.lib : interrupt.obj (.text:IntRegister)
                  000026e8    00000034                   : sysctl.obj (.text:SysCtlPeripheralEnable)
                  0000271c    00000034     rtsv7M4_T_le_v4SPD16_eabi.lib : boot_cortex_m.c.obj (.text:_c_int00_noargs:_c_int00_noargs)
                  00002750    0000002e                                   : i_tofd_t2.asm.obj (.text)
                  0000277e    0000002c     driverlib.lib : gpio.obj (.text:GPIODirModeSet)
                  000027aa    0000001c     rtsv7M4_T_le_v4SPD16_eabi.lib : copy_zero_init.c.obj (.text:decompress:ZI:__TI_zero_init_nomemset:__TI_zero_init_nomemset)
                  000027c6    0000001c                                   : memccpy.c.obj (.text:memccpy)
                  000027e2    0000001a     driverlib.lib : gpio.obj (.text:GPIOPinTypeGPIOOutput)
                  000027fc    0000001a     rtsv7M4_T_le_v4SPD16_eabi.lib : s_copysign.c.obj (.text:copysign)
                  00002816    00000018     driverlib.lib : timer.obj (.text:TimerIntRegister)
                  0000282e    00000018     rtsv7M4_T_le_v4SPD16_eabi.lib : sprintf.c.obj (.text:_outs)
                  00002846    00000016                                   : strchr.c.obj (.text:strchr)
                  0000285c    00000014                                   : strlen.c.obj (.text:strlen)
                  00002870    00000012     driverlib.lib : timer.obj (.text:TimerLoadSet)
                  00002882    00000012     rtsv7M4_T_le_v4SPD16_eabi.lib : wcslen.c.obj (.text:wcslen)
                  00002894    00000010     driverlib.lib : interrupt.obj (.text:IntMasterEnable)
                  000028a4    0000000e                   : timer.obj (.text:TimerEnable)
                  000028b2    0000000e     rtsv7M4_T_le_v4SPD16_eabi.lib : copy_decompress_none.c.obj (.text:decompress:none:__TI_decompress_none)
                  000028c0    0000000c     driverlib.lib : cpu.obj (.text:CPUcpsie)
                  000028cc    0000000c     tm4c123gh6pm_startup_ccs.obj (.text)
                  000028d8    0000000a     rtsv7M4_T_le_v4SPD16_eabi.lib : sprintf.c.obj (.text:_outc)
                  000028e2    00000008     driverlib.lib : timer.obj (.text:TimerIntEnable)
                  000028ea    00000002     --HOLE-- [fill = 0]
                  000028ec    00000008     rtsv7M4_T_le_v4SPD16_eabi.lib : errno.c.obj (.text:__aeabi_errno_addr)
                  000028f4    00000006     driverlib.lib : gpio.obj (.text:GPIOPinRead)
                  000028fa    00000006                   : gpio.obj (.text:GPIOPinWrite)
                  00002900    00000006                   : sysctl.obj (.text:SysCtlDelay)
                  00002906    00000004                   : timer.obj (.text:TimerIntClear)
                  0000290a    00000004     rtsv7M4_T_le_v4SPD16_eabi.lib : pre_init.c.obj (.text:_system_pre_init)
                  0000290e    00000004                                   : exit.c.obj (.text:abort:abort)

.const     0    00002914    00000224     
                  00002914    00000101     rtsv7M4_T_le_v4SPD16_eabi.lib : ctype.c.obj (.const:.string:_ctypes_)
                  00002a15    00000003     --HOLE-- [fill = 0]
                  00002a18    0000006c     driverlib.lib : sysctl.obj (.const:g_pui32Xtals)
                  00002a84    00000060                   : timer.obj (.const:g_ppui32TimerIntMap)
                  00002ae4    00000040                   : timer.obj (.const:g_ppui32TimerIntMapSnowflake)
                  00002b24    00000014                   : interrupt.obj (.const:g_pui32EnRegs)

.cinit     0    00002b38    00000040     
                  00002b38    00000015     (.cinit..data.load) [load image, compression = lzss]
                  00002b4d    00000003     --HOLE-- [fill = 0]
                  00002b50    0000000c     (__TI_handler_table)
                  00002b5c    00000004     --HOLE-- [fill = 0]
                  00002b60    00000008     (.cinit..vtable.load) [load image, compression = zero_init]
                  00002b68    00000010     (__TI_cinit_table)

.init_array 
*          0    00000000    00000000     UNINITIALIZED

.vtable    0    20000000    0000026c     UNINITIALIZED
                  20000000    0000026c     driverlib.lib : interrupt.obj (.vtable)

.data      0    20000470    00000014     UNINITIALIZED
                  20000470    00000010     main.obj (.data)
                  20000480    00000004     rtsv7M4_T_le_v4SPD16_eabi.lib : errno.c.obj (.data)

.stack     0    20000270    00000200     UNINITIALIZED
                  20000270    00000004     rtsv7M4_T_le_v4SPD16_eabi.lib : boot_cortex_m.c.obj (.stack)
                  20000274    000001fc     --HOLE--

__llvm_prf_cnts 
*          0    20000000    00000000     UNINITIALIZED

MODULE SUMMARY

       Module                         code   ro data   rw data
       ------                         ----   -------   -------
    .\
       main.obj                       728    0         16     
       tm4c123gh6pm_startup_ccs.obj   12     620       0      
    +--+------------------------------+------+---------+---------+
       Total:                         740    620       16     
                                                              
    C:/ti/TivaWare_C_Series-2.2.0.295/driverlib/ccs/Debug/driverlib.lib
       interrupt.obj                  172    20        620    
       sysctl.obj                     582    108       0      
       gpio.obj                       446    0         0      
       timer.obj                      240    160       0      
       cpu.obj                        12     0         0      
    +--+------------------------------+------+---------+---------+
       Total:                         1452   288       620    
                                                              
    C:\ti\ccs1040\ccs\tools\compiler\ti-cgt-arm_20.2.5.LTS\lib\rtsv7M4_T_le_v4SPD16_eabi.lib
       _printfi.c.obj                 4851   0         0      
       fd_add_t2.asm.obj              438    0         0      
       fd_div_t2.asm.obj              310    0         0      
       s_scalbn.c.obj                 272    0         0      
       fd_cmp_t2.asm.obj              268    0         0      
       ctype.c.obj                    0      257       0      
       fd_mul_t2.asm.obj              252    0         0      
       memcpy_t2.asm.obj              156    0         0      
       ull_div_t2.asm.obj             150    0         0      
       memset_t2.asm.obj              122    0         0      
       copy_decompress_lzss.c.obj     104    0         0      
       s_frexp.c.obj                  100    0         0      
       sprintf.c.obj                  98     0         0      
       _ltoa.c.obj                    84     0         0      
       atoi.c.obj                     76     0         0      
       fd_toi_t2.asm.obj              72     0         0      
       autoinit.c.obj                 68     0         0      
       boot_cortex_m.c.obj            52     0         0      
       i_tofd_t2.asm.obj              46     0         0      
       copy_zero_init.c.obj           28     0         0      
       memccpy.c.obj                  28     0         0      
       s_copysign.c.obj               26     0         0      
       strchr.c.obj                   22     0         0      
       strlen.c.obj                   20     0         0      
       wcslen.c.obj                   18     0         0      
       copy_decompress_none.c.obj     14     0         0      
       errno.c.obj                    8      0         4      
       exit.c.obj                     4      0         0      
       pre_init.c.obj                 4      0         0      
       div0.asm.obj                   2      0         0      
    +--+------------------------------+------+---------+---------+
       Total:                         7693   257       4      
                                                              
       Stack:                         0      0         512    
       Linker Generated:              0      57        0      
    +--+------------------------------+------+---------+---------+
       Grand Total:                   9885   1222      1152   


LINKER GENERATED COPY TABLES

__TI_cinit_table @ 00002b68 records: 2, size/record: 8, table size: 16
	.data: load addr=00002b38, load size=00000015 bytes, run addr=20000470, run size=00000014 bytes, compression=lzss
	.vtable: load addr=00002b60, load size=00000008 bytes, run addr=20000000, run size=0000026c bytes, compression=zero_init


LINKER GENERATED HANDLER TABLE

__TI_handler_table @ 00002b50 records: 3, size/record: 4, table size: 12
	index: 0, handler: __TI_zero_init
	index: 1, handler: __TI_decompress_lzss
	index: 2, handler: __TI_decompress_none


GLOBAL SYMBOLS: SORTED ALPHABETICALLY BY Name 

address   name                          
-------   ----                          
0000290f  C$$EXIT                       
000028c1  CPUcpsie                      
0000277f  GPIODirModeSet                
0000158d  GPIOPadConfigSet              
000028f5  GPIOPinRead                   
000027e3  GPIOPinTypeGPIOOutput         
000028fb  GPIOPinWrite                  
00002281  IntEnable                     
00002895  IntMasterEnable               
000026b5  IntRegister                   
000028cd  ResetISR                      
00001a91  SysCtlClockGet                
00001db5  SysCtlClockSet                
00002901  SysCtlDelay                   
000026e9  SysCtlPeripheralEnable        
000023b5  TimerConfigure                
000028a5  TimerEnable                   
00002907  TimerIntClear                 
000028e3  TimerIntEnable                
00002817  TimerIntRegister              
00002871  TimerLoadSet                  
20000470  __STACK_END                   
00000200  __STACK_SIZE                  
20000470  __STACK_TOP                   
00002b68  __TI_CINIT_Base               
00002b78  __TI_CINIT_Limit              
00002b50  __TI_Handler_Table_Base       
00002b5c  __TI_Handler_Table_Limit      
000025f1  __TI_auto_init_nobinit_nopinit
000022e9  __TI_decompress_lzss          
000028b3  __TI_decompress_none          
0000246b  __TI_ltoa                     
ffffffff  __TI_pprof_out_hndl           
0000026d  __TI_printfi                  
ffffffff  __TI_prof_data_size           
ffffffff  __TI_prof_data_start          
00000000  __TI_static_base__            
000027ab  __TI_zero_init_nomemset       
0000208d  __aeabi_cdcmpeq               
0000208d  __aeabi_cdcmple               
00002113  __aeabi_cdrcmple              
000025a9  __aeabi_d2iz                  
000013df  __aeabi_dadd                  
00001835  __aeabi_ddiv                  
00001cb9  __aeabi_dmul                  
000013d5  __aeabi_dsub                  
000028ed  __aeabi_errno_addr            
00002751  __aeabi_i2d                   
00000cbb  __aeabi_idiv0                 
00000cbb  __aeabi_ldiv0                 
00002199  __aeabi_memclr                
00002199  __aeabi_memclr4               
00002199  __aeabi_memclr8               
00001f5b  __aeabi_memcpy                
00001f5b  __aeabi_memcpy4               
00001f5b  __aeabi_memcpy8               
0000219b  __aeabi_memset                
0000219b  __aeabi_memset4               
0000219b  __aeabi_memset8               
00001ff7  __aeabi_uldivmod              
ffffffff  __binit__                     
ffffffff  __c_args__                    
UNDEFED   __mpu_init                    
20000270  __stack                       
20000000  __start___llvm_prf_cnts       
20000000  __stop___llvm_prf_cnts        
0000271d  _c_int00_noargs               
00002914  _ctypes_                      
UNDEFED   _system_post_cinit            
0000290b  _system_pre_init              
0000290f  abort                         
0000255d  atoi                          
ffffffff  binit                         
000027fd  copysign                      
000027fd  copysignl                     
20000474  dk                            
20000480  errno                         
00002351  frexp                         
00002351  frexpl                        
20000000  g_pfnRAMVectors               
00000000  g_pfnVectors                  
00000e41  initmikro                     
00000d7d  lcd_gotoxy                    
00000cbd  lcd_init                      
00000d0f  lcd_komut                     
00000d3f  lcd_yaz                       
00001ba9  ldexp                         
00001ba9  ldexpl                        
00000e31  main                          
000027c7  memccpy                       
00001f5b  memcpy                        
000021a1  memset                        
20000478  sa                            
00000f09  saat_guncelle                 
00001ba9  scalbn                        
00001ba9  scalbnl                       
20000470  sn                            
00002635  sprintf                       
00002847  strchr                        
0000285d  strlen                        
00000ea5  timerkesme                    
00002883  wcslen                        


GLOBAL SYMBOLS: SORTED BY Symbol Address 

address   name                          
-------   ----                          
00000000  __TI_static_base__            
00000000  g_pfnVectors                  
00000200  __STACK_SIZE                  
0000026d  __TI_printfi                  
00000cbb  __aeabi_idiv0                 
00000cbb  __aeabi_ldiv0                 
00000cbd  lcd_init                      
00000d0f  lcd_komut                     
00000d3f  lcd_yaz                       
00000d7d  lcd_gotoxy                    
00000e31  main                          
00000e41  initmikro                     
00000ea5  timerkesme                    
00000f09  saat_guncelle                 
000013d5  __aeabi_dsub                  
000013df  __aeabi_dadd                  
0000158d  GPIOPadConfigSet              
00001835  __aeabi_ddiv                  
00001a91  SysCtlClockGet                
00001ba9  ldexp                         
00001ba9  ldexpl                        
00001ba9  scalbn                        
00001ba9  scalbnl                       
00001cb9  __aeabi_dmul                  
00001db5  SysCtlClockSet                
00001f5b  __aeabi_memcpy                
00001f5b  __aeabi_memcpy4               
00001f5b  __aeabi_memcpy8               
00001f5b  memcpy                        
00001ff7  __aeabi_uldivmod              
0000208d  __aeabi_cdcmpeq               
0000208d  __aeabi_cdcmple               
00002113  __aeabi_cdrcmple              
00002199  __aeabi_memclr                
00002199  __aeabi_memclr4               
00002199  __aeabi_memclr8               
0000219b  __aeabi_memset                
0000219b  __aeabi_memset4               
0000219b  __aeabi_memset8               
000021a1  memset                        
00002281  IntEnable                     
000022e9  __TI_decompress_lzss          
00002351  frexp                         
00002351  frexpl                        
000023b5  TimerConfigure                
0000246b  __TI_ltoa                     
0000255d  atoi                          
000025a9  __aeabi_d2iz                  
000025f1  __TI_auto_init_nobinit_nopinit
00002635  sprintf                       
000026b5  IntRegister                   
000026e9  SysCtlPeripheralEnable        
0000271d  _c_int00_noargs               
00002751  __aeabi_i2d                   
0000277f  GPIODirModeSet                
000027ab  __TI_zero_init_nomemset       
000027c7  memccpy                       
000027e3  GPIOPinTypeGPIOOutput         
000027fd  copysign                      
000027fd  copysignl                     
00002817  TimerIntRegister              
00002847  strchr                        
0000285d  strlen                        
00002871  TimerLoadSet                  
00002883  wcslen                        
00002895  IntMasterEnable               
000028a5  TimerEnable                   
000028b3  __TI_decompress_none          
000028c1  CPUcpsie                      
000028cd  ResetISR                      
000028e3  TimerIntEnable                
000028ed  __aeabi_errno_addr            
000028f5  GPIOPinRead                   
000028fb  GPIOPinWrite                  
00002901  SysCtlDelay                   
00002907  TimerIntClear                 
0000290b  _system_pre_init              
0000290f  C$$EXIT                       
0000290f  abort                         
00002914  _ctypes_                      
00002b50  __TI_Handler_Table_Base       
00002b5c  __TI_Handler_Table_Limit      
00002b68  __TI_CINIT_Base               
00002b78  __TI_CINIT_Limit              
20000000  __start___llvm_prf_cnts       
20000000  __stop___llvm_prf_cnts        
20000000  g_pfnRAMVectors               
20000270  __stack                       
20000470  __STACK_END                   
20000470  __STACK_TOP                   
20000470  sn                            
20000474  dk                            
20000478  sa                            
20000480  errno                         
ffffffff  __TI_pprof_out_hndl           
ffffffff  __TI_prof_data_size           
ffffffff  __TI_prof_data_start          
ffffffff  __binit__                     
ffffffff  __c_args__                    
ffffffff  binit                         
UNDEFED   __mpu_init                    
UNDEFED   _system_post_cinit            

[102 symbols]
