******************************************************************************
                  TI ARM Linker PC v20.2.5                     
******************************************************************************
>> Linked Sun Nov  9 12:45:34 2025

OUTPUT FILE NAME:   <7haftaTIMER.out>
ENTRY POINT SYMBOL: "_c_int00_noargs"  address: 00000791


MEMORY CONFIGURATION

         name            origin    length      used     unused   attr    fill
----------------------  --------  ---------  --------  --------  ----  --------
  FLASH                 00000000   00040000  00000984  0003f67c  R  X
  SRAM                  20000000   00008000  00000478  00007b88  RW X


SEGMENT ALLOCATION MAP

run origin  load origin   length   init length attrs members
----------  ----------- ---------- ----------- ----- -------
00000000    00000000    00000984   00000984    r-x
  00000000    00000000    0000026c   0000026c    r-- .intvecs
  0000026c    0000026c    00000640   00000640    r-x .text
  000008ac    000008ac    000000b4   000000b4    r-- .const
  00000960    00000960    00000024   00000024    r-- .cinit
20000000    20000000    0000047c   00000000    rw-
  20000000    20000000    0000026c   00000000    rw- .vtable
  20000270    20000270    00000200   00000000    rw- .stack
  20000470    20000470    0000000c   00000000    rw- .bss


SECTION ALLOCATION MAP

 output                                  attributes/
section   page    origin      length       input sections
--------  ----  ----------  ----------   ----------------
.intvecs   0    00000000    0000026c     
                  00000000    0000026c     tm4c123gh6pm_startup_ccs.obj (.intvecs)

.text      0    0000026c    00000640     
                  0000026c    0000016c     driverlib.lib : gpio.obj (.text:GPIOPadConfigSet)
                  000003d8    00000104     main.obj (.text)
                  000004dc    000000f4     driverlib.lib : sysctl.obj (.text:SysCtlClockSet)
                  000005d0    00000068                   : interrupt.obj (.text:IntEnable)
                  00000638    00000060                   : timer.obj (.text:TimerConfigure)
                  00000698    0000004c                   : timer.obj (.text:_TimerIntNumberGet)
                  000006e4    00000044     rtsv7M4_T_le_v4SPD16_eabi.lib : autoinit.c.obj (.text:__TI_auto_init_nobinit_nopinit:__TI_auto_init_nobinit_nopinit)
                  00000728    00000034     driverlib.lib : interrupt.obj (.text:IntRegister)
                  0000075c    00000034                   : sysctl.obj (.text:SysCtlPeripheralEnable)
                  00000790    00000034     rtsv7M4_T_le_v4SPD16_eabi.lib : boot_cortex_m.c.obj (.text:_c_int00_noargs:_c_int00_noargs)
                  000007c4    0000002c     driverlib.lib : gpio.obj (.text:GPIODirModeSet)
                  000007f0    0000001c     rtsv7M4_T_le_v4SPD16_eabi.lib : copy_zero_init.c.obj (.text:decompress:ZI:__TI_zero_init_nomemset:__TI_zero_init_nomemset)
                  0000080c    0000001a     driverlib.lib : gpio.obj (.text:GPIOPinTypeGPIOOutput)
                  00000826    00000018                   : timer.obj (.text:TimerIntRegister)
                  0000083e    00000012                   : timer.obj (.text:TimerLoadSet)
                  00000850    00000010                   : interrupt.obj (.text:IntMasterEnable)
                  00000860    0000000e                   : timer.obj (.text:TimerEnable)
                  0000086e    0000000c                   : cpu.obj (.text:CPUcpsie)
                  0000087a    0000000c     tm4c123gh6pm_startup_ccs.obj (.text)
                  00000886    00000008     driverlib.lib : timer.obj (.text:TimerIntEnable)
                  0000088e    00000006                   : gpio.obj (.text:GPIOPinRead)
                  00000894    00000006                   : gpio.obj (.text:GPIOPinWrite)
                  0000089a    00000006                   : sysctl.obj (.text:SysCtlDelay)
                  000008a0    00000004                   : timer.obj (.text:TimerIntClear)
                  000008a4    00000004     rtsv7M4_T_le_v4SPD16_eabi.lib : pre_init.c.obj (.text:_system_pre_init)
                  000008a8    00000004                                   : exit.c.obj (.text:abort:abort)

.const     0    000008ac    000000b4     
                  000008ac    00000060     driverlib.lib : timer.obj (.const:g_ppui32TimerIntMap)
                  0000090c    00000040                   : timer.obj (.const:g_ppui32TimerIntMapSnowflake)
                  0000094c    00000014                   : interrupt.obj (.const:g_pui32EnRegs)

.cinit     0    00000960    00000024     
                  00000960    00000008     (.cinit..bss.load) [load image, compression = zero_init]
                  00000968    00000008     (.cinit..vtable.load) [load image, compression = zero_init]
                  00000970    00000004     (__TI_handler_table)
                  00000974    00000010     (__TI_cinit_table)

.init_array 
*          0    00000000    00000000     UNINITIALIZED

.vtable    0    20000000    0000026c     UNINITIALIZED
                  20000000    0000026c     driverlib.lib : interrupt.obj (.vtable)

.bss       0    20000470    0000000c     UNINITIALIZED
                  20000470    00000004     (.common:dk)
                  20000474    00000004     (.common:sa)
                  20000478    00000004     (.common:sn)

.stack     0    20000270    00000200     UNINITIALIZED
                  20000270    00000004     rtsv7M4_T_le_v4SPD16_eabi.lib : boot_cortex_m.c.obj (.stack)
                  20000274    000001fc     --HOLE--

__llvm_prf_cnts 
*          0    20000000    00000000     UNINITIALIZED

MODULE SUMMARY

       Module                         code   ro data   rw data
       ------                         ----   -------   -------
    .\
       tm4c123gh6pm_startup_ccs.obj   12     620       0      
       main.obj                       260    0         12     
    +--+------------------------------+------+---------+---------+
       Total:                         272    620       12     
                                                              
    C:/ti/TivaWare_C_Series-2.2.0.295/driverlib/ccs/Debug/driverlib.lib
       interrupt.obj                  172    20        620    
       gpio.obj                       446    0         0      
       timer.obj                      240    160       0      
       sysctl.obj                     302    0         0      
       cpu.obj                        12     0         0      
    +--+------------------------------+------+---------+---------+
       Total:                         1172   180       620    
                                                              
    C:\ti\ccs1040\ccs\tools\compiler\ti-cgt-arm_20.2.5.LTS\lib\rtsv7M4_T_le_v4SPD16_eabi.lib
       autoinit.c.obj                 68     0         0      
       boot_cortex_m.c.obj            52     0         0      
       copy_zero_init.c.obj           28     0         0      
       exit.c.obj                     4      0         0      
       pre_init.c.obj                 4      0         0      
    +--+------------------------------+------+---------+---------+
       Total:                         156    0         0      
                                                              
       Stack:                         0      0         512    
       Linker Generated:              0      36        0      
    +--+------------------------------+------+---------+---------+
       Grand Total:                   1600   836       1144   


LINKER GENERATED COPY TABLES

__TI_cinit_table @ 00000974 records: 2, size/record: 8, table size: 16
	.bss: load addr=00000960, load size=00000008 bytes, run addr=20000470, run size=0000000c bytes, compression=zero_init
	.vtable: load addr=00000968, load size=00000008 bytes, run addr=20000000, run size=0000026c bytes, compression=zero_init


LINKER GENERATED HANDLER TABLE

__TI_handler_table @ 00000970 records: 1, size/record: 4, table size: 4
	index: 0, handler: __TI_zero_init


GLOBAL SYMBOLS: SORTED ALPHABETICALLY BY Name 

address   name                          
-------   ----                          
000008a9  C$$EXIT                       
0000086f  CPUcpsie                      
000007c5  GPIODirModeSet                
0000026d  GPIOPadConfigSet              
0000088f  GPIOPinRead                   
0000080d  GPIOPinTypeGPIOOutput         
00000895  GPIOPinWrite                  
000005d1  IntEnable                     
00000851  IntMasterEnable               
00000729  IntRegister                   
0000087b  ResetISR                      
000004dd  SysCtlClockSet                
0000089b  SysCtlDelay                   
0000075d  SysCtlPeripheralEnable        
00000639  TimerConfigure                
00000861  TimerEnable                   
000008a1  TimerIntClear                 
00000887  TimerIntEnable                
00000827  TimerIntRegister              
0000083f  TimerLoadSet                  
20000470  __STACK_END                   
00000200  __STACK_SIZE                  
20000470  __STACK_TOP                   
00000974  __TI_CINIT_Base               
00000984  __TI_CINIT_Limit              
00000970  __TI_Handler_Table_Base       
00000974  __TI_Handler_Table_Limit      
000006e5  __TI_auto_init_nobinit_nopinit
ffffffff  __TI_pprof_out_hndl           
ffffffff  __TI_prof_data_size           
ffffffff  __TI_prof_data_start          
00000000  __TI_static_base__            
000007f1  __TI_zero_init_nomemset       
ffffffff  __binit__                     
ffffffff  __c_args__                    
UNDEFED   __mpu_init                    
20000270  __stack                       
20000000  __start___llvm_prf_cnts       
20000000  __stop___llvm_prf_cnts        
00000791  _c_int00_noargs               
UNDEFED   _system_post_cinit            
000008a5  _system_pre_init              
000008a9  abort                         
ffffffff  binit                         
20000470  dk                            
0000044f  ftimerkesmesi                 
20000000  g_pfnRAMVectors               
00000000  g_pfnVectors                  
000003e1  initmikro                     
000003d9  main                          
20000474  sa                            
20000478  sn                            


GLOBAL SYMBOLS: SORTED BY Symbol Address 

address   name                          
-------   ----                          
00000000  __TI_static_base__            
00000000  g_pfnVectors                  
00000200  __STACK_SIZE                  
0000026d  GPIOPadConfigSet              
000003d9  main                          
000003e1  initmikro                     
0000044f  ftimerkesmesi                 
000004dd  SysCtlClockSet                
000005d1  IntEnable                     
00000639  TimerConfigure                
000006e5  __TI_auto_init_nobinit_nopinit
00000729  IntRegister                   
0000075d  SysCtlPeripheralEnable        
00000791  _c_int00_noargs               
000007c5  GPIODirModeSet                
000007f1  __TI_zero_init_nomemset       
0000080d  GPIOPinTypeGPIOOutput         
00000827  TimerIntRegister              
0000083f  TimerLoadSet                  
00000851  IntMasterEnable               
00000861  TimerEnable                   
0000086f  CPUcpsie                      
0000087b  ResetISR                      
00000887  TimerIntEnable                
0000088f  GPIOPinRead                   
00000895  GPIOPinWrite                  
0000089b  SysCtlDelay                   
000008a1  TimerIntClear                 
000008a5  _system_pre_init              
000008a9  C$$EXIT                       
000008a9  abort                         
00000970  __TI_Handler_Table_Base       
00000974  __TI_CINIT_Base               
00000974  __TI_Handler_Table_Limit      
00000984  __TI_CINIT_Limit              
20000000  __start___llvm_prf_cnts       
20000000  __stop___llvm_prf_cnts        
20000000  g_pfnRAMVectors               
20000270  __stack                       
20000470  __STACK_END                   
20000470  __STACK_TOP                   
20000470  dk                            
20000474  sa                            
20000478  sn                            
ffffffff  __TI_pprof_out_hndl           
ffffffff  __TI_prof_data_size           
ffffffff  __TI_prof_data_start          
ffffffff  __binit__                     
ffffffff  __c_args__                    
ffffffff  binit                         
UNDEFED   __mpu_init                    
UNDEFED   _system_post_cinit            

[52 symbols]
