******************************************************************************
                  TI ARM Linker PC v20.2.5                     
******************************************************************************
>> Linked Thu Nov 27 20:25:09 2025

OUTPUT FILE NAME:   <10haftaserport.out>
ENTRY POINT SYMBOL: "_c_int00_noinit_noargs"  address: 00000769


MEMORY CONFIGURATION

         name            origin    length      used     unused   attr    fill
----------------------  --------  ---------  --------  --------  ----  --------
  FLASH                 00000000   00040000  00000916  0003f6ea  R  X
  SRAM                  20000000   00008000  00000200  00007e00  RW X


SEGMENT ALLOCATION MAP

run origin  load origin   length   init length attrs members
----------  ----------- ---------- ----------- ----- -------
00000000    00000000    00000918   00000918    r-x
  00000000    00000000    0000026c   0000026c    r-- .intvecs
  0000026c    0000026c    000005ae   000005ae    r-x .text
  0000081c    0000081c    000000fc   000000fc    r-- .const
20000000    20000000    00000200   00000000    rw-
  20000000    20000000    00000200   00000000    rw- .stack


SECTION ALLOCATION MAP

 output                                  attributes/
section   page    origin      length       input sections
--------  ----  ----------  ----------   ----------------
.intvecs   0    00000000    0000026c     
                  00000000    0000026c     tm4c123gh6pm_startup_ccs.obj (.intvecs)

.text      0    0000026c    000005ae     
                  0000026c    0000016c     driverlib.lib : gpio.obj (.text:GPIOPadConfigSet)
                  000003d8    00000118                   : sysctl.obj (.text:SysCtlClockGet)
                  000004f0    000000f4                   : sysctl.obj (.text:SysCtlClockSet)
                  000005e4    00000090     main.obj (.text)
                  00000674    0000004c     driverlib.lib : gpio.obj (.text:GPIOPinConfigure)
                  000006c0    00000046                   : uart.obj (.text:UARTConfigSetExpClk)
                  00000706    00000002     --HOLE-- [fill = 0]
                  00000708    00000034                   : sysctl.obj (.text:SysCtlPeripheralEnable)
                  0000073c    0000002c                   : gpio.obj (.text:GPIODirModeSet)
                  00000768    0000002c     rtsv7M4_T_le_v4SPD16_eabi.lib : boot_cortex_m.c.obj (.text:_c_int00_noinit_noargs:_c_int00_noinit_noargs)
                  00000794    00000020     driverlib.lib : uart.obj (.text:UARTDisable)
                  000007b4    00000016                   : gpio.obj (.text:GPIOPinTypeUART)
                  000007ca    00000014                   : uart.obj (.text:UARTEnable)
                  000007de    0000000e                   : uart.obj (.text:UARTCharsAvail)
                  000007ec    0000000c     tm4c123gh6pm_startup_ccs.obj (.text)
                  000007f8    0000000a     driverlib.lib : uart.obj (.text:UARTCharGet)
                  00000802    0000000a                   : uart.obj (.text:UARTCharPut)
                  0000080c    00000006                   : sysctl.obj (.text:SysCtlDelay)
                  00000812    00000004     rtsv7M4_T_le_v4SPD16_eabi.lib : pre_init.c.obj (.text:_system_pre_init)
                  00000816    00000004                                   : exit.c.obj (.text:abort:abort)

.const     0    0000081c    000000fc     
                  0000081c    00000090     driverlib.lib : gpio.obj (.const:g_pui32GPIOBaseAddrs)
                  000008ac    0000006c                   : sysctl.obj (.const:g_pui32Xtals)

.cinit     0    00000000    00000000     UNINITIALIZED

.init_array 
*          0    00000000    00000000     UNINITIALIZED

.stack     0    20000000    00000200     UNINITIALIZED
                  20000000    00000004     rtsv7M4_T_le_v4SPD16_eabi.lib : boot_cortex_m.c.obj (.stack)
                  20000004    000001fc     --HOLE--

__llvm_prf_cnts 
*          0    20000000    00000000     UNINITIALIZED

MODULE SUMMARY

       Module                         code   ro data   rw data
       ------                         ----   -------   -------
    .\
       tm4c123gh6pm_startup_ccs.obj   12     620       0      
       main.obj                       144    0         0      
    +--+------------------------------+------+---------+---------+
       Total:                         156    620       0      
                                                              
    C:/ti/TivaWare_C_Series-2.2.0.295/driverlib/ccs/Debug/driverlib.lib
       sysctl.obj                     582    108       0      
       gpio.obj                       506    144       0      
       uart.obj                       156    0         0      
    +--+------------------------------+------+---------+---------+
       Total:                         1244   252       0      
                                                              
    C:\ti\ccs1040\ccs\tools\compiler\ti-cgt-arm_20.2.5.LTS\lib\rtsv7M4_T_le_v4SPD16_eabi.lib
       boot_cortex_m.c.obj            44     0         0      
       exit.c.obj                     4      0         0      
       pre_init.c.obj                 4      0         0      
    +--+------------------------------+------+---------+---------+
       Total:                         52     0         0      
                                                              
       Stack:                         0      0         512    
    +--+------------------------------+------+---------+---------+
       Grand Total:                   1452   872       512    


GLOBAL SYMBOLS: SORTED ALPHABETICALLY BY Name 

address   name                   
-------   ----                   
00000817  C$$EXIT                
0000073d  GPIODirModeSet         
0000026d  GPIOPadConfigSet       
00000675  GPIOPinConfigure       
000007b5  GPIOPinTypeUART        
000007ed  ResetISR               
000003d9  SysCtlClockGet         
000004f1  SysCtlClockSet         
0000080d  SysCtlDelay            
00000709  SysCtlPeripheralEnable 
000007f9  UARTCharGet            
00000803  UARTCharPut            
000007df  UARTCharsAvail         
000006c1  UARTConfigSetExpClk    
00000795  UARTDisable            
000007cb  UARTEnable             
20000200  __STACK_END            
00000200  __STACK_SIZE           
20000200  __STACK_TOP            
ffffffff  __TI_pprof_out_hndl    
ffffffff  __TI_prof_data_size    
ffffffff  __TI_prof_data_start   
00000000  __TI_static_base__     
ffffffff  __binit__              
ffffffff  __c_args__             
UNDEFED   __mpu_init             
20000000  __stack                
20000000  __start___llvm_prf_cnts
20000000  __stop___llvm_prf_cnts 
00000769  _c_int00_noinit_noargs 
00000813  _system_pre_init       
00000817  abort                  
ffffffff  binit                  
00000000  g_pfnVectors           
0000061b  ilkayar                
000005e5  main                   


GLOBAL SYMBOLS: SORTED BY Symbol Address 

address   name                   
-------   ----                   
00000000  __TI_static_base__     
00000000  g_pfnVectors           
00000200  __STACK_SIZE           
0000026d  GPIOPadConfigSet       
000003d9  SysCtlClockGet         
000004f1  SysCtlClockSet         
000005e5  main                   
0000061b  ilkayar                
00000675  GPIOPinConfigure       
000006c1  UARTConfigSetExpClk    
00000709  SysCtlPeripheralEnable 
0000073d  GPIODirModeSet         
00000769  _c_int00_noinit_noargs 
00000795  UARTDisable            
000007b5  GPIOPinTypeUART        
000007cb  UARTEnable             
000007df  UARTCharsAvail         
000007ed  ResetISR               
000007f9  UARTCharGet            
00000803  UARTCharPut            
0000080d  SysCtlDelay            
00000813  _system_pre_init       
00000817  C$$EXIT                
00000817  abort                  
20000000  __stack                
20000000  __start___llvm_prf_cnts
20000000  __stop___llvm_prf_cnts 
20000200  __STACK_END            
20000200  __STACK_TOP            
ffffffff  __TI_pprof_out_hndl    
ffffffff  __TI_prof_data_size    
ffffffff  __TI_prof_data_start   
ffffffff  __binit__              
ffffffff  __c_args__             
ffffffff  binit                  
UNDEFED   __mpu_init             

[36 symbols]
