******************************************************************************
                  TI ARM Linker PC v20.2.5                     
******************************************************************************
>> Linked Mon Dec 29 16:40:11 2025

OUTPUT FILE NAME:   <13haftasonodev2.out>
ENTRY POINT SYMBOL: "_c_int00_noargs"  address: 00004271


MEMORY CONFIGURATION

         name            origin    length      used     unused   attr    fill
----------------------  --------  ---------  --------  --------  ----  --------
  FLASH                 00000000   00040000  000049ae  0003b652  R  X
  SRAM                  20000000   00008000  000004a5  00007b5b  RW X


SEGMENT ALLOCATION MAP

run origin  load origin   length   init length attrs members
----------  ----------- ---------- ----------- ----- -------
00000000    00000000    000049b0   000049b0    r-x
  00000000    00000000    0000026c   0000026c    r-- .intvecs
  0000026c    0000026c    0000436a   0000436a    r-x .text
  000045d8    000045d8    00000390   00000390    r-- .const
  00004968    00004968    00000048   00000048    r-- .cinit
20000000    20000000    000004ac   00000000    rw-
  20000000    20000000    0000026c   00000000    rw- .vtable
  20000270    20000270    00000200   00000000    rw- .stack
  20000470    20000470    00000029   00000000    rw- .bss
  2000049c    2000049c    00000010   00000000    rw- .data


SECTION ALLOCATION MAP

 output                                  attributes/
section   page    origin      length       input sections
--------  ----  ----------  ----------   ----------------
.intvecs   0    00000000    0000026c     
                  00000000    0000026c     tm4c123gh6pm_startup_ccs.obj (.intvecs)

.text      0    0000026c    0000436a     
                  0000026c    00000b14     rtsv7M4_T_le_v4SPD16_eabi.lib : _scanfi.c.obj (.text:__TI_scanfi)
                  00000d80    00000a4e                                   : _printfi.c.obj (.text:__TI_printfi)
                  000017ce    00000002                                   : div0.asm.obj (.text)
                  000017d0    000006d4     main.obj (.text)
                  00001ea4    00000460     rtsv7M4_T_le_v4SPD16_eabi.lib : strtod.c.obj (.text:strtod)
                  00002304    00000270                                   : _printfi.c.obj (.text:_pconv_a)
                  00002574    000001dc                                   : strtoll.c.obj (.text:strtoll)
                  00002750    000001d0                                   : _printfi.c.obj (.text:_pconv_g)
                  00002920    000001b6                                   : fd_add_t2.asm.obj (.text)
                  00002ad6    00000002     --HOLE-- [fill = 0]
                  00002ad8    0000016c     driverlib.lib : gpio.obj (.text:GPIOPadConfigSet)
                  00002c44    0000015c     rtsv7M4_T_le_v4SPD16_eabi.lib : strtoull.c.obj (.text:strtoull)
                  00002da0    0000013c                                   : _printfi.c.obj (.text:_pconv_e)
                  00002edc    00000136                                   : fd_div_t2.asm.obj (.text)
                  00003012    00000002     --HOLE-- [fill = 0]
                  00003014    00000130                                   : strtol.c.obj (.text:strtol)
                  00003144    00000124                                   : _printfi.c.obj (.text:fcvt)
                  00003268    00000118     driverlib.lib : sysctl.obj (.text:SysCtlClockGet)
                  00003380    00000110     rtsv7M4_T_le_v4SPD16_eabi.lib : s_scalbn.c.obj (.text:scalbn)
                  00003490    00000110                                   : strtoul.c.obj (.text:strtoul)
                  000035a0    000000fc                                   : fd_mul_t2.asm.obj (.text)
                  0000369c    000000f4     driverlib.lib : sysctl.obj (.text:SysCtlClockSet)
                  00003790    000000b1     rtsv7M4_T_le_v4SPD16_eabi.lib : _printfi.c.obj (.text:_ltostr)
                  00003841    00000001     --HOLE-- [fill = 0]
                  00003842    0000009c                                   : memcpy_t2.asm.obj (.text)
                  000038de    00000096                                   : ull_div_t2.asm.obj (.text)
                  00003974    00000086                                   : fd_cmp_t2.asm.obj (.text:__aeabi_cdcmple)
                  000039fa    00000086                                   : fd_cmp_t2.asm.obj (.text:__aeabi_cdrcmple)
                  00003a80    0000007a     driverlib.lib : adc.obj (.text:ADCSequenceStepConfigure)
                  00003afa    0000007a     rtsv7M4_T_le_v4SPD16_eabi.lib : memset_t2.asm.obj (.text)
                  00003b74    0000006e                                   : _printfi.c.obj (.text:_mcpy)
                  00003be2    0000006e                                   : fd_tos_t2.asm.obj (.text)
                  00003c50    00000068     driverlib.lib : interrupt.obj (.text:IntEnable)
                  00003cb8    00000068     rtsv7M4_T_le_v4SPD16_eabi.lib : sscanf.c.obj (.text:_chkmbc)
                  00003d20    00000068                                   : copy_decompress_lzss.c.obj (.text:decompress:lzss:__TI_decompress_lzss)
                  00003d88    00000064                                   : s_frexp.c.obj (.text:frexp)
                  00003dec    00000060     driverlib.lib : timer.obj (.text:TimerConfigure)
                  00003e4c    00000056     rtsv7M4_T_le_v4SPD16_eabi.lib : _printfi.c.obj (.text:_pconv_f)
                  00003ea2    00000054                                   : _ltoa.c.obj (.text:__TI_ltoa)
                  00003ef6    00000052                                   : _printfi.c.obj (.text:_ecpy)
                  00003f48    0000004e     driverlib.lib : adc.obj (.text:ADCSequenceConfigure)
                  00003f96    00000002     --HOLE-- [fill = 0]
                  00003f98    0000004c                   : gpio.obj (.text:GPIOPinConfigure)
                  00003fe4    0000004c                   : timer.obj (.text:_TimerIntNumberGet)
                  00004030    0000004c     rtsv7M4_T_le_v4SPD16_eabi.lib : atoi.c.obj (.text:atoi)
                  0000407c    00000048                                   : fd_toi_t2.asm.obj (.text)
                  000040c4    00000046     driverlib.lib : uart.obj (.text:UARTConfigSetExpClk)
                  0000410a    00000002     --HOLE-- [fill = 0]
                  0000410c    00000044     rtsv7M4_T_le_v4SPD16_eabi.lib : autoinit.c.obj (.text:__TI_auto_init_nobinit_nopinit:__TI_auto_init_nobinit_nopinit)
                  00004150    00000040                                   : sprintf.c.obj (.text:sprintf)
                  00004190    0000003e                                   : _printfi.c.obj (.text:_fcpy)
                  000041ce    00000002     --HOLE-- [fill = 0]
                  000041d0    00000038                                   : sscanf.c.obj (.text:sscanf)
                  00004208    00000034     driverlib.lib : interrupt.obj (.text:IntRegister)
                  0000423c    00000034                   : sysctl.obj (.text:SysCtlPeripheralEnable)
                  00004270    00000034     rtsv7M4_T_le_v4SPD16_eabi.lib : boot_cortex_m.c.obj (.text:_c_int00_noargs:_c_int00_noargs)
                  000042a4    0000002e     driverlib.lib : adc.obj (.text:ADCIntStatus)
                  000042d2    0000002e     rtsv7M4_T_le_v4SPD16_eabi.lib : i_tofd_t2.asm.obj (.text)
                  00004300    0000002c     driverlib.lib : gpio.obj (.text:GPIODirModeSet)
                  0000432c    00000020                   : uart.obj (.text:UARTDisable)
                  0000434c    0000001e                   : adc.obj (.text:ADCSequenceDataGet)
                  0000436a    0000001c     rtsv7M4_T_le_v4SPD16_eabi.lib : copy_zero_init.c.obj (.text:decompress:ZI:__TI_zero_init_nomemset:__TI_zero_init_nomemset)
                  00004386    0000001c                                   : memccpy.c.obj (.text:memccpy)
                  000043a2    0000001a     driverlib.lib : gpio.obj (.text:GPIOPinTypeGPIOOutput)
                  000043bc    0000001a     rtsv7M4_T_le_v4SPD16_eabi.lib : s_copysign.c.obj (.text:copysign)
                  000043d6    00000018     driverlib.lib : adc.obj (.text:ADCProcessorTrigger)
                  000043ee    00000018                   : timer.obj (.text:TimerIntRegister)
                  00004406    00000018     rtsv7M4_T_le_v4SPD16_eabi.lib : sprintf.c.obj (.text:_outs)
                  0000441e    00000018                                   : ll_mul_t2.asm.obj (.text)
                  00004436    00000018                                   : strrchr.c.obj (.text:strrchr)
                  0000444e    00000016     driverlib.lib : gpio.obj (.text:GPIOPinTypeADC)
                  00004464    00000016                   : gpio.obj (.text:GPIOPinTypeGPIOInput)
                  0000447a    00000016                   : gpio.obj (.text:GPIOPinTypeUART)
                  00004490    00000016     rtsv7M4_T_le_v4SPD16_eabi.lib : strchr.c.obj (.text:strchr)
                  000044a6    00000014     driverlib.lib : uart.obj (.text:UARTEnable)
                  000044ba    00000014     rtsv7M4_T_le_v4SPD16_eabi.lib : strcpy.c.obj (.text:strcpy)
                  000044ce    00000014                                   : strlen.c.obj (.text:strlen)
                  000044e2    00000012     driverlib.lib : timer.obj (.text:TimerLoadSet)
                  000044f4    00000012     rtsv7M4_T_le_v4SPD16_eabi.lib : sscanf.c.obj (.text:_inpchar)
                  00004506    00000012                                   : wcslen.c.obj (.text:wcslen)
                  00004518    00000010     driverlib.lib : interrupt.obj (.text:IntMasterEnable)
                  00004528    0000000e                   : adc.obj (.text:ADCSequenceEnable)
                  00004536    0000000e                   : timer.obj (.text:TimerEnable)
                  00004544    0000000e                   : uart.obj (.text:UARTCharsAvail)
                  00004552    0000000e     rtsv7M4_T_le_v4SPD16_eabi.lib : copy_decompress_none.c.obj (.text:decompress:none:__TI_decompress_none)
                  00004560    0000000c     driverlib.lib : cpu.obj (.text:CPUcpsie)
                  0000456c    0000000c     tm4c123gh6pm_startup_ccs.obj (.text)
                  00004578    0000000a     driverlib.lib : adc.obj (.text:ADCIntClear)
                  00004582    0000000a                   : uart.obj (.text:UARTCharGet)
                  0000458c    0000000a                   : uart.obj (.text:UARTCharPut)
                  00004596    0000000a     rtsv7M4_T_le_v4SPD16_eabi.lib : sprintf.c.obj (.text:_outc)
                  000045a0    00000008     driverlib.lib : timer.obj (.text:TimerIntEnable)
                  000045a8    00000008     rtsv7M4_T_le_v4SPD16_eabi.lib : errno.c.obj (.text:__aeabi_errno_addr)
                  000045b0    00000008                                   : sscanf.c.obj (.text:_uninpchar)
                  000045b8    00000006     driverlib.lib : gpio.obj (.text:GPIOPinRead)
                  000045be    00000006                   : gpio.obj (.text:GPIOPinWrite)
                  000045c4    00000006                   : sysctl.obj (.text:SysCtlDelay)
                  000045ca    00000004                   : timer.obj (.text:TimerIntClear)
                  000045ce    00000004     rtsv7M4_T_le_v4SPD16_eabi.lib : pre_init.c.obj (.text:_system_pre_init)
                  000045d2    00000004                                   : exit.c.obj (.text:abort:abort)

.const     0    000045d8    00000390     
                  000045d8    00000101     rtsv7M4_T_le_v4SPD16_eabi.lib : ctype.c.obj (.const:.string:_ctypes_)
                  000046d9    00000007     --HOLE-- [fill = 0]
                  000046e0    000000c8                                   : strtod.c.obj (.const:$O1$$)
                  000047a8    00000090     driverlib.lib : gpio.obj (.const:g_pui32GPIOBaseAddrs)
                  00004838    0000006c                   : sysctl.obj (.const:g_pui32Xtals)
                  000048a4    00000060                   : timer.obj (.const:g_ppui32TimerIntMap)
                  00004904    00000040                   : timer.obj (.const:g_ppui32TimerIntMapSnowflake)
                  00004944    00000014                   : interrupt.obj (.const:g_pui32EnRegs)
                  00004958    00000010     rtsv7M4_T_le_v4SPD16_eabi.lib : _scanfi.c.obj (.const:$O1$$)

.cinit     0    00004968    00000048     
                  00004968    0000000f     (.cinit..data.load) [load image, compression = lzss]
                  00004977    00000001     --HOLE-- [fill = 0]
                  00004978    0000000c     (__TI_handler_table)
                  00004984    00000004     --HOLE-- [fill = 0]
                  00004988    00000008     (.cinit..bss.load) [load image, compression = zero_init]
                  00004990    00000008     (.cinit..vtable.load) [load image, compression = zero_init]
                  00004998    00000018     (__TI_cinit_table)

.init_array 
*          0    00000000    00000000     UNINITIALIZED

.vtable    0    20000000    0000026c     UNINITIALIZED
                  20000000    0000026c     driverlib.lib : interrupt.obj (.vtable)

.bss       0    20000470    00000029     UNINITIALIZED
                  20000470    0000000c     main.obj (.bss:time_buf)
                  2000047c    0000000c     (.common:saat_buffer)
                  20000488    00000008     (.common:pot_buffer)
                  20000490    00000004     main.obj (.bss:lcd_temp_buf)
                  20000494    00000004     (.common:adc_degeri)
                  20000498    00000001     (.common:sicaklik)

.data      0    2000049c    00000010     UNINITIALIZED
                  2000049c    0000000a     main.obj (.data)
                  200004a6    00000002     --HOLE--
                  200004a8    00000004     rtsv7M4_T_le_v4SPD16_eabi.lib : errno.c.obj (.data)

.stack     0    20000270    00000200     UNINITIALIZED
                  20000270    00000004     rtsv7M4_T_le_v4SPD16_eabi.lib : boot_cortex_m.c.obj (.stack)
                  20000274    000001fc     --HOLE--

__llvm_prf_cnts 
*          0    20000000    00000000     UNINITIALIZED

MODULE SUMMARY

       Module                         code    ro data   rw data
       ------                         ----    -------   -------
    .\
       main.obj                       1748    0         51     
       tm4c123gh6pm_startup_ccs.obj   12      620       0      
    +--+------------------------------+-------+---------+---------+
       Total:                         1760    620       51     
                                                               
    C:/ti/TivaWare_C_Series-2.2.0.295/driverlib/ccs/Debug/driverlib.lib
       interrupt.obj                  172     20        620    
       gpio.obj                       588     144       0      
       sysctl.obj                     582     108       0      
       timer.obj                      240     160       0      
       adc.obj                        324     0         0      
       uart.obj                       156     0         0      
       cpu.obj                        12      0         0      
    +--+------------------------------+-------+---------+---------+
       Total:                         2074    432       620    
                                                               
    C:\ti\ccs1040\ccs\tools\compiler\ti-cgt-arm_20.2.5.LTS\lib\rtsv7M4_T_le_v4SPD16_eabi.lib
       _printfi.c.obj                 4851    0         0      
       _scanfi.c.obj                  2836    16        0      
       strtod.c.obj                   1120    200       0      
       strtoll.c.obj                  476     0         0      
       fd_add_t2.asm.obj              438     0         0      
       strtoull.c.obj                 348     0         0      
       fd_div_t2.asm.obj              310     0         0      
       strtol.c.obj                   304     0         0      
       s_scalbn.c.obj                 272     0         0      
       strtoul.c.obj                  272     0         0      
       fd_cmp_t2.asm.obj              268     0         0      
       ctype.c.obj                    0       257       0      
       fd_mul_t2.asm.obj              252     0         0      
       sscanf.c.obj                   186     0         0      
       memcpy_t2.asm.obj              156     0         0      
       ull_div_t2.asm.obj             150     0         0      
       memset_t2.asm.obj              122     0         0      
       fd_tos_t2.asm.obj              110     0         0      
       copy_decompress_lzss.c.obj     104     0         0      
       s_frexp.c.obj                  100     0         0      
       sprintf.c.obj                  98      0         0      
       _ltoa.c.obj                    84      0         0      
       atoi.c.obj                     76      0         0      
       fd_toi_t2.asm.obj              72      0         0      
       autoinit.c.obj                 68      0         0      
       boot_cortex_m.c.obj            52      0         0      
       i_tofd_t2.asm.obj              46      0         0      
       copy_zero_init.c.obj           28      0         0      
       memccpy.c.obj                  28      0         0      
       s_copysign.c.obj               26      0         0      
       ll_mul_t2.asm.obj              24      0         0      
       strrchr.c.obj                  24      0         0      
       strchr.c.obj                   22      0         0      
       strcpy.c.obj                   20      0         0      
       strlen.c.obj                   20      0         0      
       wcslen.c.obj                   18      0         0      
       copy_decompress_none.c.obj     14      0         0      
       errno.c.obj                    8       0         4      
       exit.c.obj                     4       0         0      
       pre_init.c.obj                 4       0         0      
       div0.asm.obj                   2       0         0      
    +--+------------------------------+-------+---------+---------+
       Total:                         13413   473       4      
                                                               
       Stack:                         0       0         512    
       Linker Generated:              0       67        0      
    +--+------------------------------+-------+---------+---------+
       Grand Total:                   17247   1592      1187   


LINKER GENERATED COPY TABLES

__TI_cinit_table @ 00004998 records: 3, size/record: 8, table size: 24
	.data: load addr=00004968, load size=0000000f bytes, run addr=2000049c, run size=00000010 bytes, compression=lzss
	.bss: load addr=00004988, load size=00000008 bytes, run addr=20000470, run size=00000029 bytes, compression=zero_init
	.vtable: load addr=00004990, load size=00000008 bytes, run addr=20000000, run size=0000026c bytes, compression=zero_init


LINKER GENERATED HANDLER TABLE

__TI_handler_table @ 00004978 records: 3, size/record: 4, table size: 12
	index: 0, handler: __TI_zero_init
	index: 1, handler: __TI_decompress_lzss
	index: 2, handler: __TI_decompress_none


GLOBAL SYMBOLS: SORTED ALPHABETICALLY BY Name 

address   name                          
-------   ----                          
00004579  ADCIntClear                   
000042a5  ADCIntStatus                  
000043d7  ADCProcessorTrigger           
00003f49  ADCSequenceConfigure          
0000434d  ADCSequenceDataGet            
00004529  ADCSequenceEnable             
00003a81  ADCSequenceStepConfigure      
00001cbf  ADC_Oku                       
00001d8d  AyarlariYap                   
000045d3  C$$EXIT                       
00004561  CPUcpsie                      
00004301  GPIODirModeSet                
00002ad9  GPIOPadConfigSet              
00003f99  GPIOPinConfigure              
000045b9  GPIOPinRead                   
0000444f  GPIOPinTypeADC                
00004465  GPIOPinTypeGPIOInput          
000043a3  GPIOPinTypeGPIOOutput         
0000447b  GPIOPinTypeUART               
000045bf  GPIOPinWrite                  
00003c51  IntEnable                     
00004519  IntMasterEnable               
00004209  IntRegister                   
00001967  Lcd_Goto                      
0000197f  Lcd_Puts                      
00001955  Lcd_Temizle                   
0000194d  Lcd_init                      
0000456d  ResetISR                      
00003269  SysCtlClockGet                
0000369d  SysCtlClockSet                
000045c5  SysCtlDelay                   
0000423d  SysCtlPeripheralEnable        
00001c5d  Timer0_ISR                    
00003ded  TimerConfigure                
00004537  TimerEnable                   
000045cb  TimerIntClear                 
000045a1  TimerIntEnable                
000043ef  TimerIntRegister              
000044e3  TimerLoadSet                  
00001cf5  UART0_Init                    
00001d35  UART0_SendLine                
00004583  UARTCharGet                   
0000458d  UARTCharPut                   
00004545  UARTCharsAvail                
000040c5  UARTConfigSetExpClk           
0000432d  UARTDisable                   
000044a7  UARTEnable                    
20000470  __STACK_END                   
00000200  __STACK_SIZE                  
20000470  __STACK_TOP                   
00004998  __TI_CINIT_Base               
000049b0  __TI_CINIT_Limit              
00004978  __TI_Handler_Table_Base       
00004984  __TI_Handler_Table_Limit      
0000410d  __TI_auto_init_nobinit_nopinit
00003d21  __TI_decompress_lzss          
00004553  __TI_decompress_none          
00003ea3  __TI_ltoa                     
ffffffff  __TI_pprof_out_hndl           
00000d81  __TI_printfi                  
ffffffff  __TI_prof_data_size           
ffffffff  __TI_prof_data_start          
0000026d  __TI_scanfi                   
00000000  __TI_static_base__            
0000436b  __TI_zero_init_nomemset       
00003975  __aeabi_cdcmpeq               
00003975  __aeabi_cdcmple               
000039fb  __aeabi_cdrcmple              
00003be3  __aeabi_d2f                   
0000407d  __aeabi_d2iz                  
0000292b  __aeabi_dadd                  
00002edd  __aeabi_ddiv                  
000035a1  __aeabi_dmul                  
00002921  __aeabi_dsub                  
000045a9  __aeabi_errno_addr            
000042d3  __aeabi_i2d                   
000017cf  __aeabi_idiv0                 
000017cf  __aeabi_ldiv0                 
0000441f  __aeabi_lmul                  
00003afb  __aeabi_memclr                
00003afb  __aeabi_memclr4               
00003afb  __aeabi_memclr8               
00003843  __aeabi_memcpy                
00003843  __aeabi_memcpy4               
00003843  __aeabi_memcpy8               
00003afd  __aeabi_memset                
00003afd  __aeabi_memset4               
00003afd  __aeabi_memset8               
000038df  __aeabi_uldivmod              
ffffffff  __binit__                     
ffffffff  __c_args__                    
UNDEFED   __mpu_init                    
20000270  __stack                       
20000000  __start___llvm_prf_cnts       
20000000  __stop___llvm_prf_cnts        
00004271  _c_int00_noargs               
000045d8  _ctypes_                      
UNDEFED   _system_post_cinit            
000045cf  _system_pre_init              
000045d3  abort                         
20000494  adc_degeri                    
2000049d  adc_oku_flag                  
00004031  atoi                          
ffffffff  binit                         
000043bd  copysign                      
000043bd  copysignl                     
200004a0  dakika                        
2000049c  ekran_guncelle                
200004a8  errno                         
00003d89  frexp                         
00003d89  frexpl                        
20000000  g_pfnRAMVectors               
00000000  g_pfnVectors                  
00001891  lcd_gotoxy                    
000017d1  lcd_init                      
00001823  lcd_komut                     
00001853  lcd_yaz                       
00003381  ldexp                         
00003381  ldexpl                        
00001b4f  main                          
00004387  memccpy                       
00003843  memcpy                        
00003b03  memset                        
20000488  pot_buffer                    
2000049f  saat                          
2000047c  saat_buffer                   
200004a1  saniye                        
00003381  scalbn                        
00003381  scalbnl                       
20000498  sicaklik                      
00004151  sprintf                       
000041d1  sscanf                        
00004491  strchr                        
000044bb  strcpy                        
000044cf  strlen                        
00004437  strrchr                       
00001ea5  strtod                        
00003015  strtol                        
00001ea5  strtold                       
00002575  strtoll                       
00003491  strtoul                       
00002c45  strtoull                      
2000049e  uart_gonder                   
00004507  wcslen                        


GLOBAL SYMBOLS: SORTED BY Symbol Address 

address   name                          
-------   ----                          
00000000  __TI_static_base__            
00000000  g_pfnVectors                  
00000200  __STACK_SIZE                  
0000026d  __TI_scanfi                   
00000d81  __TI_printfi                  
000017cf  __aeabi_idiv0                 
000017cf  __aeabi_ldiv0                 
000017d1  lcd_init                      
00001823  lcd_komut                     
00001853  lcd_yaz                       
00001891  lcd_gotoxy                    
0000194d  Lcd_init                      
00001955  Lcd_Temizle                   
00001967  Lcd_Goto                      
0000197f  Lcd_Puts                      
00001b4f  main                          
00001c5d  Timer0_ISR                    
00001cbf  ADC_Oku                       
00001cf5  UART0_Init                    
00001d35  UART0_SendLine                
00001d8d  AyarlariYap                   
00001ea5  strtod                        
00001ea5  strtold                       
00002575  strtoll                       
00002921  __aeabi_dsub                  
0000292b  __aeabi_dadd                  
00002ad9  GPIOPadConfigSet              
00002c45  strtoull                      
00002edd  __aeabi_ddiv                  
00003015  strtol                        
00003269  SysCtlClockGet                
00003381  ldexp                         
00003381  ldexpl                        
00003381  scalbn                        
00003381  scalbnl                       
00003491  strtoul                       
000035a1  __aeabi_dmul                  
0000369d  SysCtlClockSet                
00003843  __aeabi_memcpy                
00003843  __aeabi_memcpy4               
00003843  __aeabi_memcpy8               
00003843  memcpy                        
000038df  __aeabi_uldivmod              
00003975  __aeabi_cdcmpeq               
00003975  __aeabi_cdcmple               
000039fb  __aeabi_cdrcmple              
00003a81  ADCSequenceStepConfigure      
00003afb  __aeabi_memclr                
00003afb  __aeabi_memclr4               
00003afb  __aeabi_memclr8               
00003afd  __aeabi_memset                
00003afd  __aeabi_memset4               
00003afd  __aeabi_memset8               
00003b03  memset                        
00003be3  __aeabi_d2f                   
00003c51  IntEnable                     
00003d21  __TI_decompress_lzss          
00003d89  frexp                         
00003d89  frexpl                        
00003ded  TimerConfigure                
00003ea3  __TI_ltoa                     
00003f49  ADCSequenceConfigure          
00003f99  GPIOPinConfigure              
00004031  atoi                          
0000407d  __aeabi_d2iz                  
000040c5  UARTConfigSetExpClk           
0000410d  __TI_auto_init_nobinit_nopinit
00004151  sprintf                       
000041d1  sscanf                        
00004209  IntRegister                   
0000423d  SysCtlPeripheralEnable        
00004271  _c_int00_noargs               
000042a5  ADCIntStatus                  
000042d3  __aeabi_i2d                   
00004301  GPIODirModeSet                
0000432d  UARTDisable                   
0000434d  ADCSequenceDataGet            
0000436b  __TI_zero_init_nomemset       
00004387  memccpy                       
000043a3  GPIOPinTypeGPIOOutput         
000043bd  copysign                      
000043bd  copysignl                     
000043d7  ADCProcessorTrigger           
000043ef  TimerIntRegister              
0000441f  __aeabi_lmul                  
00004437  strrchr                       
0000444f  GPIOPinTypeADC                
00004465  GPIOPinTypeGPIOInput          
0000447b  GPIOPinTypeUART               
00004491  strchr                        
000044a7  UARTEnable                    
000044bb  strcpy                        
000044cf  strlen                        
000044e3  TimerLoadSet                  
00004507  wcslen                        
00004519  IntMasterEnable               
00004529  ADCSequenceEnable             
00004537  TimerEnable                   
00004545  UARTCharsAvail                
00004553  __TI_decompress_none          
00004561  CPUcpsie                      
0000456d  ResetISR                      
00004579  ADCIntClear                   
00004583  UARTCharGet                   
0000458d  UARTCharPut                   
000045a1  TimerIntEnable                
000045a9  __aeabi_errno_addr            
000045b9  GPIOPinRead                   
000045bf  GPIOPinWrite                  
000045c5  SysCtlDelay                   
000045cb  TimerIntClear                 
000045cf  _system_pre_init              
000045d3  C$$EXIT                       
000045d3  abort                         
000045d8  _ctypes_                      
00004978  __TI_Handler_Table_Base       
00004984  __TI_Handler_Table_Limit      
00004998  __TI_CINIT_Base               
000049b0  __TI_CINIT_Limit              
20000000  __start___llvm_prf_cnts       
20000000  __stop___llvm_prf_cnts        
20000000  g_pfnRAMVectors               
20000270  __stack                       
20000470  __STACK_END                   
20000470  __STACK_TOP                   
2000047c  saat_buffer                   
20000488  pot_buffer                    
20000494  adc_degeri                    
20000498  sicaklik                      
2000049c  ekran_guncelle                
2000049d  adc_oku_flag                  
2000049e  uart_gonder                   
2000049f  saat                          
200004a0  dakika                        
200004a1  saniye                        
200004a8  errno                         
ffffffff  __TI_pprof_out_hndl           
ffffffff  __TI_prof_data_size           
ffffffff  __TI_prof_data_start          
ffffffff  __binit__                     
ffffffff  __c_args__                    
ffffffff  binit                         
UNDEFED   __mpu_init                    
UNDEFED   _system_post_cinit            

[144 symbols]
