<?xml version="1.0" encoding="ISO-8859-1" ?>
<link_info>
   <banner>TI ARM Linker PC v20.2.5.LTS</banner>
   <copyright>Copyright (c) 1996-2018 Texas Instruments Incorporated</copyright>
   <link_time>0x695284bb</link_time>
   <link_errors>0x0</link_errors>
   <output_file>13haftasonodev2.out</output_file>
   <entry_point>
      <name>_c_int00_noargs</name>
      <address>0x4271</address>
   </entry_point>
   <input_file_list>
      <input_file id="fl-2">
         <path>.\</path>
         <kind>object</kind>
         <file>main.obj</file>
         <name>main.obj</name>
      </input_file>
      <input_file id="fl-3">
         <path>.\</path>
         <kind>object</kind>
         <file>tm4c123gh6pm_startup_ccs.obj</file>
         <name>tm4c123gh6pm_startup_ccs.obj</name>
      </input_file>
      <input_file id="fl-8">
         <kind>object</kind>
         <file>&lt;internal&gt;</file>
         <name>&lt;internal&gt;</name>
      </input_file>
      <input_file id="fl-be">
         <path>C:\ti\ccs1040\ccs\tools\compiler\ti-cgt-arm_20.2.5.LTS\lib\</path>
         <kind>archive</kind>
         <file>rtsv7M4_T_le_v4SPD16_eabi.lib</file>
         <name>sprintf.c.obj</name>
      </input_file>
      <input_file id="fl-bf">
         <path>C:\ti\ccs1040\ccs\tools\compiler\ti-cgt-arm_20.2.5.LTS\lib\</path>
         <kind>archive</kind>
         <file>rtsv7M4_T_le_v4SPD16_eabi.lib</file>
         <name>sscanf.c.obj</name>
      </input_file>
      <input_file id="fl-c0">
         <path>C:\ti\ccs1040\ccs\tools\compiler\ti-cgt-arm_20.2.5.LTS\lib\</path>
         <kind>archive</kind>
         <file>rtsv7M4_T_le_v4SPD16_eabi.lib</file>
         <name>memcpy_t2.asm.obj</name>
      </input_file>
      <input_file id="fl-c1">
         <path>C:\ti\ccs1040\ccs\tools\compiler\ti-cgt-arm_20.2.5.LTS\lib\</path>
         <kind>archive</kind>
         <file>rtsv7M4_T_le_v4SPD16_eabi.lib</file>
         <name>memset_t2.asm.obj</name>
      </input_file>
      <input_file id="fl-c2">
         <path>C:\ti\ccs1040\ccs\tools\compiler\ti-cgt-arm_20.2.5.LTS\lib\</path>
         <kind>archive</kind>
         <file>rtsv7M4_T_le_v4SPD16_eabi.lib</file>
         <name>copy_zero_init.c.obj</name>
      </input_file>
      <input_file id="fl-c3">
         <path>C:\ti\ccs1040\ccs\tools\compiler\ti-cgt-arm_20.2.5.LTS\lib\</path>
         <kind>archive</kind>
         <file>rtsv7M4_T_le_v4SPD16_eabi.lib</file>
         <name>copy_decompress_none.c.obj</name>
      </input_file>
      <input_file id="fl-c4">
         <path>C:\ti\ccs1040\ccs\tools\compiler\ti-cgt-arm_20.2.5.LTS\lib\</path>
         <kind>archive</kind>
         <file>rtsv7M4_T_le_v4SPD16_eabi.lib</file>
         <name>copy_decompress_lzss.c.obj</name>
      </input_file>
      <input_file id="fl-c5">
         <path>C:\ti\ccs1040\ccs\tools\compiler\ti-cgt-arm_20.2.5.LTS\lib\</path>
         <kind>archive</kind>
         <file>rtsv7M4_T_le_v4SPD16_eabi.lib</file>
         <name>ctype.c.obj</name>
      </input_file>
      <input_file id="fl-c6">
         <path>C:\ti\ccs1040\ccs\tools\compiler\ti-cgt-arm_20.2.5.LTS\lib\</path>
         <kind>archive</kind>
         <file>rtsv7M4_T_le_v4SPD16_eabi.lib</file>
         <name>boot_cortex_m.c.obj</name>
      </input_file>
      <input_file id="fl-c7">
         <path>C:\ti\ccs1040\ccs\tools\compiler\ti-cgt-arm_20.2.5.LTS\lib\</path>
         <kind>archive</kind>
         <file>rtsv7M4_T_le_v4SPD16_eabi.lib</file>
         <name>_printfi.c.obj</name>
      </input_file>
      <input_file id="fl-c8">
         <path>C:\ti\ccs1040\ccs\tools\compiler\ti-cgt-arm_20.2.5.LTS\lib\</path>
         <kind>archive</kind>
         <file>rtsv7M4_T_le_v4SPD16_eabi.lib</file>
         <name>_scanfi.c.obj</name>
      </input_file>
      <input_file id="fl-c9">
         <path>C:\ti\ccs1040\ccs\tools\compiler\ti-cgt-arm_20.2.5.LTS\lib\</path>
         <kind>archive</kind>
         <file>rtsv7M4_T_le_v4SPD16_eabi.lib</file>
         <name>s_frexp.c.obj</name>
      </input_file>
      <input_file id="fl-ca">
         <path>C:\ti\ccs1040\ccs\tools\compiler\ti-cgt-arm_20.2.5.LTS\lib\</path>
         <kind>archive</kind>
         <file>rtsv7M4_T_le_v4SPD16_eabi.lib</file>
         <name>s_scalbn.c.obj</name>
      </input_file>
      <input_file id="fl-cb">
         <path>C:\ti\ccs1040\ccs\tools\compiler\ti-cgt-arm_20.2.5.LTS\lib\</path>
         <kind>archive</kind>
         <file>rtsv7M4_T_le_v4SPD16_eabi.lib</file>
         <name>wcslen.c.obj</name>
      </input_file>
      <input_file id="fl-cc">
         <path>C:\ti\ccs1040\ccs\tools\compiler\ti-cgt-arm_20.2.5.LTS\lib\</path>
         <kind>archive</kind>
         <file>rtsv7M4_T_le_v4SPD16_eabi.lib</file>
         <name>fd_add_t2.asm.obj</name>
      </input_file>
      <input_file id="fl-cd">
         <path>C:\ti\ccs1040\ccs\tools\compiler\ti-cgt-arm_20.2.5.LTS\lib\</path>
         <kind>archive</kind>
         <file>rtsv7M4_T_le_v4SPD16_eabi.lib</file>
         <name>fd_cmp_t2.asm.obj</name>
      </input_file>
      <input_file id="fl-ce">
         <path>C:\ti\ccs1040\ccs\tools\compiler\ti-cgt-arm_20.2.5.LTS\lib\</path>
         <kind>archive</kind>
         <file>rtsv7M4_T_le_v4SPD16_eabi.lib</file>
         <name>fd_div_t2.asm.obj</name>
      </input_file>
      <input_file id="fl-cf">
         <path>C:\ti\ccs1040\ccs\tools\compiler\ti-cgt-arm_20.2.5.LTS\lib\</path>
         <kind>archive</kind>
         <file>rtsv7M4_T_le_v4SPD16_eabi.lib</file>
         <name>fd_mul_t2.asm.obj</name>
      </input_file>
      <input_file id="fl-d0">
         <path>C:\ti\ccs1040\ccs\tools\compiler\ti-cgt-arm_20.2.5.LTS\lib\</path>
         <kind>archive</kind>
         <file>rtsv7M4_T_le_v4SPD16_eabi.lib</file>
         <name>fd_toi_t2.asm.obj</name>
      </input_file>
      <input_file id="fl-d1">
         <path>C:\ti\ccs1040\ccs\tools\compiler\ti-cgt-arm_20.2.5.LTS\lib\</path>
         <kind>archive</kind>
         <file>rtsv7M4_T_le_v4SPD16_eabi.lib</file>
         <name>fd_tos_t2.asm.obj</name>
      </input_file>
      <input_file id="fl-d2">
         <path>C:\ti\ccs1040\ccs\tools\compiler\ti-cgt-arm_20.2.5.LTS\lib\</path>
         <kind>archive</kind>
         <file>rtsv7M4_T_le_v4SPD16_eabi.lib</file>
         <name>i_tofd_t2.asm.obj</name>
      </input_file>
      <input_file id="fl-d3">
         <path>C:\ti\ccs1040\ccs\tools\compiler\ti-cgt-arm_20.2.5.LTS\lib\</path>
         <kind>archive</kind>
         <file>rtsv7M4_T_le_v4SPD16_eabi.lib</file>
         <name>ull_div_t2.asm.obj</name>
      </input_file>
      <input_file id="fl-d4">
         <path>C:\ti\ccs1040\ccs\tools\compiler\ti-cgt-arm_20.2.5.LTS\lib\</path>
         <kind>archive</kind>
         <file>rtsv7M4_T_le_v4SPD16_eabi.lib</file>
         <name>autoinit.c.obj</name>
      </input_file>
      <input_file id="fl-d5">
         <path>C:\ti\ccs1040\ccs\tools\compiler\ti-cgt-arm_20.2.5.LTS\lib\</path>
         <kind>archive</kind>
         <file>rtsv7M4_T_le_v4SPD16_eabi.lib</file>
         <name>pre_init.c.obj</name>
      </input_file>
      <input_file id="fl-d6">
         <path>C:\ti\ccs1040\ccs\tools\compiler\ti-cgt-arm_20.2.5.LTS\lib\</path>
         <kind>archive</kind>
         <file>rtsv7M4_T_le_v4SPD16_eabi.lib</file>
         <name>cpy_tbl.c.obj</name>
      </input_file>
      <input_file id="fl-d7">
         <path>C:\ti\ccs1040\ccs\tools\compiler\ti-cgt-arm_20.2.5.LTS\lib\</path>
         <kind>archive</kind>
         <file>rtsv7M4_T_le_v4SPD16_eabi.lib</file>
         <name>exit.c.obj</name>
      </input_file>
      <input_file id="fl-d8">
         <path>C:\ti\ccs1040\ccs\tools\compiler\ti-cgt-arm_20.2.5.LTS\lib\</path>
         <kind>archive</kind>
         <file>rtsv7M4_T_le_v4SPD16_eabi.lib</file>
         <name>_lock.c.obj</name>
      </input_file>
      <input_file id="fl-d9">
         <path>C:\ti\ccs1040\ccs\tools\compiler\ti-cgt-arm_20.2.5.LTS\lib\</path>
         <kind>archive</kind>
         <file>rtsv7M4_T_le_v4SPD16_eabi.lib</file>
         <name>_ltoa.c.obj</name>
      </input_file>
      <input_file id="fl-da">
         <path>C:\ti\ccs1040\ccs\tools\compiler\ti-cgt-arm_20.2.5.LTS\lib\</path>
         <kind>archive</kind>
         <file>rtsv7M4_T_le_v4SPD16_eabi.lib</file>
         <name>args_main.c.obj</name>
      </input_file>
      <input_file id="fl-db">
         <path>C:\ti\ccs1040\ccs\tools\compiler\ti-cgt-arm_20.2.5.LTS\lib\</path>
         <kind>archive</kind>
         <file>rtsv7M4_T_le_v4SPD16_eabi.lib</file>
         <name>atoi.c.obj</name>
      </input_file>
      <input_file id="fl-dc">
         <path>C:\ti\ccs1040\ccs\tools\compiler\ti-cgt-arm_20.2.5.LTS\lib\</path>
         <kind>archive</kind>
         <file>rtsv7M4_T_le_v4SPD16_eabi.lib</file>
         <name>memccpy.c.obj</name>
      </input_file>
      <input_file id="fl-dd">
         <path>C:\ti\ccs1040\ccs\tools\compiler\ti-cgt-arm_20.2.5.LTS\lib\</path>
         <kind>archive</kind>
         <file>rtsv7M4_T_le_v4SPD16_eabi.lib</file>
         <name>strchr.c.obj</name>
      </input_file>
      <input_file id="fl-de">
         <path>C:\ti\ccs1040\ccs\tools\compiler\ti-cgt-arm_20.2.5.LTS\lib\</path>
         <kind>archive</kind>
         <file>rtsv7M4_T_le_v4SPD16_eabi.lib</file>
         <name>strcpy.c.obj</name>
      </input_file>
      <input_file id="fl-df">
         <path>C:\ti\ccs1040\ccs\tools\compiler\ti-cgt-arm_20.2.5.LTS\lib\</path>
         <kind>archive</kind>
         <file>rtsv7M4_T_le_v4SPD16_eabi.lib</file>
         <name>strlen.c.obj</name>
      </input_file>
      <input_file id="fl-e0">
         <path>C:\ti\ccs1040\ccs\tools\compiler\ti-cgt-arm_20.2.5.LTS\lib\</path>
         <kind>archive</kind>
         <file>rtsv7M4_T_le_v4SPD16_eabi.lib</file>
         <name>strrchr.c.obj</name>
      </input_file>
      <input_file id="fl-e1">
         <path>C:\ti\ccs1040\ccs\tools\compiler\ti-cgt-arm_20.2.5.LTS\lib\</path>
         <kind>archive</kind>
         <file>rtsv7M4_T_le_v4SPD16_eabi.lib</file>
         <name>strtod.c.obj</name>
      </input_file>
      <input_file id="fl-e2">
         <path>C:\ti\ccs1040\ccs\tools\compiler\ti-cgt-arm_20.2.5.LTS\lib\</path>
         <kind>archive</kind>
         <file>rtsv7M4_T_le_v4SPD16_eabi.lib</file>
         <name>strtol.c.obj</name>
      </input_file>
      <input_file id="fl-e3">
         <path>C:\ti\ccs1040\ccs\tools\compiler\ti-cgt-arm_20.2.5.LTS\lib\</path>
         <kind>archive</kind>
         <file>rtsv7M4_T_le_v4SPD16_eabi.lib</file>
         <name>strtoll.c.obj</name>
      </input_file>
      <input_file id="fl-e4">
         <path>C:\ti\ccs1040\ccs\tools\compiler\ti-cgt-arm_20.2.5.LTS\lib\</path>
         <kind>archive</kind>
         <file>rtsv7M4_T_le_v4SPD16_eabi.lib</file>
         <name>strtoul.c.obj</name>
      </input_file>
      <input_file id="fl-e5">
         <path>C:\ti\ccs1040\ccs\tools\compiler\ti-cgt-arm_20.2.5.LTS\lib\</path>
         <kind>archive</kind>
         <file>rtsv7M4_T_le_v4SPD16_eabi.lib</file>
         <name>strtoull.c.obj</name>
      </input_file>
      <input_file id="fl-e6">
         <path>C:\ti\ccs1040\ccs\tools\compiler\ti-cgt-arm_20.2.5.LTS\lib\</path>
         <kind>archive</kind>
         <file>rtsv7M4_T_le_v4SPD16_eabi.lib</file>
         <name>errno.c.obj</name>
      </input_file>
      <input_file id="fl-e7">
         <path>C:\ti\ccs1040\ccs\tools\compiler\ti-cgt-arm_20.2.5.LTS\lib\</path>
         <kind>archive</kind>
         <file>rtsv7M4_T_le_v4SPD16_eabi.lib</file>
         <name>s_copysign.c.obj</name>
      </input_file>
      <input_file id="fl-e8">
         <path>C:\ti\ccs1040\ccs\tools\compiler\ti-cgt-arm_20.2.5.LTS\lib\</path>
         <kind>archive</kind>
         <file>rtsv7M4_T_le_v4SPD16_eabi.lib</file>
         <name>div0.asm.obj</name>
      </input_file>
      <input_file id="fl-e9">
         <path>C:\ti\ccs1040\ccs\tools\compiler\ti-cgt-arm_20.2.5.LTS\lib\</path>
         <kind>archive</kind>
         <file>rtsv7M4_T_le_v4SPD16_eabi.lib</file>
         <name>ll_mul_t2.asm.obj</name>
      </input_file>
      <input_file id="fl-ea">
         <path>C:\ti\TivaWare_C_Series-2.2.0.295\driverlib\ccs\Debug\</path>
         <kind>archive</kind>
         <file>driverlib.lib</file>
         <name>adc.obj</name>
      </input_file>
      <input_file id="fl-eb">
         <path>C:\ti\TivaWare_C_Series-2.2.0.295\driverlib\ccs\Debug\</path>
         <kind>archive</kind>
         <file>driverlib.lib</file>
         <name>gpio.obj</name>
      </input_file>
      <input_file id="fl-ec">
         <path>C:\ti\TivaWare_C_Series-2.2.0.295\driverlib\ccs\Debug\</path>
         <kind>archive</kind>
         <file>driverlib.lib</file>
         <name>interrupt.obj</name>
      </input_file>
      <input_file id="fl-ed">
         <path>C:\ti\TivaWare_C_Series-2.2.0.295\driverlib\ccs\Debug\</path>
         <kind>archive</kind>
         <file>driverlib.lib</file>
         <name>sysctl.obj</name>
      </input_file>
      <input_file id="fl-ee">
         <path>C:\ti\TivaWare_C_Series-2.2.0.295\driverlib\ccs\Debug\</path>
         <kind>archive</kind>
         <file>driverlib.lib</file>
         <name>timer.obj</name>
      </input_file>
      <input_file id="fl-ef">
         <path>C:\ti\TivaWare_C_Series-2.2.0.295\driverlib\ccs\Debug\</path>
         <kind>archive</kind>
         <file>driverlib.lib</file>
         <name>uart.obj</name>
      </input_file>
      <input_file id="fl-f0">
         <path>C:\ti\TivaWare_C_Series-2.2.0.295\driverlib\ccs\Debug\</path>
         <kind>archive</kind>
         <file>driverlib.lib</file>
         <name>cpu.obj</name>
      </input_file>
   </input_file_list>
   <object_component_list>
      <object_component id="oc-12">
         <name>.intvecs</name>
         <load_address>0x0</load_address>
         <run_address>0x0</run_address>
         <size>0x26c</size>
         <input_file_ref idref="fl-3"/>
      </object_component>
      <object_component id="oc-1f1">
         <name>.text:__TI_scanfi</name>
         <load_address>0x26c</load_address>
         <run_address>0x26c</run_address>
         <size>0xb14</size>
         <input_file_ref idref="fl-c8"/>
      </object_component>
      <object_component id="oc-216">
         <name>.text:__TI_printfi</name>
         <load_address>0xd80</load_address>
         <run_address>0xd80</run_address>
         <size>0xa4e</size>
         <input_file_ref idref="fl-c7"/>
      </object_component>
      <object_component id="oc-420">
         <name>.text</name>
         <load_address>0x17ce</load_address>
         <run_address>0x17ce</run_address>
         <size>0x2</size>
         <input_file_ref idref="fl-e8"/>
      </object_component>
      <object_component id="oc-9b">
         <name>.text</name>
         <load_address>0x17d0</load_address>
         <run_address>0x17d0</run_address>
         <size>0x6d4</size>
         <input_file_ref idref="fl-2"/>
      </object_component>
      <object_component id="oc-2b4">
         <name>.text:strtod</name>
         <load_address>0x1ea4</load_address>
         <run_address>0x1ea4</run_address>
         <size>0x460</size>
         <input_file_ref idref="fl-e1"/>
      </object_component>
      <object_component id="oc-313">
         <name>.text:_pconv_a</name>
         <load_address>0x2304</load_address>
         <run_address>0x2304</run_address>
         <size>0x270</size>
         <input_file_ref idref="fl-c7"/>
      </object_component>
      <object_component id="oc-2c5">
         <name>.text:strtoll</name>
         <load_address>0x2574</load_address>
         <run_address>0x2574</run_address>
         <size>0x1dc</size>
         <input_file_ref idref="fl-e3"/>
      </object_component>
      <object_component id="oc-301">
         <name>.text:_pconv_g</name>
         <load_address>0x2750</load_address>
         <run_address>0x2750</run_address>
         <size>0x1d0</size>
         <input_file_ref idref="fl-c7"/>
      </object_component>
      <object_component id="oc-388">
         <name>.text</name>
         <load_address>0x2920</load_address>
         <run_address>0x2920</run_address>
         <size>0x1b6</size>
         <input_file_ref idref="fl-cc"/>
      </object_component>
      <object_component id="oc-151">
         <name>.text:GPIOPadConfigSet</name>
         <load_address>0x2ad8</load_address>
         <run_address>0x2ad8</run_address>
         <size>0x16c</size>
         <input_file_ref idref="fl-eb"/>
      </object_component>
      <object_component id="oc-2a8">
         <name>.text:strtoull</name>
         <load_address>0x2c44</load_address>
         <run_address>0x2c44</run_address>
         <size>0x15c</size>
         <input_file_ref idref="fl-e5"/>
      </object_component>
      <object_component id="oc-30d">
         <name>.text:_pconv_e</name>
         <load_address>0x2da0</load_address>
         <run_address>0x2da0</run_address>
         <size>0x13c</size>
         <input_file_ref idref="fl-c7"/>
      </object_component>
      <object_component id="oc-38d">
         <name>.text</name>
         <load_address>0x2edc</load_address>
         <run_address>0x2edc</run_address>
         <size>0x136</size>
         <input_file_ref idref="fl-ce"/>
      </object_component>
      <object_component id="oc-2bf">
         <name>.text:strtol</name>
         <load_address>0x3014</load_address>
         <run_address>0x3014</run_address>
         <size>0x130</size>
         <input_file_ref idref="fl-e2"/>
      </object_component>
      <object_component id="oc-3de">
         <name>.text:fcvt</name>
         <load_address>0x3144</load_address>
         <run_address>0x3144</run_address>
         <size>0x124</size>
         <input_file_ref idref="fl-c7"/>
      </object_component>
      <object_component id="oc-fa">
         <name>.text:SysCtlClockGet</name>
         <load_address>0x3268</load_address>
         <run_address>0x3268</run_address>
         <size>0x118</size>
         <input_file_ref idref="fl-ed"/>
      </object_component>
      <object_component id="oc-392">
         <name>.text:scalbn</name>
         <load_address>0x3380</load_address>
         <run_address>0x3380</run_address>
         <size>0x110</size>
         <input_file_ref idref="fl-ca"/>
      </object_component>
      <object_component id="oc-2ae">
         <name>.text:strtoul</name>
         <load_address>0x3490</load_address>
         <run_address>0x3490</run_address>
         <size>0x110</size>
         <input_file_ref idref="fl-e4"/>
      </object_component>
      <object_component id="oc-383">
         <name>.text</name>
         <load_address>0x35a0</load_address>
         <run_address>0x35a0</run_address>
         <size>0xfc</size>
         <input_file_ref idref="fl-cf"/>
      </object_component>
      <object_component id="oc-145">
         <name>.text:SysCtlClockSet</name>
         <load_address>0x369c</load_address>
         <run_address>0x369c</run_address>
         <size>0xf4</size>
         <input_file_ref idref="fl-ed"/>
      </object_component>
      <object_component id="oc-2f6">
         <name>.text:_ltostr</name>
         <load_address>0x3790</load_address>
         <run_address>0x3790</run_address>
         <size>0xb1</size>
         <input_file_ref idref="fl-c7"/>
      </object_component>
      <object_component id="oc-3b">
         <name>.text</name>
         <load_address>0x3842</load_address>
         <run_address>0x3842</run_address>
         <size>0x9c</size>
         <input_file_ref idref="fl-c0"/>
      </object_component>
      <object_component id="oc-37a">
         <name>.text</name>
         <load_address>0x38de</load_address>
         <run_address>0x38de</run_address>
         <size>0x96</size>
         <input_file_ref idref="fl-d3"/>
      </object_component>
      <object_component id="oc-2fc">
         <name>.text:__aeabi_cdcmple</name>
         <load_address>0x3974</load_address>
         <run_address>0x3974</run_address>
         <size>0x86</size>
         <input_file_ref idref="fl-cd"/>
      </object_component>
      <object_component id="oc-3bc">
         <name>.text:__aeabi_cdrcmple</name>
         <load_address>0x39fa</load_address>
         <run_address>0x39fa</run_address>
         <size>0x86</size>
         <input_file_ref idref="fl-cd"/>
      </object_component>
      <object_component id="oc-163">
         <name>.text:ADCSequenceStepConfigure</name>
         <load_address>0x3a80</load_address>
         <run_address>0x3a80</run_address>
         <size>0x7a</size>
         <input_file_ref idref="fl-ea"/>
      </object_component>
      <object_component id="oc-8f">
         <name>.text</name>
         <load_address>0x3afa</load_address>
         <run_address>0x3afa</run_address>
         <size>0x7a</size>
         <input_file_ref idref="fl-c1"/>
      </object_component>
      <object_component id="oc-3d7">
         <name>.text:_mcpy</name>
         <load_address>0x3b74</load_address>
         <run_address>0x3b74</run_address>
         <size>0x6e</size>
         <input_file_ref idref="fl-c7"/>
      </object_component>
      <object_component id="oc-2ba">
         <name>.text</name>
         <load_address>0x3be2</load_address>
         <run_address>0x3be2</run_address>
         <size>0x6e</size>
         <input_file_ref idref="fl-d1"/>
      </object_component>
      <object_component id="oc-187">
         <name>.text:IntEnable</name>
         <load_address>0x3c50</load_address>
         <run_address>0x3c50</run_address>
         <size>0x68</size>
         <input_file_ref idref="fl-ec"/>
      </object_component>
      <object_component id="oc-203">
         <name>.text:_chkmbc</name>
         <load_address>0x3cb8</load_address>
         <run_address>0x3cb8</run_address>
         <size>0x68</size>
         <input_file_ref idref="fl-bf"/>
      </object_component>
      <object_component id="oc-15">
         <name>.text:decompress:lzss:__TI_decompress_lzss</name>
         <load_address>0x3d20</load_address>
         <run_address>0x3d20</run_address>
         <size>0x68</size>
         <input_file_ref idref="fl-c4"/>
      </object_component>
      <object_component id="oc-3ec">
         <name>.text:frexp</name>
         <load_address>0x3d88</load_address>
         <run_address>0x3d88</run_address>
         <size>0x64</size>
         <input_file_ref idref="fl-c9"/>
      </object_component>
      <object_component id="oc-16f">
         <name>.text:TimerConfigure</name>
         <load_address>0x3dec</load_address>
         <run_address>0x3dec</run_address>
         <size>0x60</size>
         <input_file_ref idref="fl-ee"/>
      </object_component>
      <object_component id="oc-307">
         <name>.text:_pconv_f</name>
         <load_address>0x3e4c</load_address>
         <run_address>0x3e4c</run_address>
         <size>0x56</size>
         <input_file_ref idref="fl-c7"/>
      </object_component>
      <object_component id="oc-3c6">
         <name>.text:__TI_ltoa</name>
         <load_address>0x3ea2</load_address>
         <run_address>0x3ea2</run_address>
         <size>0x54</size>
         <input_file_ref idref="fl-d9"/>
      </object_component>
      <object_component id="oc-3d1">
         <name>.text:_ecpy</name>
         <load_address>0x3ef6</load_address>
         <run_address>0x3ef6</run_address>
         <size>0x52</size>
         <input_file_ref idref="fl-c7"/>
      </object_component>
      <object_component id="oc-15d">
         <name>.text:ADCSequenceConfigure</name>
         <load_address>0x3f48</load_address>
         <run_address>0x3f48</run_address>
         <size>0x4e</size>
         <input_file_ref idref="fl-ea"/>
      </object_component>
      <object_component id="oc-12a">
         <name>.text:GPIOPinConfigure</name>
         <load_address>0x3f98</load_address>
         <run_address>0x3f98</run_address>
         <size>0x4c</size>
         <input_file_ref idref="fl-eb"/>
      </object_component>
      <object_component id="oc-24d">
         <name>.text:_TimerIntNumberGet</name>
         <load_address>0x3fe4</load_address>
         <run_address>0x3fe4</run_address>
         <size>0x4c</size>
         <input_file_ref idref="fl-ee"/>
      </object_component>
      <object_component id="oc-2d4">
         <name>.text:atoi</name>
         <load_address>0x4030</load_address>
         <run_address>0x4030</run_address>
         <size>0x4c</size>
         <input_file_ref idref="fl-db"/>
      </object_component>
      <object_component id="oc-3c1">
         <name>.text</name>
         <load_address>0x407c</load_address>
         <run_address>0x407c</run_address>
         <size>0x48</size>
         <input_file_ref idref="fl-d0"/>
      </object_component>
      <object_component id="oc-136">
         <name>.text:UARTConfigSetExpClk</name>
         <load_address>0x40c4</load_address>
         <run_address>0x40c4</run_address>
         <size>0x46</size>
         <input_file_ref idref="fl-ef"/>
      </object_component>
      <object_component id="oc-1aa">
         <name>.text:__TI_auto_init_nobinit_nopinit:__TI_auto_init_nobinit_nopinit</name>
         <load_address>0x410c</load_address>
         <run_address>0x410c</run_address>
         <size>0x44</size>
         <input_file_ref idref="fl-d4"/>
      </object_component>
      <object_component id="oc-100">
         <name>.text:sprintf</name>
         <load_address>0x4150</load_address>
         <run_address>0x4150</run_address>
         <size>0x40</size>
         <input_file_ref idref="fl-be"/>
      </object_component>
      <object_component id="oc-3e4">
         <name>.text:_fcpy</name>
         <load_address>0x4190</load_address>
         <run_address>0x4190</run_address>
         <size>0x3e</size>
         <input_file_ref idref="fl-c7"/>
      </object_component>
      <object_component id="oc-e8">
         <name>.text:sscanf</name>
         <load_address>0x41d0</load_address>
         <run_address>0x41d0</run_address>
         <size>0x38</size>
         <input_file_ref idref="fl-bf"/>
      </object_component>
      <object_component id="oc-253">
         <name>.text:IntRegister</name>
         <load_address>0x4208</load_address>
         <run_address>0x4208</run_address>
         <size>0x34</size>
         <input_file_ref idref="fl-ec"/>
      </object_component>
      <object_component id="oc-c9">
         <name>.text:SysCtlPeripheralEnable</name>
         <load_address>0x423c</load_address>
         <run_address>0x423c</run_address>
         <size>0x34</size>
         <input_file_ref idref="fl-ed"/>
      </object_component>
      <object_component id="oc-59">
         <name>.text:_c_int00_noargs:_c_int00_noargs</name>
         <load_address>0x4270</load_address>
         <run_address>0x4270</run_address>
         <size>0x34</size>
         <input_file_ref idref="fl-c6"/>
      </object_component>
      <object_component id="oc-118">
         <name>.text:ADCIntStatus</name>
         <load_address>0x42a4</load_address>
         <run_address>0x42a4</run_address>
         <size>0x2e</size>
         <input_file_ref idref="fl-ea"/>
      </object_component>
      <object_component id="oc-3cc">
         <name>.text</name>
         <load_address>0x42d2</load_address>
         <run_address>0x42d2</run_address>
         <size>0x2e</size>
         <input_file_ref idref="fl-d2"/>
      </object_component>
      <object_component id="oc-1e5">
         <name>.text:GPIODirModeSet</name>
         <load_address>0x4300</load_address>
         <run_address>0x4300</run_address>
         <size>0x2c</size>
         <input_file_ref idref="fl-eb"/>
      </object_component>
      <object_component id="oc-23a">
         <name>.text:UARTDisable</name>
         <load_address>0x432c</load_address>
         <run_address>0x432c</run_address>
         <size>0x20</size>
         <input_file_ref idref="fl-ef"/>
      </object_component>
      <object_component id="oc-124">
         <name>.text:ADCSequenceDataGet</name>
         <load_address>0x434c</load_address>
         <run_address>0x434c</run_address>
         <size>0x1e</size>
         <input_file_ref idref="fl-ea"/>
      </object_component>
      <object_component id="oc-47">
         <name>.text:decompress:ZI:__TI_zero_init_nomemset:__TI_zero_init_nomemset</name>
         <load_address>0x436a</load_address>
         <run_address>0x436a</run_address>
         <size>0x1c</size>
         <input_file_ref idref="fl-c2"/>
      </object_component>
      <object_component id="oc-319">
         <name>.text:memccpy</name>
         <load_address>0x4386</load_address>
         <run_address>0x4386</run_address>
         <size>0x1c</size>
         <input_file_ref idref="fl-dc"/>
      </object_component>
      <object_component id="oc-cf">
         <name>.text:GPIOPinTypeGPIOOutput</name>
         <load_address>0x43a2</load_address>
         <run_address>0x43a2</run_address>
         <size>0x1a</size>
         <input_file_ref idref="fl-eb"/>
      </object_component>
      <object_component id="oc-42d">
         <name>.text:copysign</name>
         <load_address>0x43bc</load_address>
         <run_address>0x43bc</run_address>
         <size>0x1a</size>
         <input_file_ref idref="fl-e7"/>
      </object_component>
      <object_component id="oc-112">
         <name>.text:ADCProcessorTrigger</name>
         <load_address>0x43d6</load_address>
         <run_address>0x43d6</run_address>
         <size>0x18</size>
         <input_file_ref idref="fl-ea"/>
      </object_component>
      <object_component id="oc-17b">
         <name>.text:TimerIntRegister</name>
         <load_address>0x43ee</load_address>
         <run_address>0x43ee</run_address>
         <size>0x18</size>
         <input_file_ref idref="fl-ee"/>
      </object_component>
      <object_component id="oc-21c">
         <name>.text:_outs</name>
         <load_address>0x4406</load_address>
         <run_address>0x4406</run_address>
         <size>0x18</size>
         <input_file_ref idref="fl-be"/>
      </object_component>
      <object_component id="oc-375">
         <name>.text</name>
         <load_address>0x441e</load_address>
         <run_address>0x441e</run_address>
         <size>0x18</size>
         <input_file_ref idref="fl-e9"/>
      </object_component>
      <object_component id="oc-2da">
         <name>.text:strrchr</name>
         <load_address>0x4436</load_address>
         <run_address>0x4436</run_address>
         <size>0x18</size>
         <input_file_ref idref="fl-e0"/>
      </object_component>
      <object_component id="oc-157">
         <name>.text:GPIOPinTypeADC</name>
         <load_address>0x444e</load_address>
         <run_address>0x444e</run_address>
         <size>0x16</size>
         <input_file_ref idref="fl-eb"/>
      </object_component>
      <object_component id="oc-14b">
         <name>.text:GPIOPinTypeGPIOInput</name>
         <load_address>0x4464</load_address>
         <run_address>0x4464</run_address>
         <size>0x16</size>
         <input_file_ref idref="fl-eb"/>
      </object_component>
      <object_component id="oc-130">
         <name>.text:GPIOPinTypeUART</name>
         <load_address>0x447a</load_address>
         <run_address>0x447a</run_address>
         <size>0x16</size>
         <input_file_ref idref="fl-eb"/>
      </object_component>
      <object_component id="oc-2e0">
         <name>.text:strchr</name>
         <load_address>0x4490</load_address>
         <run_address>0x4490</run_address>
         <size>0x16</size>
         <input_file_ref idref="fl-dd"/>
      </object_component>
      <object_component id="oc-13c">
         <name>.text:UARTEnable</name>
         <load_address>0x44a6</load_address>
         <run_address>0x44a6</run_address>
         <size>0x14</size>
         <input_file_ref idref="fl-ef"/>
      </object_component>
      <object_component id="oc-2a2">
         <name>.text:strcpy</name>
         <load_address>0x44ba</load_address>
         <run_address>0x44ba</run_address>
         <size>0x14</size>
         <input_file_ref idref="fl-de"/>
      </object_component>
      <object_component id="oc-2ce">
         <name>.text:strlen</name>
         <load_address>0x44ce</load_address>
         <run_address>0x44ce</run_address>
         <size>0x14</size>
         <input_file_ref idref="fl-df"/>
      </object_component>
      <object_component id="oc-175">
         <name>.text:TimerLoadSet</name>
         <load_address>0x44e2</load_address>
         <run_address>0x44e2</run_address>
         <size>0x12</size>
         <input_file_ref idref="fl-ee"/>
      </object_component>
      <object_component id="oc-1f7">
         <name>.text:_inpchar</name>
         <load_address>0x44f4</load_address>
         <run_address>0x44f4</run_address>
         <size>0x12</size>
         <input_file_ref idref="fl-bf"/>
      </object_component>
      <object_component id="oc-31f">
         <name>.text:wcslen</name>
         <load_address>0x4506</load_address>
         <run_address>0x4506</run_address>
         <size>0x12</size>
         <input_file_ref idref="fl-cb"/>
      </object_component>
      <object_component id="oc-18d">
         <name>.text:IntMasterEnable</name>
         <load_address>0x4518</load_address>
         <run_address>0x4518</run_address>
         <size>0x10</size>
         <input_file_ref idref="fl-ec"/>
      </object_component>
      <object_component id="oc-169">
         <name>.text:ADCSequenceEnable</name>
         <load_address>0x4528</load_address>
         <run_address>0x4528</run_address>
         <size>0xe</size>
         <input_file_ref idref="fl-ea"/>
      </object_component>
      <object_component id="oc-193">
         <name>.text:TimerEnable</name>
         <load_address>0x4536</load_address>
         <run_address>0x4536</run_address>
         <size>0xe</size>
         <input_file_ref idref="fl-ee"/>
      </object_component>
      <object_component id="oc-ee">
         <name>.text:UARTCharsAvail</name>
         <load_address>0x4544</load_address>
         <run_address>0x4544</run_address>
         <size>0xe</size>
         <input_file_ref idref="fl-ef"/>
      </object_component>
      <object_component id="oc-1b">
         <name>.text:decompress:none:__TI_decompress_none</name>
         <load_address>0x4552</load_address>
         <run_address>0x4552</run_address>
         <size>0xe</size>
         <input_file_ref idref="fl-c3"/>
      </object_component>
      <object_component id="oc-260">
         <name>.text:CPUcpsie</name>
         <load_address>0x4560</load_address>
         <run_address>0x4560</run_address>
         <size>0xc</size>
         <input_file_ref idref="fl-f0"/>
      </object_component>
      <object_component id="oc-27">
         <name>.text</name>
         <load_address>0x456c</load_address>
         <run_address>0x456c</run_address>
         <size>0xc</size>
         <input_file_ref idref="fl-3"/>
      </object_component>
      <object_component id="oc-11e">
         <name>.text:ADCIntClear</name>
         <load_address>0x4578</load_address>
         <run_address>0x4578</run_address>
         <size>0xa</size>
         <input_file_ref idref="fl-ea"/>
      </object_component>
      <object_component id="oc-dc">
         <name>.text:UARTCharGet</name>
         <load_address>0x4582</load_address>
         <run_address>0x4582</run_address>
         <size>0xa</size>
         <input_file_ref idref="fl-ef"/>
      </object_component>
      <object_component id="oc-e2">
         <name>.text:UARTCharPut</name>
         <load_address>0x458c</load_address>
         <run_address>0x458c</run_address>
         <size>0xa</size>
         <input_file_ref idref="fl-ef"/>
      </object_component>
      <object_component id="oc-222">
         <name>.text:_outc</name>
         <load_address>0x4596</load_address>
         <run_address>0x4596</run_address>
         <size>0xa</size>
         <input_file_ref idref="fl-be"/>
      </object_component>
      <object_component id="oc-181">
         <name>.text:TimerIntEnable</name>
         <load_address>0x45a0</load_address>
         <run_address>0x45a0</run_address>
         <size>0x8</size>
         <input_file_ref idref="fl-ee"/>
      </object_component>
      <object_component id="oc-325">
         <name>.text:__aeabi_errno_addr</name>
         <load_address>0x45a8</load_address>
         <run_address>0x45a8</run_address>
         <size>0x8</size>
         <input_file_ref idref="fl-e6"/>
      </object_component>
      <object_component id="oc-1fd">
         <name>.text:_uninpchar</name>
         <load_address>0x45b0</load_address>
         <run_address>0x45b0</run_address>
         <size>0x8</size>
         <input_file_ref idref="fl-bf"/>
      </object_component>
      <object_component id="oc-f4">
         <name>.text:GPIOPinRead</name>
         <load_address>0x45b8</load_address>
         <run_address>0x45b8</run_address>
         <size>0x6</size>
         <input_file_ref idref="fl-eb"/>
      </object_component>
      <object_component id="oc-d5">
         <name>.text:GPIOPinWrite</name>
         <load_address>0x45be</load_address>
         <run_address>0x45be</run_address>
         <size>0x6</size>
         <input_file_ref idref="fl-eb"/>
      </object_component>
      <object_component id="oc-db">
         <name>.text:SysCtlDelay</name>
         <load_address>0x45c4</load_address>
         <run_address>0x45c4</run_address>
         <size>0x6</size>
         <input_file_ref idref="fl-ed"/>
      </object_component>
      <object_component id="oc-10c">
         <name>.text:TimerIntClear</name>
         <load_address>0x45ca</load_address>
         <run_address>0x45ca</run_address>
         <size>0x4</size>
         <input_file_ref idref="fl-ee"/>
      </object_component>
      <object_component id="oc-95">
         <name>.text:_system_pre_init</name>
         <load_address>0x45ce</load_address>
         <run_address>0x45ce</run_address>
         <size>0x4</size>
         <input_file_ref idref="fl-d5"/>
      </object_component>
      <object_component id="oc-19e">
         <name>.text:abort:abort</name>
         <load_address>0x45d2</load_address>
         <run_address>0x45d2</run_address>
         <size>0x4</size>
         <input_file_ref idref="fl-d7"/>
      </object_component>
      <object_component id="oc-2cb">
         <name>.const:.string:_ctypes_</name>
         <load_address>0x45d8</load_address>
         <run_address>0x45d8</run_address>
         <size>0x101</size>
         <input_file_ref idref="fl-c5"/>
      </object_component>
      <object_component id="oc-398">
         <name>.const:$O1$$</name>
         <load_address>0x46e0</load_address>
         <run_address>0x46e0</run_address>
         <size>0xc8</size>
         <input_file_ref idref="fl-e1"/>
      </object_component>
      <object_component id="oc-235">
         <name>.const:g_pui32GPIOBaseAddrs</name>
         <load_address>0x47a8</load_address>
         <run_address>0x47a8</run_address>
         <size>0x90</size>
         <input_file_ref idref="fl-eb"/>
      </object_component>
      <object_component id="oc-212">
         <name>.const:g_pui32Xtals</name>
         <load_address>0x4838</load_address>
         <run_address>0x4838</run_address>
         <size>0x6c</size>
         <input_file_ref idref="fl-ed"/>
      </object_component>
      <object_component id="oc-342">
         <name>.const:g_ppui32TimerIntMap</name>
         <load_address>0x48a4</load_address>
         <run_address>0x48a4</run_address>
         <size>0x60</size>
         <input_file_ref idref="fl-ee"/>
      </object_component>
      <object_component id="oc-345">
         <name>.const:g_ppui32TimerIntMapSnowflake</name>
         <load_address>0x4904</load_address>
         <run_address>0x4904</run_address>
         <size>0x40</size>
         <input_file_ref idref="fl-ee"/>
      </object_component>
      <object_component id="oc-25b">
         <name>.const:g_pui32EnRegs</name>
         <load_address>0x4944</load_address>
         <run_address>0x4944</run_address>
         <size>0x14</size>
         <input_file_ref idref="fl-ec"/>
      </object_component>
      <object_component id="oc-2e6">
         <name>.const:$O1$$</name>
         <load_address>0x4958</load_address>
         <run_address>0x4958</run_address>
         <size>0x10</size>
         <input_file_ref idref="fl-c8"/>
      </object_component>
      <object_component id="oc-4a2">
         <name>.cinit..data.load</name>
         <load_address>0x4968</load_address>
         <run_address>0x4968</run_address>
         <size>0xf</size>
      </object_component>
      <object_component id="oc-49f">
         <name>__TI_handler_table</name>
         <load_address>0x4978</load_address>
         <run_address>0x4978</run_address>
         <size>0xc</size>
      </object_component>
      <object_component id="oc-4a3">
         <name>.cinit..bss.load</name>
         <load_address>0x4988</load_address>
         <run_address>0x4988</run_address>
         <size>0x8</size>
      </object_component>
      <object_component id="oc-4a1">
         <name>.cinit..vtable.load</name>
         <load_address>0x4990</load_address>
         <run_address>0x4990</run_address>
         <size>0x8</size>
      </object_component>
      <object_component id="oc-4a0">
         <name>__TI_cinit_table</name>
         <load_address>0x4998</load_address>
         <run_address>0x4998</run_address>
         <size>0x18</size>
      </object_component>
      <object_component id="oc-349">
         <name>.vtable</name>
         <uninitialized>true</uninitialized>
         <run_address>0x20000000</run_address>
         <size>0x26c</size>
         <input_file_ref idref="fl-ec"/>
      </object_component>
      <object_component id="oc-106">
         <name>.data</name>
         <load_address>0x2000049c</load_address>
         <run_address>0x2000049c</run_address>
         <size>0xa</size>
         <input_file_ref idref="fl-2"/>
      </object_component>
      <object_component id="oc-3fc">
         <name>.data</name>
         <load_address>0x200004a8</load_address>
         <run_address>0x200004a8</run_address>
         <size>0x4</size>
         <input_file_ref idref="fl-e6"/>
      </object_component>
      <object_component id="oc-109">
         <name>.bss:lcd_temp_buf</name>
         <uninitialized>true</uninitialized>
         <run_address>0x20000490</run_address>
         <size>0x4</size>
         <input_file_ref idref="fl-2"/>
      </object_component>
      <object_component id="oc-142">
         <name>.bss:time_buf</name>
         <uninitialized>true</uninitialized>
         <run_address>0x20000470</run_address>
         <size>0xc</size>
         <input_file_ref idref="fl-2"/>
      </object_component>
      <object_component id="oc-19a">
         <name>.common:adc_degeri</name>
         <uninitialized>true</uninitialized>
         <run_address>0x20000494</run_address>
         <size>0x4</size>
      </object_component>
      <object_component id="oc-199">
         <name>.common:sicaklik</name>
         <uninitialized>true</uninitialized>
         <run_address>0x20000498</run_address>
         <size>0x1</size>
      </object_component>
      <object_component id="oc-19c">
         <name>.common:saat_buffer</name>
         <uninitialized>true</uninitialized>
         <run_address>0x2000047c</run_address>
         <size>0xc</size>
      </object_component>
      <object_component id="oc-19b">
         <name>.common:pot_buffer</name>
         <uninitialized>true</uninitialized>
         <run_address>0x20000488</run_address>
         <size>0x8</size>
      </object_component>
      <object_component id="oc-24">
         <name>.stack</name>
         <uninitialized>true</uninitialized>
         <run_address>0x20000270</run_address>
         <size>0x4</size>
         <input_file_ref idref="fl-c6"/>
      </object_component>
      <object_component id="oc-4a5">
         <name>.stack</name>
         <uninitialized>true</uninitialized>
         <run_address>0x20000270</run_address>
         <size>0x0</size>
      </object_component>
      <object_component id="oc-b7">
         <name>.debug_info</name>
         <load_address>0x0</load_address>
         <run_address>0x0</run_address>
         <size>0xa9f</size>
         <input_file_ref idref="fl-2"/>
      </object_component>
      <object_component id="oc-107">
         <name>.debug_info</name>
         <load_address>0xa9f</load_address>
         <run_address>0xa9f</run_address>
         <size>0x20e</size>
         <input_file_ref idref="fl-2"/>
      </object_component>
      <object_component id="oc-10a">
         <name>.debug_info</name>
         <load_address>0xcad</load_address>
         <run_address>0xcad</run_address>
         <size>0xd8</size>
         <input_file_ref idref="fl-2"/>
      </object_component>
      <object_component id="oc-143">
         <name>.debug_info</name>
         <load_address>0xd85</load_address>
         <run_address>0xd85</run_address>
         <size>0xd0</size>
         <input_file_ref idref="fl-2"/>
      </object_component>
      <object_component id="oc-9c">
         <name>.debug_info</name>
         <load_address>0xe55</load_address>
         <run_address>0xe55</run_address>
         <size>0xfbc</size>
         <input_file_ref idref="fl-2"/>
      </object_component>
      <object_component id="oc-70">
         <name>.debug_info</name>
         <load_address>0x1e11</load_address>
         <run_address>0x1e11</run_address>
         <size>0x26b</size>
         <input_file_ref idref="fl-2"/>
      </object_component>
      <object_component id="oc-b2">
         <name>.debug_info</name>
         <load_address>0x207c</load_address>
         <run_address>0x207c</run_address>
         <size>0x8b</size>
         <input_file_ref idref="fl-2"/>
      </object_component>
      <object_component id="oc-ad">
         <name>.debug_info</name>
         <load_address>0x2107</load_address>
         <run_address>0x2107</run_address>
         <size>0x2a4</size>
         <input_file_ref idref="fl-2"/>
      </object_component>
      <object_component id="oc-75">
         <name>.debug_info</name>
         <load_address>0x23ab</load_address>
         <run_address>0x23ab</run_address>
         <size>0xbb</size>
         <input_file_ref idref="fl-2"/>
      </object_component>
      <object_component id="oc-20b">
         <name>.debug_info</name>
         <load_address>0x2466</load_address>
         <run_address>0x2466</run_address>
         <size>0x2c</size>
         <input_file_ref idref="fl-2"/>
      </object_component>
      <object_component id="oc-2f">
         <name>.debug_info</name>
         <load_address>0x2492</load_address>
         <run_address>0x2492</run_address>
         <size>0x2ae</size>
         <input_file_ref idref="fl-3"/>
      </object_component>
      <object_component id="oc-13">
         <name>.debug_info</name>
         <load_address>0x2740</load_address>
         <run_address>0x2740</run_address>
         <size>0xed</size>
         <input_file_ref idref="fl-3"/>
      </object_component>
      <object_component id="oc-28">
         <name>.debug_info</name>
         <load_address>0x282d</load_address>
         <run_address>0x282d</run_address>
         <size>0x269</size>
         <input_file_ref idref="fl-3"/>
      </object_component>
      <object_component id="oc-36">
         <name>.debug_info</name>
         <load_address>0x2a96</load_address>
         <run_address>0x2a96</run_address>
         <size>0x84</size>
         <input_file_ref idref="fl-3"/>
      </object_component>
      <object_component id="oc-229">
         <name>.debug_info</name>
         <load_address>0x2b1a</load_address>
         <run_address>0x2b1a</run_address>
         <size>0x333</size>
         <input_file_ref idref="fl-be"/>
      </object_component>
      <object_component id="oc-103">
         <name>.debug_info</name>
         <load_address>0x2e4d</load_address>
         <run_address>0x2e4d</run_address>
         <size>0x1d1</size>
         <input_file_ref idref="fl-be"/>
      </object_component>
      <object_component id="oc-21d">
         <name>.debug_info</name>
         <load_address>0x301e</load_address>
         <run_address>0x301e</run_address>
         <size>0x18d</size>
         <input_file_ref idref="fl-be"/>
      </object_component>
      <object_component id="oc-223">
         <name>.debug_info</name>
         <load_address>0x31ab</load_address>
         <run_address>0x31ab</run_address>
         <size>0x16d</size>
         <input_file_ref idref="fl-be"/>
      </object_component>
      <object_component id="oc-3b0">
         <name>.debug_info</name>
         <load_address>0x3318</load_address>
         <run_address>0x3318</run_address>
         <size>0x2c</size>
         <input_file_ref idref="fl-be"/>
      </object_component>
      <object_component id="oc-20a">
         <name>.debug_info</name>
         <load_address>0x3344</load_address>
         <run_address>0x3344</run_address>
         <size>0x37a</size>
         <input_file_ref idref="fl-bf"/>
      </object_component>
      <object_component id="oc-ea">
         <name>.debug_info</name>
         <load_address>0x36be</load_address>
         <run_address>0x36be</run_address>
         <size>0x17e</size>
         <input_file_ref idref="fl-bf"/>
      </object_component>
      <object_component id="oc-201">
         <name>.debug_info</name>
         <load_address>0x383c</load_address>
         <run_address>0x383c</run_address>
         <size>0x171</size>
         <input_file_ref idref="fl-bf"/>
      </object_component>
      <object_component id="oc-1fa">
         <name>.debug_info</name>
         <load_address>0x39ad</load_address>
         <run_address>0x39ad</run_address>
         <size>0x17e</size>
         <input_file_ref idref="fl-bf"/>
      </object_component>
      <object_component id="oc-206">
         <name>.debug_info</name>
         <load_address>0x3b2b</load_address>
         <run_address>0x3b2b</run_address>
         <size>0x1de</size>
         <input_file_ref idref="fl-bf"/>
      </object_component>
      <object_component id="oc-3e">
         <name>.debug_info</name>
         <load_address>0x3d09</load_address>
         <run_address>0x3d09</run_address>
         <size>0x119</size>
         <input_file_ref idref="fl-c0"/>
      </object_component>
      <object_component id="oc-90">
         <name>.debug_info</name>
         <load_address>0x3e22</load_address>
         <run_address>0x3e22</run_address>
         <size>0x147</size>
         <input_file_ref idref="fl-c1"/>
      </object_component>
      <object_component id="oc-8e">
         <name>.debug_info</name>
         <load_address>0x3f69</load_address>
         <run_address>0x3f69</run_address>
         <size>0x2d4</size>
         <input_file_ref idref="fl-c2"/>
      </object_component>
      <object_component id="oc-48">
         <name>.debug_info</name>
         <load_address>0x423d</load_address>
         <run_address>0x423d</run_address>
         <size>0x1d2</size>
         <input_file_ref idref="fl-c2"/>
      </object_component>
      <object_component id="oc-89">
         <name>.debug_info</name>
         <load_address>0x440f</load_address>
         <run_address>0x440f</run_address>
         <size>0x46</size>
         <input_file_ref idref="fl-c2"/>
      </object_component>
      <object_component id="oc-c0">
         <name>.debug_info</name>
         <load_address>0x4455</load_address>
         <run_address>0x4455</run_address>
         <size>0x2c</size>
         <input_file_ref idref="fl-c2"/>
      </object_component>
      <object_component id="oc-46">
         <name>.debug_info</name>
         <load_address>0x4481</load_address>
         <run_address>0x4481</run_address>
         <size>0x2a8</size>
         <input_file_ref idref="fl-c3"/>
      </object_component>
      <object_component id="oc-1e">
         <name>.debug_info</name>
         <load_address>0x4729</load_address>
         <run_address>0x4729</run_address>
         <size>0x1ea</size>
         <input_file_ref idref="fl-c3"/>
      </object_component>
      <object_component id="oc-41">
         <name>.debug_info</name>
         <load_address>0x4913</load_address>
         <run_address>0x4913</run_address>
         <size>0x46</size>
         <input_file_ref idref="fl-c3"/>
      </object_component>
      <object_component id="oc-81">
         <name>.debug_info</name>
         <load_address>0x4959</load_address>
         <run_address>0x4959</run_address>
         <size>0x2c</size>
         <input_file_ref idref="fl-c3"/>
      </object_component>
      <object_component id="oc-7f">
         <name>.debug_info</name>
         <load_address>0x4985</load_address>
         <run_address>0x4985</run_address>
         <size>0x29e</size>
         <input_file_ref idref="fl-c4"/>
      </object_component>
      <object_component id="oc-16">
         <name>.debug_info</name>
         <load_address>0x4c23</load_address>
         <run_address>0x4c23</run_address>
         <size>0x250</size>
         <input_file_ref idref="fl-c4"/>
      </object_component>
      <object_component id="oc-31">
         <name>.debug_info</name>
         <load_address>0x4e73</load_address>
         <run_address>0x4e73</run_address>
         <size>0x60</size>
         <input_file_ref idref="fl-c4"/>
      </object_component>
      <object_component id="oc-b9">
         <name>.debug_info</name>
         <load_address>0x4ed3</load_address>
         <run_address>0x4ed3</run_address>
         <size>0x46</size>
         <input_file_ref idref="fl-c4"/>
      </object_component>
      <object_component id="oc-7a">
         <name>.debug_info</name>
         <load_address>0x4f19</load_address>
         <run_address>0x4f19</run_address>
         <size>0x39</size>
         <input_file_ref idref="fl-c4"/>
      </object_component>
      <object_component id="oc-3a5">
         <name>.debug_info</name>
         <load_address>0x4f52</load_address>
         <run_address>0x4f52</run_address>
         <size>0xf9</size>
         <input_file_ref idref="fl-c5"/>
      </object_component>
      <object_component id="oc-2cc">
         <name>.debug_info</name>
         <load_address>0x504b</load_address>
         <run_address>0x504b</run_address>
         <size>0x105</size>
         <input_file_ref idref="fl-c5"/>
      </object_component>
      <object_component id="oc-25">
         <name>.debug_info</name>
         <load_address>0x5150</load_address>
         <run_address>0x5150</run_address>
         <size>0x10b</size>
         <input_file_ref idref="fl-c6"/>
      </object_component>
      <object_component id="oc-5c">
         <name>.debug_info</name>
         <load_address>0x525b</load_address>
         <run_address>0x525b</run_address>
         <size>0x1a9</size>
         <input_file_ref idref="fl-c6"/>
      </object_component>
      <object_component id="oc-32c">
         <name>.debug_info</name>
         <load_address>0x5404</load_address>
         <run_address>0x5404</run_address>
         <size>0x590</size>
         <input_file_ref idref="fl-c7"/>
      </object_component>
      <object_component id="oc-2f7">
         <name>.debug_info</name>
         <load_address>0x5994</load_address>
         <run_address>0x5994</run_address>
         <size>0x21e</size>
         <input_file_ref idref="fl-c7"/>
      </object_component>
      <object_component id="oc-3d2">
         <name>.debug_info</name>
         <load_address>0x5bb2</load_address>
         <run_address>0x5bb2</run_address>
         <size>0x1b3</size>
         <input_file_ref idref="fl-c7"/>
      </object_component>
      <object_component id="oc-3d8">
         <name>.debug_info</name>
         <load_address>0x5d65</load_address>
         <run_address>0x5d65</run_address>
         <size>0x21b</size>
         <input_file_ref idref="fl-c7"/>
      </object_component>
      <object_component id="oc-302">
         <name>.debug_info</name>
         <load_address>0x5f80</load_address>
         <run_address>0x5f80</run_address>
         <size>0x3c0</size>
         <input_file_ref idref="fl-c7"/>
      </object_component>
      <object_component id="oc-3df">
         <name>.debug_info</name>
         <load_address>0x6340</load_address>
         <run_address>0x6340</run_address>
         <size>0x30a</size>
         <input_file_ref idref="fl-c7"/>
      </object_component>
      <object_component id="oc-3e5">
         <name>.debug_info</name>
         <load_address>0x664a</load_address>
         <run_address>0x664a</run_address>
         <size>0x215</size>
         <input_file_ref idref="fl-c7"/>
      </object_component>
      <object_component id="oc-30a">
         <name>.debug_info</name>
         <load_address>0x685f</load_address>
         <run_address>0x685f</run_address>
         <size>0x215</size>
         <input_file_ref idref="fl-c7"/>
      </object_component>
      <object_component id="oc-310">
         <name>.debug_info</name>
         <load_address>0x6a74</load_address>
         <run_address>0x6a74</run_address>
         <size>0x304</size>
         <input_file_ref idref="fl-c7"/>
      </object_component>
      <object_component id="oc-315">
         <name>.debug_info</name>
         <load_address>0x6d78</load_address>
         <run_address>0x6d78</run_address>
         <size>0x4b5</size>
         <input_file_ref idref="fl-c7"/>
      </object_component>
      <object_component id="oc-219">
         <name>.debug_info</name>
         <load_address>0x722d</load_address>
         <run_address>0x722d</run_address>
         <size>0x5f4</size>
         <input_file_ref idref="fl-c7"/>
      </object_component>
      <object_component id="oc-32d">
         <name>.debug_info</name>
         <load_address>0x7821</load_address>
         <run_address>0x7821</run_address>
         <size>0x86</size>
         <input_file_ref idref="fl-c7"/>
      </object_component>
      <object_component id="oc-3b5">
         <name>.debug_info</name>
         <load_address>0x78a7</load_address>
         <run_address>0x78a7</run_address>
         <size>0x39</size>
         <input_file_ref idref="fl-c7"/>
      </object_component>
      <object_component id="oc-464">
         <name>.debug_info</name>
         <load_address>0x78e0</load_address>
         <run_address>0x78e0</run_address>
         <size>0xb6</size>
         <input_file_ref idref="fl-c7"/>
      </object_component>
      <object_component id="oc-403">
         <name>.debug_info</name>
         <load_address>0x7996</load_address>
         <run_address>0x7996</run_address>
         <size>0x46</size>
         <input_file_ref idref="fl-c7"/>
      </object_component>
      <object_component id="oc-332">
         <name>.debug_info</name>
         <load_address>0x79dc</load_address>
         <run_address>0x79dc</run_address>
         <size>0x46</size>
         <input_file_ref idref="fl-c7"/>
      </object_component>
      <object_component id="oc-2e8">
         <name>.debug_info</name>
         <load_address>0x7a22</load_address>
         <run_address>0x7a22</run_address>
         <size>0x5ce</size>
         <input_file_ref idref="fl-c8"/>
      </object_component>
      <object_component id="oc-1f4">
         <name>.debug_info</name>
         <load_address>0x7ff0</load_address>
         <run_address>0x7ff0</run_address>
         <size>0xa45</size>
         <input_file_ref idref="fl-c8"/>
      </object_component>
      <object_component id="oc-2ea">
         <name>.debug_info</name>
         <load_address>0x8a35</load_address>
         <run_address>0x8a35</run_address>
         <size>0x9a</size>
         <input_file_ref idref="fl-c8"/>
      </object_component>
      <object_component id="oc-456">
         <name>.debug_info</name>
         <load_address>0x8acf</load_address>
         <run_address>0x8acf</run_address>
         <size>0x295</size>
         <input_file_ref idref="fl-c9"/>
      </object_component>
      <object_component id="oc-3ee">
         <name>.debug_info</name>
         <load_address>0x8d64</load_address>
         <run_address>0x8d64</run_address>
         <size>0x195</size>
         <input_file_ref idref="fl-c9"/>
      </object_component>
      <object_component id="oc-46d">
         <name>.debug_info</name>
         <load_address>0x8ef9</load_address>
         <run_address>0x8ef9</run_address>
         <size>0x39</size>
         <input_file_ref idref="fl-c9"/>
      </object_component>
      <object_component id="oc-435">
         <name>.debug_info</name>
         <load_address>0x8f32</load_address>
         <run_address>0x8f32</run_address>
         <size>0x2c</size>
         <input_file_ref idref="fl-c9"/>
      </object_component>
      <object_component id="oc-434">
         <name>.debug_info</name>
         <load_address>0x8f5e</load_address>
         <run_address>0x8f5e</run_address>
         <size>0x2f8</size>
         <input_file_ref idref="fl-ca"/>
      </object_component>
      <object_component id="oc-393">
         <name>.debug_info</name>
         <load_address>0x9256</load_address>
         <run_address>0x9256</run_address>
         <size>0x225</size>
         <input_file_ref idref="fl-ca"/>
      </object_component>
      <object_component id="oc-3fb">
         <name>.debug_info</name>
         <load_address>0x947b</load_address>
         <run_address>0x947b</run_address>
         <size>0x28f</size>
         <input_file_ref idref="fl-cb"/>
      </object_component>
      <object_component id="oc-320">
         <name>.debug_info</name>
         <load_address>0x970a</load_address>
         <run_address>0x970a</run_address>
         <size>0x15a</size>
         <input_file_ref idref="fl-cb"/>
      </object_component>
      <object_component id="oc-459">
         <name>.debug_info</name>
         <load_address>0x9864</load_address>
         <run_address>0x9864</run_address>
         <size>0x46</size>
         <input_file_ref idref="fl-cb"/>
      </object_component>
      <object_component id="oc-3f6">
         <name>.debug_info</name>
         <load_address>0x98aa</load_address>
         <run_address>0x98aa</run_address>
         <size>0x39</size>
         <input_file_ref idref="fl-cb"/>
      </object_component>
      <object_component id="oc-38b">
         <name>.debug_info</name>
         <load_address>0x98e3</load_address>
         <run_address>0x98e3</run_address>
         <size>0x14c</size>
         <input_file_ref idref="fl-cc"/>
      </object_component>
      <object_component id="oc-2ff">
         <name>.debug_info</name>
         <load_address>0x9a2f</load_address>
         <run_address>0x9a2f</run_address>
         <size>0x128</size>
         <input_file_ref idref="fl-cd"/>
      </object_component>
      <object_component id="oc-3bd">
         <name>.debug_info</name>
         <load_address>0x9b57</load_address>
         <run_address>0x9b57</run_address>
         <size>0x12a</size>
         <input_file_ref idref="fl-cd"/>
      </object_component>
      <object_component id="oc-38e">
         <name>.debug_info</name>
         <load_address>0x9c81</load_address>
         <run_address>0x9c81</run_address>
         <size>0x13a</size>
         <input_file_ref idref="fl-ce"/>
      </object_component>
      <object_component id="oc-386">
         <name>.debug_info</name>
         <load_address>0x9dbb</load_address>
         <run_address>0x9dbb</run_address>
         <size>0x13a</size>
         <input_file_ref idref="fl-cf"/>
      </object_component>
      <object_component id="oc-3c2">
         <name>.debug_info</name>
         <load_address>0x9ef5</load_address>
         <run_address>0x9ef5</run_address>
         <size>0x12e</size>
         <input_file_ref idref="fl-d0"/>
      </object_component>
      <object_component id="oc-2bb">
         <name>.debug_info</name>
         <load_address>0xa023</load_address>
         <run_address>0xa023</run_address>
         <size>0x13e</size>
         <input_file_ref idref="fl-d1"/>
      </object_component>
      <object_component id="oc-3ce">
         <name>.debug_info</name>
         <load_address>0xa161</load_address>
         <run_address>0xa161</run_address>
         <size>0x12c</size>
         <input_file_ref idref="fl-d2"/>
      </object_component>
      <object_component id="oc-37c">
         <name>.debug_info</name>
         <load_address>0xa28d</load_address>
         <run_address>0xa28d</run_address>
         <size>0x134</size>
         <input_file_ref idref="fl-d3"/>
      </object_component>
      <object_component id="oc-273">
         <name>.debug_info</name>
         <load_address>0xa3c1</load_address>
         <run_address>0xa3c1</run_address>
         <size>0x4b3</size>
         <input_file_ref idref="fl-d4"/>
      </object_component>
      <object_component id="oc-1ab">
         <name>.debug_info</name>
         <load_address>0xa874</load_address>
         <run_address>0xa874</run_address>
         <size>0x1a6</size>
         <input_file_ref idref="fl-d4"/>
      </object_component>
      <object_component id="oc-362">
         <name>.debug_info</name>
         <load_address>0xaa1a</load_address>
         <run_address>0xaa1a</run_address>
         <size>0x39</size>
         <input_file_ref idref="fl-d4"/>
      </object_component>
      <object_component id="oc-411">
         <name>.debug_info</name>
         <load_address>0xaa53</load_address>
         <run_address>0xaa53</run_address>
         <size>0x39</size>
         <input_file_ref idref="fl-d4"/>
      </object_component>
      <object_component id="oc-367">
         <name>.debug_info</name>
         <load_address>0xaa8c</load_address>
         <run_address>0xaa8c</run_address>
         <size>0x39</size>
         <input_file_ref idref="fl-d4"/>
      </object_component>
      <object_component id="oc-36c">
         <name>.debug_info</name>
         <load_address>0xaac5</load_address>
         <run_address>0xaac5</run_address>
         <size>0xcd</size>
         <input_file_ref idref="fl-d4"/>
      </object_component>
      <object_component id="oc-96">
         <name>.debug_info</name>
         <load_address>0xab92</load_address>
         <run_address>0xab92</run_address>
         <size>0x153</size>
         <input_file_ref idref="fl-d5"/>
      </object_component>
      <object_component id="oc-1a0">
         <name>.debug_info</name>
         <load_address>0xace5</load_address>
         <run_address>0xace5</run_address>
         <size>0x122</size>
         <input_file_ref idref="fl-d7"/>
      </object_component>
      <object_component id="oc-44f">
         <name>.debug_info</name>
         <load_address>0xae07</load_address>
         <run_address>0xae07</run_address>
         <size>0x29c</size>
         <input_file_ref idref="fl-d9"/>
      </object_component>
      <object_component id="oc-3c7">
         <name>.debug_info</name>
         <load_address>0xb0a3</load_address>
         <run_address>0xb0a3</run_address>
         <size>0x1da</size>
         <input_file_ref idref="fl-d9"/>
      </object_component>
      <object_component id="oc-3a9">
         <name>.debug_info</name>
         <load_address>0xb27d</load_address>
         <run_address>0xb27d</run_address>
         <size>0x2b9</size>
         <input_file_ref idref="fl-db"/>
      </object_component>
      <object_component id="oc-2d7">
         <name>.debug_info</name>
         <load_address>0xb536</load_address>
         <run_address>0xb536</run_address>
         <size>0x17c</size>
         <input_file_ref idref="fl-db"/>
      </object_component>
      <object_component id="oc-3f4">
         <name>.debug_info</name>
         <load_address>0xb6b2</load_address>
         <run_address>0xb6b2</run_address>
         <size>0x2a7</size>
         <input_file_ref idref="fl-dc"/>
      </object_component>
      <object_component id="oc-31c">
         <name>.debug_info</name>
         <load_address>0xb959</load_address>
         <run_address>0xb959</run_address>
         <size>0x1b8</size>
         <input_file_ref idref="fl-dc"/>
      </object_component>
      <object_component id="oc-3ad">
         <name>.debug_info</name>
         <load_address>0xbb11</load_address>
         <run_address>0xbb11</run_address>
         <size>0x29a</size>
         <input_file_ref idref="fl-dd"/>
      </object_component>
      <object_component id="oc-2e1">
         <name>.debug_info</name>
         <load_address>0xbdab</load_address>
         <run_address>0xbdab</run_address>
         <size>0x262</size>
         <input_file_ref idref="fl-dd"/>
      </object_component>
      <object_component id="oc-374">
         <name>.debug_info</name>
         <load_address>0xc00d</load_address>
         <run_address>0xc00d</run_address>
         <size>0x2a4</size>
         <input_file_ref idref="fl-de"/>
      </object_component>
      <object_component id="oc-2a3">
         <name>.debug_info</name>
         <load_address>0xc2b1</load_address>
         <run_address>0xc2b1</run_address>
         <size>0x24d</size>
         <input_file_ref idref="fl-de"/>
      </object_component>
      <object_component id="oc-3a7">
         <name>.debug_info</name>
         <load_address>0xc4fe</load_address>
         <run_address>0xc4fe</run_address>
         <size>0x28f</size>
         <input_file_ref idref="fl-df"/>
      </object_component>
      <object_component id="oc-2cf">
         <name>.debug_info</name>
         <load_address>0xc78d</load_address>
         <run_address>0xc78d</run_address>
         <size>0x245</size>
         <input_file_ref idref="fl-df"/>
      </object_component>
      <object_component id="oc-3ab">
         <name>.debug_info</name>
         <load_address>0xc9d2</load_address>
         <run_address>0xc9d2</run_address>
         <size>0x296</size>
         <input_file_ref idref="fl-e0"/>
      </object_component>
      <object_component id="oc-2db">
         <name>.debug_info</name>
         <load_address>0xcc68</load_address>
         <run_address>0xcc68</run_address>
         <size>0x265</size>
         <input_file_ref idref="fl-e0"/>
      </object_component>
      <object_component id="oc-39c">
         <name>.debug_info</name>
         <load_address>0xcecd</load_address>
         <run_address>0xcecd</run_address>
         <size>0x3b1</size>
         <input_file_ref idref="fl-e1"/>
      </object_component>
      <object_component id="oc-399">
         <name>.debug_info</name>
         <load_address>0xd27e</load_address>
         <run_address>0xd27e</run_address>
         <size>0x123</size>
         <input_file_ref idref="fl-e1"/>
      </object_component>
      <object_component id="oc-2b5">
         <name>.debug_info</name>
         <load_address>0xd3a1</load_address>
         <run_address>0xd3a1</run_address>
         <size>0x4e0</size>
         <input_file_ref idref="fl-e1"/>
      </object_component>
      <object_component id="oc-3a0">
         <name>.debug_info</name>
         <load_address>0xd881</load_address>
         <run_address>0xd881</run_address>
         <size>0x321</size>
         <input_file_ref idref="fl-e2"/>
      </object_component>
      <object_component id="oc-2c2">
         <name>.debug_info</name>
         <load_address>0xdba2</load_address>
         <run_address>0xdba2</run_address>
         <size>0x28b</size>
         <input_file_ref idref="fl-e2"/>
      </object_component>
      <object_component id="oc-3a2">
         <name>.debug_info</name>
         <load_address>0xde2d</load_address>
         <run_address>0xde2d</run_address>
         <size>0x322</size>
         <input_file_ref idref="fl-e3"/>
      </object_component>
      <object_component id="oc-2c7">
         <name>.debug_info</name>
         <load_address>0xe14f</load_address>
         <run_address>0xe14f</run_address>
         <size>0x2cf</size>
         <input_file_ref idref="fl-e3"/>
      </object_component>
      <object_component id="oc-382">
         <name>.debug_info</name>
         <load_address>0xe41e</load_address>
         <run_address>0xe41e</run_address>
         <size>0x322</size>
         <input_file_ref idref="fl-e4"/>
      </object_component>
      <object_component id="oc-2af">
         <name>.debug_info</name>
         <load_address>0xe740</load_address>
         <run_address>0xe740</run_address>
         <size>0x231</size>
         <input_file_ref idref="fl-e4"/>
      </object_component>
      <object_component id="oc-380">
         <name>.debug_info</name>
         <load_address>0xe971</load_address>
         <run_address>0xe971</run_address>
         <size>0x323</size>
         <input_file_ref idref="fl-e5"/>
      </object_component>
      <object_component id="oc-2aa">
         <name>.debug_info</name>
         <load_address>0xec94</load_address>
         <run_address>0xec94</run_address>
         <size>0x254</size>
         <input_file_ref idref="fl-e5"/>
      </object_component>
      <object_component id="oc-400">
         <name>.debug_info</name>
         <load_address>0xeee8</load_address>
         <run_address>0xeee8</run_address>
         <size>0x289</size>
         <input_file_ref idref="fl-e6"/>
      </object_component>
      <object_component id="oc-3fd">
         <name>.debug_info</name>
         <load_address>0xf171</load_address>
         <run_address>0xf171</run_address>
         <size>0x10e</size>
         <input_file_ref idref="fl-e6"/>
      </object_component>
      <object_component id="oc-329">
         <name>.debug_info</name>
         <load_address>0xf27f</load_address>
         <run_address>0xf27f</run_address>
         <size>0x14e</size>
         <input_file_ref idref="fl-e6"/>
      </object_component>
      <object_component id="oc-42f">
         <name>.debug_info</name>
         <load_address>0xf3cd</load_address>
         <run_address>0xf3cd</run_address>
         <size>0x161</size>
         <input_file_ref idref="fl-e7"/>
      </object_component>
      <object_component id="oc-422">
         <name>.debug_info</name>
         <load_address>0xf52e</load_address>
         <run_address>0xf52e</run_address>
         <size>0x115</size>
         <input_file_ref idref="fl-e8"/>
      </object_component>
      <object_component id="oc-377">
         <name>.debug_info</name>
         <load_address>0xf643</load_address>
         <run_address>0xf643</run_address>
         <size>0x122</size>
         <input_file_ref idref="fl-e9"/>
      </object_component>
      <object_component id="oc-231">
         <name>.debug_info</name>
         <load_address>0xf765</load_address>
         <run_address>0xf765</run_address>
         <size>0x3ba</size>
         <input_file_ref idref="fl-ea"/>
      </object_component>
      <object_component id="oc-166">
         <name>.debug_info</name>
         <load_address>0xfb1f</load_address>
         <run_address>0xfb1f</run_address>
         <size>0x33c</size>
         <input_file_ref idref="fl-ea"/>
      </object_component>
      <object_component id="oc-16c">
         <name>.debug_info</name>
         <load_address>0xfe5b</load_address>
         <run_address>0xfe5b</run_address>
         <size>0x2a9</size>
         <input_file_ref idref="fl-ea"/>
      </object_component>
      <object_component id="oc-127">
         <name>.debug_info</name>
         <load_address>0x10104</load_address>
         <run_address>0x10104</run_address>
         <size>0x308</size>
         <input_file_ref idref="fl-ea"/>
      </object_component>
      <object_component id="oc-160">
         <name>.debug_info</name>
         <load_address>0x1040c</load_address>
         <run_address>0x1040c</run_address>
         <size>0x32f</size>
         <input_file_ref idref="fl-ea"/>
      </object_component>
      <object_component id="oc-115">
         <name>.debug_info</name>
         <load_address>0x1073b</load_address>
         <run_address>0x1073b</run_address>
         <size>0x2ad</size>
         <input_file_ref idref="fl-ea"/>
      </object_component>
      <object_component id="oc-11b">
         <name>.debug_info</name>
         <load_address>0x109e8</load_address>
         <run_address>0x109e8</run_address>
         <size>0x2f0</size>
         <input_file_ref idref="fl-ea"/>
      </object_component>
      <object_component id="oc-121">
         <name>.debug_info</name>
         <load_address>0x10cd8</load_address>
         <run_address>0x10cd8</run_address>
         <size>0x29d</size>
         <input_file_ref idref="fl-ea"/>
      </object_component>
      <object_component id="oc-298">
         <name>.debug_info</name>
         <load_address>0x10f75</load_address>
         <run_address>0x10f75</run_address>
         <size>0x26b</size>
         <input_file_ref idref="fl-ea"/>
      </object_component>
      <object_component id="oc-288">
         <name>.debug_info</name>
         <load_address>0x111e0</load_address>
         <run_address>0x111e0</run_address>
         <size>0x297</size>
         <input_file_ref idref="fl-ea"/>
      </object_component>
      <object_component id="oc-293">
         <name>.debug_info</name>
         <load_address>0x11477</load_address>
         <run_address>0x11477</run_address>
         <size>0xef</size>
         <input_file_ref idref="fl-ea"/>
      </object_component>
      <object_component id="oc-1df">
         <name>.debug_info</name>
         <load_address>0x11566</load_address>
         <run_address>0x11566</run_address>
         <size>0xbb</size>
         <input_file_ref idref="fl-ea"/>
      </object_component>
      <object_component id="oc-1ec">
         <name>.debug_info</name>
         <load_address>0x11621</load_address>
         <run_address>0x11621</run_address>
         <size>0x3e4</size>
         <input_file_ref idref="fl-eb"/>
      </object_component>
      <object_component id="oc-236">
         <name>.debug_info</name>
         <load_address>0x11a05</load_address>
[...]
         <object_component_ref idref="oc-106"/>
      </symbol>
      <symbol id="sm-d5">
         <name>Timer0_ISR</name>
         <value>0x1c5d</value>
         <object_component_ref idref="oc-9b"/>
      </symbol>
      <symbol id="sm-d6">
         <name>UART0_SendLine</name>
         <value>0x1d35</value>
         <object_component_ref idref="oc-9b"/>
      </symbol>
      <symbol id="sm-d7">
         <name>Lcd_init</name>
         <value>0x194d</value>
         <object_component_ref idref="oc-9b"/>
      </symbol>
      <symbol id="sm-d8">
         <name>Lcd_Temizle</name>
         <value>0x1955</value>
         <object_component_ref idref="oc-9b"/>
      </symbol>
      <symbol id="sm-d9">
         <name>ADC_Oku</name>
         <value>0x1cbf</value>
         <object_component_ref idref="oc-9b"/>
      </symbol>
      <symbol id="sm-da">
         <name>lcd_komut</name>
         <value>0x1823</value>
         <object_component_ref idref="oc-9b"/>
      </symbol>
      <symbol id="sm-db">
         <name>main</name>
         <value>0x1b4f</value>
         <object_component_ref idref="oc-9b"/>
      </symbol>
      <symbol id="sm-dc">
         <name>ekran_guncelle</name>
         <value>0x2000049c</value>
         <object_component_ref idref="oc-106"/>
      </symbol>
      <symbol id="sm-dd">
         <name>AyarlariYap</name>
         <value>0x1d8d</value>
         <object_component_ref idref="oc-9b"/>
      </symbol>
      <symbol id="sm-de">
         <name>saat</name>
         <value>0x2000049f</value>
         <object_component_ref idref="oc-106"/>
      </symbol>
      <symbol id="sm-df">
         <name>dakika</name>
         <value>0x200004a0</value>
         <object_component_ref idref="oc-106"/>
      </symbol>
      <symbol id="sm-e0">
         <name>lcd_yaz</name>
         <value>0x1853</value>
         <object_component_ref idref="oc-9b"/>
      </symbol>
      <symbol id="sm-e1">
         <name>saniye</name>
         <value>0x200004a1</value>
         <object_component_ref idref="oc-106"/>
      </symbol>
      <symbol id="sm-e2">
         <name>Lcd_Goto</name>
         <value>0x1967</value>
         <object_component_ref idref="oc-9b"/>
      </symbol>
      <symbol id="sm-e3">
         <name>lcd_init</name>
         <value>0x17d1</value>
         <object_component_ref idref="oc-9b"/>
      </symbol>
      <symbol id="sm-e4">
         <name>UART0_Init</name>
         <value>0x1cf5</value>
         <object_component_ref idref="oc-9b"/>
      </symbol>
      <symbol id="sm-e5">
         <name>lcd_gotoxy</name>
         <value>0x1891</value>
         <object_component_ref idref="oc-9b"/>
      </symbol>
      <symbol id="sm-e6">
         <name>Lcd_Puts</name>
         <value>0x197f</value>
         <object_component_ref idref="oc-9b"/>
      </symbol>
      <symbol id="sm-e7">
         <name>adc_oku_flag</name>
         <value>0x2000049d</value>
         <object_component_ref idref="oc-106"/>
      </symbol>
      <symbol id="sm-108">
         <name>ResetISR</name>
         <value>0x456d</value>
         <object_component_ref idref="oc-27"/>
      </symbol>
      <symbol id="sm-109">
         <name>g_pfnVectors</name>
         <value>0x0</value>
         <object_component_ref idref="oc-12"/>
      </symbol>
      <symbol id="sm-130">
         <name>sprintf</name>
         <value>0x4151</value>
         <object_component_ref idref="oc-100"/>
      </symbol>
      <symbol id="sm-167">
         <name>sscanf</name>
         <value>0x41d1</value>
         <object_component_ref idref="oc-e8"/>
      </symbol>
      <symbol id="sm-182">
         <name>memcpy</name>
         <value>0x3843</value>
         <object_component_ref idref="oc-3b"/>
      </symbol>
      <symbol id="sm-183">
         <name>__aeabi_memcpy</name>
         <value>0x3843</value>
         <object_component_ref idref="oc-3b"/>
      </symbol>
      <symbol id="sm-184">
         <name>__aeabi_memcpy8</name>
         <value>0x3843</value>
         <object_component_ref idref="oc-3b"/>
      </symbol>
      <symbol id="sm-185">
         <name>__aeabi_memcpy4</name>
         <value>0x3843</value>
         <object_component_ref idref="oc-3b"/>
      </symbol>
      <symbol id="sm-194">
         <name>__aeabi_memset</name>
         <value>0x3afd</value>
         <object_component_ref idref="oc-8f"/>
      </symbol>
      <symbol id="sm-195">
         <name>memset</name>
         <value>0x3b03</value>
         <object_component_ref idref="oc-8f"/>
      </symbol>
      <symbol id="sm-196">
         <name>__aeabi_memset8</name>
         <value>0x3afd</value>
         <object_component_ref idref="oc-8f"/>
      </symbol>
      <symbol id="sm-197">
         <name>__aeabi_memset4</name>
         <value>0x3afd</value>
         <object_component_ref idref="oc-8f"/>
      </symbol>
      <symbol id="sm-198">
         <name>__aeabi_memclr8</name>
         <value>0x3afb</value>
         <object_component_ref idref="oc-8f"/>
      </symbol>
      <symbol id="sm-199">
         <name>__aeabi_memclr4</name>
         <value>0x3afb</value>
         <object_component_ref idref="oc-8f"/>
      </symbol>
      <symbol id="sm-19a">
         <name>__aeabi_memclr</name>
         <value>0x3afb</value>
         <object_component_ref idref="oc-8f"/>
      </symbol>
      <symbol id="sm-1b3">
         <name>__TI_zero_init_nomemset</name>
         <value>0x436b</value>
         <object_component_ref idref="oc-47"/>
      </symbol>
      <symbol id="sm-1ca">
         <name>__TI_decompress_none</name>
         <value>0x4553</value>
         <object_component_ref idref="oc-1b"/>
      </symbol>
      <symbol id="sm-1ed">
         <name>__TI_decompress_lzss</name>
         <value>0x3d21</value>
         <object_component_ref idref="oc-15"/>
      </symbol>
      <symbol id="sm-1f8">
         <name>_ctypes_</name>
         <value>0x45d8</value>
         <object_component_ref idref="oc-2cb"/>
      </symbol>
      <symbol id="sm-20b">
         <name>__stack</name>
         <value>0x20000270</value>
         <object_component_ref idref="oc-24"/>
      </symbol>
      <symbol id="sm-20c">
         <name>_c_int00_noargs</name>
         <value>0x4271</value>
         <object_component_ref idref="oc-59"/>
      </symbol>
      <symbol id="sm-371">
         <name>__TI_printfi</name>
         <value>0xd81</value>
         <object_component_ref idref="oc-216"/>
      </symbol>
      <symbol id="sm-427">
         <name>__TI_scanfi</name>
         <value>0x26d</value>
         <object_component_ref idref="oc-1f1"/>
      </symbol>
      <symbol id="sm-447">
         <name>frexpl</name>
         <value>0x3d89</value>
         <object_component_ref idref="oc-3ec"/>
      </symbol>
      <symbol id="sm-448">
         <name>frexp</name>
         <value>0x3d89</value>
         <object_component_ref idref="oc-3ec"/>
      </symbol>
      <symbol id="sm-465">
         <name>scalbn</name>
         <value>0x3381</value>
         <object_component_ref idref="oc-392"/>
      </symbol>
      <symbol id="sm-466">
         <name>scalbnl</name>
         <value>0x3381</value>
         <object_component_ref idref="oc-392"/>
      </symbol>
      <symbol id="sm-467">
         <name>ldexpl</name>
         <value>0x3381</value>
         <object_component_ref idref="oc-392"/>
      </symbol>
      <symbol id="sm-468">
         <name>ldexp</name>
         <value>0x3381</value>
         <object_component_ref idref="oc-392"/>
      </symbol>
      <symbol id="sm-481">
         <name>wcslen</name>
         <value>0x4507</value>
         <object_component_ref idref="oc-31f"/>
      </symbol>
      <symbol id="sm-498">
         <name>__aeabi_dsub</name>
         <value>0x2921</value>
         <object_component_ref idref="oc-388"/>
      </symbol>
      <symbol id="sm-499">
         <name>__aeabi_dadd</name>
         <value>0x292b</value>
         <object_component_ref idref="oc-388"/>
      </symbol>
      <symbol id="sm-4bb">
         <name>__aeabi_cdcmpeq</name>
         <value>0x3975</value>
         <object_component_ref idref="oc-2fc"/>
      </symbol>
      <symbol id="sm-4bc">
         <name>__aeabi_cdcmple</name>
         <value>0x3975</value>
         <object_component_ref idref="oc-2fc"/>
      </symbol>
      <symbol id="sm-4bd">
         <name>__aeabi_cdrcmple</name>
         <value>0x39fb</value>
         <object_component_ref idref="oc-3bc"/>
      </symbol>
      <symbol id="sm-4d1">
         <name>__aeabi_ddiv</name>
         <value>0x2edd</value>
         <object_component_ref idref="oc-38d"/>
      </symbol>
      <symbol id="sm-4dc">
         <name>__aeabi_dmul</name>
         <value>0x35a1</value>
         <object_component_ref idref="oc-383"/>
      </symbol>
      <symbol id="sm-4e6">
         <name>__aeabi_d2iz</name>
         <value>0x407d</value>
         <object_component_ref idref="oc-3c1"/>
      </symbol>
      <symbol id="sm-4f2">
         <name>__aeabi_d2f</name>
         <value>0x3be3</value>
         <object_component_ref idref="oc-2ba"/>
      </symbol>
      <symbol id="sm-4fc">
         <name>__aeabi_i2d</name>
         <value>0x42d3</value>
         <object_component_ref idref="oc-3cc"/>
      </symbol>
      <symbol id="sm-509">
         <name>__aeabi_uldivmod</name>
         <value>0x38df</value>
         <object_component_ref idref="oc-37a"/>
      </symbol>
      <symbol id="sm-531">
         <name>__TI_auto_init_nobinit_nopinit</name>
         <value>0x410d</value>
         <object_component_ref idref="oc-1aa"/>
      </symbol>
      <symbol id="sm-53b">
         <name>_system_pre_init</name>
         <value>0x45cf</value>
         <object_component_ref idref="oc-95"/>
      </symbol>
      <symbol id="sm-547">
         <name>C$$EXIT</name>
         <value>0x45d3</value>
         <object_component_ref idref="oc-19e"/>
      </symbol>
      <symbol id="sm-548">
         <name>abort</name>
         <value>0x45d3</value>
         <object_component_ref idref="oc-19e"/>
      </symbol>
      <symbol id="sm-558">
         <name>__TI_ltoa</name>
         <value>0x3ea3</value>
         <object_component_ref idref="oc-3c6"/>
      </symbol>
      <symbol id="sm-56f">
         <name>atoi</name>
         <value>0x4031</value>
         <object_component_ref idref="oc-2d4"/>
      </symbol>
      <symbol id="sm-57f">
         <name>memccpy</name>
         <value>0x4387</value>
         <object_component_ref idref="oc-319"/>
      </symbol>
      <symbol id="sm-58f">
         <name>strchr</name>
         <value>0x4491</value>
         <object_component_ref idref="oc-2e0"/>
      </symbol>
      <symbol id="sm-59d">
         <name>strcpy</name>
         <value>0x44bb</value>
         <object_component_ref idref="oc-2a2"/>
      </symbol>
      <symbol id="sm-5ab">
         <name>strlen</name>
         <value>0x44cf</value>
         <object_component_ref idref="oc-2ce"/>
      </symbol>
      <symbol id="sm-5ba">
         <name>strrchr</name>
         <value>0x4437</value>
         <object_component_ref idref="oc-2da"/>
      </symbol>
      <symbol id="sm-61a">
         <name>strtold</name>
         <value>0x1ea5</value>
         <object_component_ref idref="oc-2b4"/>
      </symbol>
      <symbol id="sm-61b">
         <name>strtod</name>
         <value>0x1ea5</value>
         <object_component_ref idref="oc-2b4"/>
      </symbol>
      <symbol id="sm-63f">
         <name>strtol</name>
         <value>0x3015</value>
         <object_component_ref idref="oc-2bf"/>
      </symbol>
      <symbol id="sm-665">
         <name>strtoll</name>
         <value>0x2575</value>
         <object_component_ref idref="oc-2c5"/>
      </symbol>
      <symbol id="sm-685">
         <name>strtoul</name>
         <value>0x3491</value>
         <object_component_ref idref="oc-2ae"/>
      </symbol>
      <symbol id="sm-6a8">
         <name>strtoull</name>
         <value>0x2c45</value>
         <object_component_ref idref="oc-2a8"/>
      </symbol>
      <symbol id="sm-6be">
         <name>__aeabi_errno_addr</name>
         <value>0x45a9</value>
         <object_component_ref idref="oc-325"/>
      </symbol>
      <symbol id="sm-6bf">
         <name>errno</name>
         <value>0x200004a8</value>
         <object_component_ref idref="oc-3fc"/>
      </symbol>
      <symbol id="sm-6c9">
         <name>copysign</name>
         <value>0x43bd</value>
         <object_component_ref idref="oc-42d"/>
      </symbol>
      <symbol id="sm-6ca">
         <name>copysignl</name>
         <value>0x43bd</value>
         <object_component_ref idref="oc-42d"/>
      </symbol>
      <symbol id="sm-6d4">
         <name>__aeabi_idiv0</name>
         <value>0x17cf</value>
         <object_component_ref idref="oc-420"/>
      </symbol>
      <symbol id="sm-6d5">
         <name>__aeabi_ldiv0</name>
         <value>0x17cf</value>
         <object_component_ref idref="oc-420"/>
      </symbol>
      <symbol id="sm-6de">
         <name>__aeabi_lmul</name>
         <value>0x441f</value>
         <object_component_ref idref="oc-375"/>
      </symbol>
      <symbol id="sm-737">
         <name>ADCProcessorTrigger</name>
         <value>0x43d7</value>
         <object_component_ref idref="oc-112"/>
      </symbol>
      <symbol id="sm-738">
         <name>ADCSequenceEnable</name>
         <value>0x4529</value>
         <object_component_ref idref="oc-169"/>
      </symbol>
      <symbol id="sm-739">
         <name>ADCSequenceConfigure</name>
         <value>0x3f49</value>
         <object_component_ref idref="oc-15d"/>
      </symbol>
      <symbol id="sm-73a">
         <name>ADCSequenceStepConfigure</name>
         <value>0x3a81</value>
         <object_component_ref idref="oc-163"/>
      </symbol>
      <symbol id="sm-73b">
         <name>ADCIntClear</name>
         <value>0x4579</value>
         <object_component_ref idref="oc-11e"/>
      </symbol>
      <symbol id="sm-73c">
         <name>ADCIntStatus</name>
         <value>0x42a5</value>
         <object_component_ref idref="oc-118"/>
      </symbol>
      <symbol id="sm-73d">
         <name>ADCSequenceDataGet</name>
         <value>0x434d</value>
         <object_component_ref idref="oc-124"/>
      </symbol>
      <symbol id="sm-79f">
         <name>GPIOPinConfigure</name>
         <value>0x3f99</value>
         <object_component_ref idref="oc-12a"/>
      </symbol>
      <symbol id="sm-7a0">
         <name>GPIOPinTypeADC</name>
         <value>0x444f</value>
         <object_component_ref idref="oc-157"/>
      </symbol>
      <symbol id="sm-7a1">
         <name>GPIOPinTypeGPIOInput</name>
         <value>0x4465</value>
         <object_component_ref idref="oc-14b"/>
      </symbol>
      <symbol id="sm-7a2">
         <name>GPIOPinTypeUART</name>
         <value>0x447b</value>
         <object_component_ref idref="oc-130"/>
      </symbol>
      <symbol id="sm-7a3">
         <name>GPIOPinTypeGPIOOutput</name>
         <value>0x43a3</value>
         <object_component_ref idref="oc-cf"/>
      </symbol>
      <symbol id="sm-7a4">
         <name>GPIOPinRead</name>
         <value>0x45b9</value>
         <object_component_ref idref="oc-f4"/>
      </symbol>
      <symbol id="sm-7a5">
         <name>GPIODirModeSet</name>
         <value>0x4301</value>
         <object_component_ref idref="oc-1e5"/>
      </symbol>
      <symbol id="sm-7a6">
         <name>GPIOPinWrite</name>
         <value>0x45bf</value>
         <object_component_ref idref="oc-d5"/>
      </symbol>
      <symbol id="sm-7a7">
         <name>GPIOPadConfigSet</name>
         <value>0x2ad9</value>
         <object_component_ref idref="oc-151"/>
      </symbol>
      <symbol id="sm-7e1">
         <name>IntEnable</name>
         <value>0x3c51</value>
         <object_component_ref idref="oc-187"/>
      </symbol>
      <symbol id="sm-7e2">
         <name>IntRegister</name>
         <value>0x4209</value>
         <object_component_ref idref="oc-253"/>
      </symbol>
      <symbol id="sm-7e3">
         <name>g_pfnRAMVectors</name>
         <value>0x20000000</value>
         <object_component_ref idref="oc-349"/>
      </symbol>
      <symbol id="sm-7e4">
         <name>IntMasterEnable</name>
         <value>0x4519</value>
         <object_component_ref idref="oc-18d"/>
      </symbol>
      <symbol id="sm-837">
         <name>SysCtlClockSet</name>
         <value>0x369d</value>
         <object_component_ref idref="oc-145"/>
      </symbol>
      <symbol id="sm-838">
         <name>SysCtlDelay</name>
         <value>0x45c5</value>
         <object_component_ref idref="oc-db"/>
      </symbol>
      <symbol id="sm-839">
         <name>SysCtlPeripheralEnable</name>
         <value>0x423d</value>
         <object_component_ref idref="oc-c9"/>
      </symbol>
      <symbol id="sm-83a">
         <name>SysCtlClockGet</name>
         <value>0x3269</value>
         <object_component_ref idref="oc-fa"/>
      </symbol>
      <symbol id="sm-895">
         <name>TimerLoadSet</name>
         <value>0x44e3</value>
         <object_component_ref idref="oc-175"/>
      </symbol>
      <symbol id="sm-896">
         <name>TimerIntRegister</name>
         <value>0x43ef</value>
         <object_component_ref idref="oc-17b"/>
      </symbol>
      <symbol id="sm-897">
         <name>TimerEnable</name>
         <value>0x4537</value>
         <object_component_ref idref="oc-193"/>
      </symbol>
      <symbol id="sm-898">
         <name>TimerIntEnable</name>
         <value>0x45a1</value>
         <object_component_ref idref="oc-181"/>
      </symbol>
      <symbol id="sm-899">
         <name>TimerConfigure</name>
         <value>0x3ded</value>
         <object_component_ref idref="oc-16f"/>
      </symbol>
      <symbol id="sm-89a">
         <name>TimerIntClear</name>
         <value>0x45cb</value>
         <object_component_ref idref="oc-10c"/>
      </symbol>
      <symbol id="sm-8d5">
         <name>UARTConfigSetExpClk</name>
         <value>0x40c5</value>
         <object_component_ref idref="oc-136"/>
      </symbol>
      <symbol id="sm-8d6">
         <name>UARTDisable</name>
         <value>0x432d</value>
         <object_component_ref idref="oc-23a"/>
      </symbol>
      <symbol id="sm-8d7">
         <name>UARTCharsAvail</name>
         <value>0x4545</value>
         <object_component_ref idref="oc-ee"/>
      </symbol>
      <symbol id="sm-8d8">
         <name>UARTCharPut</name>
         <value>0x458d</value>
         <object_component_ref idref="oc-e2"/>
      </symbol>
      <symbol id="sm-8d9">
         <name>UARTEnable</name>
         <value>0x44a7</value>
         <object_component_ref idref="oc-13c"/>
      </symbol>
      <symbol id="sm-8da">
         <name>UARTCharGet</name>
         <value>0x4583</value>
         <object_component_ref idref="oc-dc"/>
      </symbol>
      <symbol id="sm-8e4">
         <name>CPUcpsie</name>
         <value>0x4561</value>
         <object_component_ref idref="oc-260"/>
      </symbol>
      <symbol id="sm-8e5">
         <name>__TI_static_base__</name>
         <value>0x0</value>
      </symbol>
      <symbol id="sm-8e8">
         <name>__mpu_init</name>
         <value>0x0</value>
      </symbol>
      <symbol id="sm-8e9">
         <name>_system_post_cinit</name>
         <value>0x0</value>
      </symbol>
   </symbol_table>
   <title>Link successful</title>
</link_info>
