******************************************************************************
                  TI ARM Linker PC v20.2.5                     
******************************************************************************
>> Linked Wed Dec 17 00:03:37 2025

OUTPUT FILE NAME:   <13haftasonodev.out>
ENTRY POINT SYMBOL: "_c_int00_noargs"  address: 0000410d


MEMORY CONFIGURATION

         name            origin    length      used     unused   attr    fill
----------------------  --------  ---------  --------  --------  ----  --------
  FLASH                 00000000   00040000  00004840  0003b7c0  R  X
  SRAM                  20000000   00008000  00000494  00007b6c  RW X


SEGMENT ALLOCATION MAP

run origin  load origin   length   init length attrs members
----------  ----------- ---------- ----------- ----- -------
00000000    00000000    00004840   00004840    r-x
  00000000    00000000    0000026c   0000026c    r-- .intvecs
  0000026c    0000026c    000041f4   000041f4    r-x .text
  00004460    00004460    00000390   00000390    r-- .const
  000047f0    000047f0    00000050   00000050    r-- .cinit
20000000    20000000    00000498   00000000    rw-
  20000000    20000000    0000026c   00000000    rw- .vtable
  20000270    20000270    00000200   00000000    rw- .stack
  20000470    20000470    0000001c   00000000    rw- .data
  2000048c    2000048c    0000000c   00000000    rw- .bss


SECTION ALLOCATION MAP

 output                                  attributes/
section   page    origin      length       input sections
--------  ----  ----------  ----------   ----------------
.intvecs   0    00000000    0000026c     
                  00000000    0000026c     tm4c123gh6pm_startup_ccs.obj (.intvecs)

.text      0    0000026c    000041f4     
                  0000026c    00000b14     rtsv7M4_T_le_v4SPD16_eabi.lib : _scanfi.c.obj (.text:__TI_scanfi)
                  00000d80    00000a4e                                   : _printfi.c.obj (.text:__TI_printfi)
                  000017ce    00000002                                   : div0.asm.obj (.text)
                  000017d0    00000538     main.obj (.text)
                  00001d08    00000460     rtsv7M4_T_le_v4SPD16_eabi.lib : strtod.c.obj (.text:strtod)
                  00002168    00000270                                   : _printfi.c.obj (.text:_pconv_a)
                  000023d8    000001dc                                   : strtoll.c.obj (.text:strtoll)
                  000025b4    000001d0                                   : _printfi.c.obj (.text:_pconv_g)
                  00002784    000001b6                                   : fd_add_t2.asm.obj (.text)
                  0000293a    00000002     --HOLE-- [fill = 0]
                  0000293c    0000016c     driverlib.lib : gpio.obj (.text:GPIOPadConfigSet)
                  00002aa8    0000015c     rtsv7M4_T_le_v4SPD16_eabi.lib : strtoull.c.obj (.text:strtoull)
                  00002c04    0000013c                                   : _printfi.c.obj (.text:_pconv_e)
                  00002d40    00000136                                   : fd_div_t2.asm.obj (.text)
                  00002e76    00000002     --HOLE-- [fill = 0]
                  00002e78    00000130                                   : strtol.c.obj (.text:strtol)
                  00002fa8    00000124                                   : _printfi.c.obj (.text:fcvt)
                  000030cc    00000118     driverlib.lib : sysctl.obj (.text:SysCtlClockGet)
                  000031e4    00000110     rtsv7M4_T_le_v4SPD16_eabi.lib : s_scalbn.c.obj (.text:scalbn)
                  000032f4    00000110                                   : strtoul.c.obj (.text:strtoul)
                  00003404    000000fc                                   : fd_mul_t2.asm.obj (.text)
                  00003500    000000f4     driverlib.lib : sysctl.obj (.text:SysCtlClockSet)
                  000035f4    000000b1     rtsv7M4_T_le_v4SPD16_eabi.lib : _printfi.c.obj (.text:_ltostr)
                  000036a5    00000001     --HOLE-- [fill = 0]
                  000036a6    0000009c                                   : memcpy_t2.asm.obj (.text)
                  00003742    00000096                                   : ull_div_t2.asm.obj (.text)
                  000037d8    00000086                                   : fd_cmp_t2.asm.obj (.text:__aeabi_cdcmple)
                  0000385e    00000086                                   : fd_cmp_t2.asm.obj (.text:__aeabi_cdrcmple)
                  000038e4    0000007a     driverlib.lib : adc.obj (.text:ADCSequenceStepConfigure)
                  0000395e    0000007a     rtsv7M4_T_le_v4SPD16_eabi.lib : memset_t2.asm.obj (.text)
                  000039d8    0000006e                                   : _printfi.c.obj (.text:_mcpy)
                  00003a46    0000006e                                   : fd_tos_t2.asm.obj (.text)
                  00003ab4    00000068     driverlib.lib : interrupt.obj (.text:IntEnable)
                  00003b1c    00000068     rtsv7M4_T_le_v4SPD16_eabi.lib : sscanf.c.obj (.text:_chkmbc)
                  00003b84    00000068                                   : copy_decompress_lzss.c.obj (.text:decompress:lzss:__TI_decompress_lzss)
                  00003bec    00000064                                   : s_frexp.c.obj (.text:frexp)
                  00003c50    00000060     driverlib.lib : timer.obj (.text:TimerConfigure)
                  00003cb0    00000056     rtsv7M4_T_le_v4SPD16_eabi.lib : _printfi.c.obj (.text:_pconv_f)
                  00003d06    00000054                                   : _ltoa.c.obj (.text:__TI_ltoa)
                  00003d5a    00000052                                   : _printfi.c.obj (.text:_ecpy)
                  00003dac    0000004e     driverlib.lib : adc.obj (.text:ADCSequenceConfigure)
                  00003dfa    00000002     --HOLE-- [fill = 0]
                  00003dfc    0000004c                   : gpio.obj (.text:GPIOPinConfigure)
                  00003e48    0000004c                   : timer.obj (.text:_TimerIntNumberGet)
                  00003e94    0000004c     rtsv7M4_T_le_v4SPD16_eabi.lib : atoi.c.obj (.text:atoi)
                  00003ee0    00000048                                   : fd_toi_t2.asm.obj (.text)
                  00003f28    00000046     driverlib.lib : uart.obj (.text:UARTConfigSetExpClk)
                  00003f6e    00000002     --HOLE-- [fill = 0]
                  00003f70    00000044     rtsv7M4_T_le_v4SPD16_eabi.lib : autoinit.c.obj (.text:__TI_auto_init_nobinit_nopinit:__TI_auto_init_nobinit_nopinit)
                  00003fb4    00000040                                   : sprintf.c.obj (.text:sprintf)
                  00003ff4    0000003e                                   : _printfi.c.obj (.text:_fcpy)
                  00004032    00000002     --HOLE-- [fill = 0]
                  00004034    00000038     driverlib.lib : sysctl.obj (.text:SysCtlPeripheralReady)
                  0000406c    00000038     rtsv7M4_T_le_v4SPD16_eabi.lib : sscanf.c.obj (.text:sscanf)
                  000040a4    00000034     driverlib.lib : interrupt.obj (.text:IntRegister)
                  000040d8    00000034                   : sysctl.obj (.text:SysCtlPeripheralEnable)
                  0000410c    00000034     rtsv7M4_T_le_v4SPD16_eabi.lib : boot_cortex_m.c.obj (.text:_c_int00_noargs:_c_int00_noargs)
                  00004140    0000002e     driverlib.lib : adc.obj (.text:ADCIntStatus)
                  0000416e    0000002e     rtsv7M4_T_le_v4SPD16_eabi.lib : i_tofd_t2.asm.obj (.text)
                  0000419c    0000002c     driverlib.lib : gpio.obj (.text:GPIODirModeSet)
                  000041c8    00000020                   : uart.obj (.text:UARTDisable)
                  000041e8    0000001e                   : adc.obj (.text:ADCSequenceDataGet)
                  00004206    0000001c     rtsv7M4_T_le_v4SPD16_eabi.lib : copy_zero_init.c.obj (.text:decompress:ZI:__TI_zero_init_nomemset:__TI_zero_init_nomemset)
                  00004222    0000001c                                   : memccpy.c.obj (.text:memccpy)
                  0000423e    0000001a     driverlib.lib : gpio.obj (.text:GPIOPinTypeGPIOOutput)
                  00004258    0000001a     rtsv7M4_T_le_v4SPD16_eabi.lib : s_copysign.c.obj (.text:copysign)
                  00004272    00000018     driverlib.lib : adc.obj (.text:ADCProcessorTrigger)
                  0000428a    00000018                   : timer.obj (.text:TimerIntRegister)
                  000042a2    00000018     rtsv7M4_T_le_v4SPD16_eabi.lib : sprintf.c.obj (.text:_outs)
                  000042ba    00000018                                   : ll_mul_t2.asm.obj (.text)
                  000042d2    00000018                                   : strrchr.c.obj (.text:strrchr)
                  000042ea    00000016     driverlib.lib : gpio.obj (.text:GPIOPinTypeADC)
                  00004300    00000016                   : gpio.obj (.text:GPIOPinTypeUART)
                  00004316    00000016     rtsv7M4_T_le_v4SPD16_eabi.lib : strchr.c.obj (.text:strchr)
                  0000432c    00000014     driverlib.lib : uart.obj (.text:UARTEnable)
                  00004340    00000014     rtsv7M4_T_le_v4SPD16_eabi.lib : strcpy.c.obj (.text:strcpy)
                  00004354    00000014                                   : strlen.c.obj (.text:strlen)
                  00004368    00000012     driverlib.lib : timer.obj (.text:TimerLoadSet)
                  0000437a    00000012     rtsv7M4_T_le_v4SPD16_eabi.lib : sscanf.c.obj (.text:_inpchar)
                  0000438c    00000012                                   : wcslen.c.obj (.text:wcslen)
                  0000439e    00000010     driverlib.lib : interrupt.obj (.text:IntMasterEnable)
                  000043ae    00000002     --HOLE-- [fill = 0]
                  000043b0    00000010     rtsv7M4_T_le_v4SPD16_eabi.lib : isalpha.c.obj (.text:isalpha)
                  000043c0    0000000e     driverlib.lib : adc.obj (.text:ADCSequenceEnable)
                  000043ce    0000000e                   : timer.obj (.text:TimerEnable)
                  000043dc    0000000e                   : uart.obj (.text:UARTCharsAvail)
                  000043ea    0000000e     rtsv7M4_T_le_v4SPD16_eabi.lib : copy_decompress_none.c.obj (.text:decompress:none:__TI_decompress_none)
                  000043f8    0000000c     driverlib.lib : cpu.obj (.text:CPUcpsie)
                  00004404    0000000c     tm4c123gh6pm_startup_ccs.obj (.text)
                  00004410    0000000a     driverlib.lib : adc.obj (.text:ADCIntClear)
                  0000441a    0000000a                   : uart.obj (.text:UARTCharGet)
                  00004424    0000000a     rtsv7M4_T_le_v4SPD16_eabi.lib : sprintf.c.obj (.text:_outc)
                  0000442e    00000008     driverlib.lib : timer.obj (.text:TimerIntEnable)
                  00004436    00000002     --HOLE-- [fill = 0]
                  00004438    00000008     rtsv7M4_T_le_v4SPD16_eabi.lib : errno.c.obj (.text:__aeabi_errno_addr)
                  00004440    00000008                                   : sscanf.c.obj (.text:_uninpchar)
                  00004448    00000006     driverlib.lib : gpio.obj (.text:GPIOPinWrite)
                  0000444e    00000006                   : sysctl.obj (.text:SysCtlDelay)
                  00004454    00000004                   : timer.obj (.text:TimerIntClear)
                  00004458    00000004     rtsv7M4_T_le_v4SPD16_eabi.lib : pre_init.c.obj (.text:_system_pre_init)
                  0000445c    00000004                                   : exit.c.obj (.text:abort:abort)

.const     0    00004460    00000390     
                  00004460    00000101     rtsv7M4_T_le_v4SPD16_eabi.lib : ctype.c.obj (.const:.string:_ctypes_)
                  00004561    00000007     --HOLE-- [fill = 0]
                  00004568    000000c8                                   : strtod.c.obj (.const:$O1$$)
                  00004630    00000090     driverlib.lib : gpio.obj (.const:g_pui32GPIOBaseAddrs)
                  000046c0    0000006c                   : sysctl.obj (.const:g_pui32Xtals)
                  0000472c    00000060                   : timer.obj (.const:g_ppui32TimerIntMap)
                  0000478c    00000040                   : timer.obj (.const:g_ppui32TimerIntMapSnowflake)
                  000047cc    00000014                   : interrupt.obj (.const:g_pui32EnRegs)
                  000047e0    00000010     rtsv7M4_T_le_v4SPD16_eabi.lib : _scanfi.c.obj (.const:$O1$$)

.cinit     0    000047f0    00000050     
                  000047f0    00000019     (.cinit..data.load) [load image, compression = lzss]
                  00004809    00000003     --HOLE-- [fill = 0]
                  0000480c    0000000c     (__TI_handler_table)
                  00004818    00000008     (.cinit..bss.load) [load image, compression = zero_init]
                  00004820    00000008     (.cinit..vtable.load) [load image, compression = zero_init]
                  00004828    00000018     (__TI_cinit_table)

.init_array 
*          0    00000000    00000000     UNINITIALIZED

.vtable    0    20000000    0000026c     UNINITIALIZED
                  20000000    0000026c     driverlib.lib : interrupt.obj (.vtable)

.data      0    20000470    0000001c     UNINITIALIZED
                  20000470    00000018     main.obj (.data)
                  20000488    00000004     rtsv7M4_T_le_v4SPD16_eabi.lib : errno.c.obj (.data)

.bss       0    2000048c    0000000c     UNINITIALIZED
                  2000048c    0000000c     (.common:uart_buf)

.stack     0    20000270    00000200     UNINITIALIZED
                  20000270    00000004     rtsv7M4_T_le_v4SPD16_eabi.lib : boot_cortex_m.c.obj (.stack)
                  20000274    000001fc     --HOLE--

__llvm_prf_cnts 
*          0    20000000    00000000     UNINITIALIZED

MODULE SUMMARY

       Module                         code    ro data   rw data
       ------                         ----    -------   -------
    .\
       main.obj                       1336    0         36     
       tm4c123gh6pm_startup_ccs.obj   12      620       0      
    +--+------------------------------+-------+---------+---------+
       Total:                         1348    620       36     
                                                               
    C:/ti/TivaWare_C_Series-2.2.0.295/driverlib/ccs/Debug/driverlib.lib
       interrupt.obj                  172     20        620    
       sysctl.obj                     638     108       0      
       gpio.obj                       560     144       0      
       timer.obj                      240     160       0      
       adc.obj                        324     0         0      
       uart.obj                       146     0         0      
       cpu.obj                        12      0         0      
    +--+------------------------------+-------+---------+---------+
       Total:                         2092    432       620    
                                                               
    C:\ti\ccs1040\ccs\tools\compiler\ti-cgt-arm_20.2.5.LTS\lib\rtsv7M4_T_le_v4SPD16_eabi.lib
       _printfi.c.obj                 4851    0         0      
       _scanfi.c.obj                  2836    16        0      
       strtod.c.obj                   1120    200       0      
       strtoll.c.obj                  476     0         0      
       fd_add_t2.asm.obj              438     0         0      
       strtoull.c.obj                 348     0         0      
       fd_div_t2.asm.obj              310     0         0      
       strtol.c.obj                   304     0         0      
       s_scalbn.c.obj                 272     0         0      
       strtoul.c.obj                  272     0         0      
       fd_cmp_t2.asm.obj              268     0         0      
       ctype.c.obj                    0       257       0      
       fd_mul_t2.asm.obj              252     0         0      
       sscanf.c.obj                   186     0         0      
       memcpy_t2.asm.obj              156     0         0      
       ull_div_t2.asm.obj             150     0         0      
       memset_t2.asm.obj              122     0         0      
       fd_tos_t2.asm.obj              110     0         0      
       copy_decompress_lzss.c.obj     104     0         0      
       s_frexp.c.obj                  100     0         0      
       sprintf.c.obj                  98      0         0      
       _ltoa.c.obj                    84      0         0      
       atoi.c.obj                     76      0         0      
       fd_toi_t2.asm.obj              72      0         0      
       autoinit.c.obj                 68      0         0      
       boot_cortex_m.c.obj            52      0         0      
       i_tofd_t2.asm.obj              46      0         0      
       copy_zero_init.c.obj           28      0         0      
       memccpy.c.obj                  28      0         0      
       s_copysign.c.obj               26      0         0      
       ll_mul_t2.asm.obj              24      0         0      
       strrchr.c.obj                  24      0         0      
       strchr.c.obj                   22      0         0      
       strcpy.c.obj                   20      0         0      
       strlen.c.obj                   20      0         0      
       wcslen.c.obj                   18      0         0      
       isalpha.c.obj                  16      0         0      
       copy_decompress_none.c.obj     14      0         0      
       errno.c.obj                    8       0         4      
       exit.c.obj                     4       0         0      
       pre_init.c.obj                 4       0         0      
       div0.asm.obj                   2       0         0      
    +--+------------------------------+-------+---------+---------+
       Total:                         13429   473       4      
                                                               
       Stack:                         0       0         512    
       Linker Generated:              0       77        0      
    +--+------------------------------+-------+---------+---------+
       Grand Total:                   16869   1602      1172   


LINKER GENERATED COPY TABLES

__TI_cinit_table @ 00004828 records: 3, size/record: 8, table size: 24
	.data: load addr=000047f0, load size=00000019 bytes, run addr=20000470, run size=0000001c bytes, compression=lzss
	.bss: load addr=00004818, load size=00000008 bytes, run addr=2000048c, run size=0000000c bytes, compression=zero_init
	.vtable: load addr=00004820, load size=00000008 bytes, run addr=20000000, run size=0000026c bytes, compression=zero_init


LINKER GENERATED HANDLER TABLE

__TI_handler_table @ 0000480c records: 3, size/record: 4, table size: 12
	index: 0, handler: __TI_zero_init
	index: 1, handler: __TI_decompress_lzss
	index: 2, handler: __TI_decompress_none


GLOBAL SYMBOLS: SORTED ALPHABETICALLY BY Name 

address   name                          
-------   ----                          
00004411  ADCIntClear                   
00004141  ADCIntStatus                  
00004273  ADCProcessorTrigger           
00003dad  ADCSequenceConfigure          
000041e9  ADCSequenceDataGet            
000043c1  ADCSequenceEnable             
000038e5  ADCSequenceStepConfigure      
0000445d  C$$EXIT                       
000043f9  CPUcpsie                      
0000419d  GPIODirModeSet                
0000293d  GPIOPadConfigSet              
00003dfd  GPIOPinConfigure              
000042eb  GPIOPinTypeADC                
0000423f  GPIOPinTypeGPIOOutput         
00004301  GPIOPinTypeUART               
00004449  GPIOPinWrite                  
00003ab5  IntEnable                     
0000439f  IntMasterEnable               
000040a5  IntRegister                   
00004405  ResetISR                      
000030cd  SysCtlClockGet                
00003501  SysCtlClockSet                
0000444f  SysCtlDelay                   
000040d9  SysCtlPeripheralEnable        
00004035  SysCtlPeripheralReady         
00003c51  TimerConfigure                
000043cf  TimerEnable                   
00004455  TimerIntClear                 
0000442f  TimerIntEnable                
0000428b  TimerIntRegister              
00004369  TimerLoadSet                  
0000441b  UARTCharGet                   
000043dd  UARTCharsAvail                
00003f29  UARTConfigSetExpClk           
000041c9  UARTDisable                   
0000432d  UARTEnable                    
20000470  __STACK_END                   
00000200  __STACK_SIZE                  
20000470  __STACK_TOP                   
00004828  __TI_CINIT_Base               
00004840  __TI_CINIT_Limit              
0000480c  __TI_Handler_Table_Base       
00004818  __TI_Handler_Table_Limit      
00003f71  __TI_auto_init_nobinit_nopinit
00003b85  __TI_decompress_lzss          
000043eb  __TI_decompress_none          
00003d07  __TI_ltoa                     
ffffffff  __TI_pprof_out_hndl           
00000d81  __TI_printfi                  
ffffffff  __TI_prof_data_size           
ffffffff  __TI_prof_data_start          
0000026d  __TI_scanfi                   
00000000  __TI_static_base__            
00004207  __TI_zero_init_nomemset       
000037d9  __aeabi_cdcmpeq               
000037d9  __aeabi_cdcmple               
0000385f  __aeabi_cdrcmple              
00003a47  __aeabi_d2f                   
00003ee1  __aeabi_d2iz                  
0000278f  __aeabi_dadd                  
00002d41  __aeabi_ddiv                  
00003405  __aeabi_dmul                  
00002785  __aeabi_dsub                  
00004439  __aeabi_errno_addr            
0000416f  __aeabi_i2d                   
000017cf  __aeabi_idiv0                 
000017cf  __aeabi_ldiv0                 
000042bb  __aeabi_lmul                  
0000395f  __aeabi_memclr                
0000395f  __aeabi_memclr4               
0000395f  __aeabi_memclr8               
000036a7  __aeabi_memcpy                
000036a7  __aeabi_memcpy4               
000036a7  __aeabi_memcpy8               
00003961  __aeabi_memset                
00003961  __aeabi_memset4               
00003961  __aeabi_memset8               
00003743  __aeabi_uldivmod              
ffffffff  __binit__                     
ffffffff  __c_args__                    
UNDEFED   __mpu_init                    
20000270  __stack                       
20000000  __start___llvm_prf_cnts       
20000000  __stop___llvm_prf_cnts        
0000410d  _c_int00_noargs               
00004460  _ctypes_                      
UNDEFED   _system_post_cinit            
00004459  _system_pre_init              
0000445d  abort                         
00001a61  adc_init                      
00001a99  adc_oku                       
00003e95  atoi                          
ffffffff  binit                         
00004259  copysign                      
00004259  copysignl                     
20000474  dk                            
20000488  errno                         
00003bed  frexp                         
00003bed  frexpl                        
20000000  g_pfnRAMVectors               
00000000  g_pfnVectors                  
000043b1  isalpha                       
00001891  lcd_gotoxy                    
0000194d  lcd_gpio_init                 
000017d1  lcd_init                      
00001823  lcd_komut                     
00001853  lcd_yaz                       
000031e5  ldexp                         
000031e5  ldexpl                        
00001c55  main                          
00004223  memccpy                       
000036a7  memcpy                        
00003967  memset                        
20000470  sa                            
00001c07  saat_guncelle                 
000031e5  scalbn                        
000031e5  scalbnl                       
2000047c  sicaklik                      
20000478  sn                            
00003fb5  sprintf                       
0000406d  sscanf                        
00004317  strchr                        
00004341  strcpy                        
00004355  strlen                        
000042d3  strrchr                       
00001d09  strtod                        
00002e79  strtol                        
00001d09  strtold                       
000023d9  strtoll                       
000032f5  strtoul                       
00002aa9  strtoull                      
00001a13  timer_init                    
000019c5  timerkesme                    
2000048c  uart_buf                      
00001b05  uart_control                  
20000480  uart_index                    
00001971  uart_init                     
0000438d  wcslen                        


GLOBAL SYMBOLS: SORTED BY Symbol Address 

address   name                          
-------   ----                          
00000000  __TI_static_base__            
00000000  g_pfnVectors                  
00000200  __STACK_SIZE                  
0000026d  __TI_scanfi                   
00000d81  __TI_printfi                  
000017cf  __aeabi_idiv0                 
000017cf  __aeabi_ldiv0                 
000017d1  lcd_init                      
00001823  lcd_komut                     
00001853  lcd_yaz                       
00001891  lcd_gotoxy                    
0000194d  lcd_gpio_init                 
00001971  uart_init                     
000019c5  timerkesme                    
00001a13  timer_init                    
00001a61  adc_init                      
00001a99  adc_oku                       
00001b05  uart_control                  
00001c07  saat_guncelle                 
00001c55  main                          
00001d09  strtod                        
00001d09  strtold                       
000023d9  strtoll                       
00002785  __aeabi_dsub                  
0000278f  __aeabi_dadd                  
0000293d  GPIOPadConfigSet              
00002aa9  strtoull                      
00002d41  __aeabi_ddiv                  
00002e79  strtol                        
000030cd  SysCtlClockGet                
000031e5  ldexp                         
000031e5  ldexpl                        
000031e5  scalbn                        
000031e5  scalbnl                       
000032f5  strtoul                       
00003405  __aeabi_dmul                  
00003501  SysCtlClockSet                
000036a7  __aeabi_memcpy                
000036a7  __aeabi_memcpy4               
000036a7  __aeabi_memcpy8               
000036a7  memcpy                        
00003743  __aeabi_uldivmod              
000037d9  __aeabi_cdcmpeq               
000037d9  __aeabi_cdcmple               
0000385f  __aeabi_cdrcmple              
000038e5  ADCSequenceStepConfigure      
0000395f  __aeabi_memclr                
0000395f  __aeabi_memclr4               
0000395f  __aeabi_memclr8               
00003961  __aeabi_memset                
00003961  __aeabi_memset4               
00003961  __aeabi_memset8               
00003967  memset                        
00003a47  __aeabi_d2f                   
00003ab5  IntEnable                     
00003b85  __TI_decompress_lzss          
00003bed  frexp                         
00003bed  frexpl                        
00003c51  TimerConfigure                
00003d07  __TI_ltoa                     
00003dad  ADCSequenceConfigure          
00003dfd  GPIOPinConfigure              
00003e95  atoi                          
00003ee1  __aeabi_d2iz                  
00003f29  UARTConfigSetExpClk           
00003f71  __TI_auto_init_nobinit_nopinit
00003fb5  sprintf                       
00004035  SysCtlPeripheralReady         
0000406d  sscanf                        
000040a5  IntRegister                   
000040d9  SysCtlPeripheralEnable        
0000410d  _c_int00_noargs               
00004141  ADCIntStatus                  
0000416f  __aeabi_i2d                   
0000419d  GPIODirModeSet                
000041c9  UARTDisable                   
000041e9  ADCSequenceDataGet            
00004207  __TI_zero_init_nomemset       
00004223  memccpy                       
0000423f  GPIOPinTypeGPIOOutput         
00004259  copysign                      
00004259  copysignl                     
00004273  ADCProcessorTrigger           
0000428b  TimerIntRegister              
000042bb  __aeabi_lmul                  
000042d3  strrchr                       
000042eb  GPIOPinTypeADC                
00004301  GPIOPinTypeUART               
00004317  strchr                        
0000432d  UARTEnable                    
00004341  strcpy                        
00004355  strlen                        
00004369  TimerLoadSet                  
0000438d  wcslen                        
0000439f  IntMasterEnable               
000043b1  isalpha                       
000043c1  ADCSequenceEnable             
000043cf  TimerEnable                   
000043dd  UARTCharsAvail                
000043eb  __TI_decompress_none          
000043f9  CPUcpsie                      
00004405  ResetISR                      
00004411  ADCIntClear                   
0000441b  UARTCharGet                   
0000442f  TimerIntEnable                
00004439  __aeabi_errno_addr            
00004449  GPIOPinWrite                  
0000444f  SysCtlDelay                   
00004455  TimerIntClear                 
00004459  _system_pre_init              
0000445d  C$$EXIT                       
0000445d  abort                         
00004460  _ctypes_                      
0000480c  __TI_Handler_Table_Base       
00004818  __TI_Handler_Table_Limit      
00004828  __TI_CINIT_Base               
00004840  __TI_CINIT_Limit              
20000000  __start___llvm_prf_cnts       
20000000  __stop___llvm_prf_cnts        
20000000  g_pfnRAMVectors               
20000270  __stack                       
20000470  __STACK_END                   
20000470  __STACK_TOP                   
20000470  sa                            
20000474  dk                            
20000478  sn                            
2000047c  sicaklik                      
20000480  uart_index                    
20000488  errno                         
2000048c  uart_buf                      
ffffffff  __TI_pprof_out_hndl           
ffffffff  __TI_prof_data_size           
ffffffff  __TI_prof_data_start          
ffffffff  __binit__                     
ffffffff  __c_args__                    
ffffffff  binit                         
UNDEFED   __mpu_init                    
UNDEFED   _system_post_cinit            

[138 symbols]
